Java HotSpot(TM) 64-Bit Server VM (25.131-b11) for linux-amd64 JRE (1.8.0_131-b11), built on Mar 15 2017 01:23:40 by "java_re" with gcc 4.3.0 20080428 (Red Hat 4.3.0-8)
Memory: 4k page, physical 8176160k(6082740k free), swap 8385532k(8385532k free)
CommandLine flags: -XX:CMSInitiatingOccupancyFraction=50 -XX:CMSMaxAbortablePrecleanTime=6000 -XX:+CMSParallelRemarkEnabled -XX:+CMSScavengeBeforeRemark -XX:ConcGCThreads=4 -XX:GCLogFileSize=20971520 -XX:InitialHeapSize=536870912 -XX:MaxHeapSize=536870912 -XX:MaxTenuringThreshold=8 -XX:NewRatio=3 -XX:NumberOfGCLogFiles=9 -XX:OldPLABSize=16 -XX:-OmitStackTraceInFastThrow -XX:OnOutOfMemoryError=/home/obiii/Desktop/solr-6.6.0/bin/oom_solr.sh 8983 /home/obiii/Desktop/solr-6.6.0/server/logs -XX:ParallelGCThreads=4 -XX:+ParallelRefProcEnabled -XX:PretenureSizeThreshold=67108864 -XX:+PrintGC -XX:+PrintGCApplicationStoppedTime -XX:+PrintGCDateStamps -XX:+PrintGCDetails -XX:+PrintGCTimeStamps -XX:+PrintHeapAtGC -XX:+PrintTenuringDistribution -XX:SurvivorRatio=4 -XX:TargetSurvivorRatio=90 -XX:ThreadStackSize=256 -XX:+UseCMSInitiatingOccupancyOnly -XX:+UseCompressedClassPointers -XX:+UseCompressedOops -XX:+UseConcMarkSweepGC -XX:+UseGCLogFileRotation -XX:+UseParNewGC 
2017-07-28T09:55:20.602+0500: 0.217: Total time for which application threads were stopped: 0.0001048 seconds, Stopping threads took: 0.0000217 seconds
2017-07-28T09:55:20.873+0500: 0.488: Total time for which application threads were stopped: 0.0000877 seconds, Stopping threads took: 0.0000103 seconds
2017-07-28T09:55:21.654+0500: 1.269: Total time for which application threads were stopped: 0.0001740 seconds, Stopping threads took: 0.0000245 seconds
2017-07-28T09:55:22.087+0500: 1.702: Total time for which application threads were stopped: 0.0001204 seconds, Stopping threads took: 0.0000190 seconds
2017-07-28T09:55:22.311+0500: 1.925: Total time for which application threads were stopped: 0.0001495 seconds, Stopping threads took: 0.0000170 seconds
2017-07-28T09:55:22.362+0500: 1.976: Total time for which application threads were stopped: 0.0001707 seconds, Stopping threads took: 0.0000225 seconds
2017-07-28T09:55:22.813+0500: 2.428: Total time for which application threads were stopped: 0.0002097 seconds, Stopping threads took: 0.0000193 seconds
2017-07-28T09:55:23.814+0500: 3.429: Total time for which application threads were stopped: 0.0001119 seconds, Stopping threads took: 0.0000304 seconds
2017-07-28T09:55:23.840+0500: 3.455: Total time for which application threads were stopped: 0.0003206 seconds, Stopping threads took: 0.0000391 seconds
2017-07-28T09:55:24.257+0500: 3.872: Total time for which application threads were stopped: 0.0008192 seconds, Stopping threads took: 0.0000564 seconds
2017-07-28T09:55:24.481+0500: 4.095: Total time for which application threads were stopped: 0.0001550 seconds, Stopping threads took: 0.0000162 seconds
2017-07-28T09:55:25.141+0500: 4.756: Total time for which application threads were stopped: 0.0005493 seconds, Stopping threads took: 0.0000249 seconds
2017-07-28T09:55:25.142+0500: 4.757: Total time for which application threads were stopped: 0.0001385 seconds, Stopping threads took: 0.0000133 seconds
2017-07-28T09:55:25.169+0500: 4.784: Total time for which application threads were stopped: 0.0001761 seconds, Stopping threads took: 0.0000184 seconds
2017-07-28T09:55:25.203+0500: 4.818: Total time for which application threads were stopped: 0.0002493 seconds, Stopping threads took: 0.0000284 seconds
2017-07-28T09:55:25.479+0500: 5.094: Total time for which application threads were stopped: 0.0001312 seconds, Stopping threads took: 0.0000200 seconds
2017-07-28T09:55:25.571+0500: 5.186: Total time for which application threads were stopped: 0.0002025 seconds, Stopping threads took: 0.0000221 seconds
2017-07-28T09:55:25.934+0500: 5.549: Total time for which application threads were stopped: 0.0003975 seconds, Stopping threads took: 0.0000174 seconds
2017-07-28T09:55:26.264+0500: 5.878: Total time for which application threads were stopped: 0.0002455 seconds, Stopping threads took: 0.0000271 seconds
{Heap before GC invocations=0 (full 0):
 par new generation   total 109248K, used 87424K [0x00000000e0000000, 0x00000000e8000000, 0x00000000e8000000)
  eden space 87424K, 100% used [0x00000000e0000000, 0x00000000e5560000, 0x00000000e5560000)
  from space 21824K,   0% used [0x00000000e5560000, 0x00000000e5560000, 0x00000000e6ab0000)
  to   space 21824K,   0% used [0x00000000e6ab0000, 0x00000000e6ab0000, 0x00000000e8000000)
 concurrent mark-sweep generation total 393216K, used 0K [0x00000000e8000000, 0x0000000100000000, 0x0000000100000000)
 Metaspace       used 20051K, capacity 20520K, committed 20736K, reserved 1067008K
  class space    used 2367K, capacity 2534K, committed 2560K, reserved 1048576K
2017-07-28T09:55:26.636+0500: 6.250: [GC (Allocation Failure) 2017-07-28T09:55:26.636+0500: 6.250: [ParNew
Desired survivor size 20112992 bytes, new threshold 8 (max 8)
- age   1:   12843304 bytes,   12843304 total
: 87424K->12662K(109248K), 0.0513286 secs] 87424K->12662K(502464K), 0.0514354 secs] [Times: user=0.06 sys=0.00, real=0.05 secs] 
Heap after GC invocations=1 (full 0):
 par new generation   total 109248K, used 12662K [0x00000000e0000000, 0x00000000e8000000, 0x00000000e8000000)
  eden space 87424K,   0% used [0x00000000e0000000, 0x00000000e0000000, 0x00000000e5560000)
  from space 21824K,  58% used [0x00000000e6ab0000, 0x00000000e770da30, 0x00000000e8000000)
  to   space 21824K,   0% used [0x00000000e5560000, 0x00000000e5560000, 0x00000000e6ab0000)
 concurrent mark-sweep generation total 393216K, used 0K [0x00000000e8000000, 0x0000000100000000, 0x0000000100000000)
 Metaspace       used 20051K, capacity 20520K, committed 20736K, reserved 1067008K
  class space    used 2367K, capacity 2534K, committed 2560K, reserved 1048576K
}
2017-07-28T09:55:26.687+0500: 6.302: Total time for which application threads were stopped: 0.0547850 seconds, Stopping threads took: 0.0031800 seconds
2017-07-28T09:55:26.693+0500: 6.308: Total time for which application threads were stopped: 0.0001130 seconds, Stopping threads took: 0.0000235 seconds
2017-07-28T09:55:26.694+0500: 6.308: Total time for which application threads were stopped: 0.0001460 seconds, Stopping threads took: 0.0000076 seconds
2017-07-28T09:55:26.695+0500: 6.310: Total time for which application threads were stopped: 0.0000598 seconds, Stopping threads took: 0.0000126 seconds
2017-07-28T09:55:26.695+0500: 6.310: Total time for which application threads were stopped: 0.0000512 seconds, Stopping threads took: 0.0000181 seconds
2017-07-28T09:55:26.695+0500: 6.310: Total time for which application threads were stopped: 0.0000355 seconds, Stopping threads took: 0.0000068 seconds
2017-07-28T09:55:26.696+0500: 6.310: Total time for which application threads were stopped: 0.0000362 seconds, Stopping threads took: 0.0000071 seconds
2017-07-28T09:55:26.696+0500: 6.310: Total time for which application threads were stopped: 0.0000348 seconds, Stopping threads took: 0.0000066 seconds
2017-07-28T09:55:26.716+0500: 6.331: Total time for which application threads were stopped: 0.0001426 seconds, Stopping threads took: 0.0000249 seconds
2017-07-28T09:55:26.750+0500: 6.365: Total time for which application threads were stopped: 0.0001393 seconds, Stopping threads took: 0.0000284 seconds
2017-07-28T09:55:26.751+0500: 6.366: Total time for which application threads were stopped: 0.0000471 seconds, Stopping threads took: 0.0000059 seconds
2017-07-28T09:55:26.751+0500: 6.366: Total time for which application threads were stopped: 0.0000477 seconds, Stopping threads took: 0.0000053 seconds
2017-07-28T09:55:26.785+0500: 6.400: Total time for which application threads were stopped: 0.0002447 seconds, Stopping threads took: 0.0000246 seconds
2017-07-28T09:55:26.785+0500: 6.400: Total time for which application threads were stopped: 0.0000358 seconds, Stopping threads took: 0.0000065 seconds
2017-07-28T09:55:26.937+0500: 6.552: Total time for which application threads were stopped: 0.0001624 seconds, Stopping threads took: 0.0000219 seconds
2017-07-28T09:55:26.961+0500: 6.576: Total time for which application threads were stopped: 0.0000844 seconds, Stopping threads took: 0.0000148 seconds
2017-07-28T09:55:26.973+0500: 6.588: Total time for which application threads were stopped: 0.0001167 seconds, Stopping threads took: 0.0000226 seconds
2017-07-28T09:55:26.977+0500: 6.592: Total time for which application threads were stopped: 0.0001605 seconds, Stopping threads took: 0.0000914 seconds
2017-07-28T09:55:27.007+0500: 6.622: Total time for which application threads were stopped: 0.0002471 seconds, Stopping threads took: 0.0000522 seconds
2017-07-28T09:55:27.008+0500: 6.623: Total time for which application threads were stopped: 0.0002220 seconds, Stopping threads took: 0.0000594 seconds
2017-07-28T09:55:27.054+0500: 6.668: Total time for which application threads were stopped: 0.0002235 seconds, Stopping threads took: 0.0001081 seconds
2017-07-28T09:55:27.055+0500: 6.670: Total time for which application threads were stopped: 0.0000974 seconds, Stopping threads took: 0.0000191 seconds
2017-07-28T09:55:27.058+0500: 6.672: Total time for which application threads were stopped: 0.0001514 seconds, Stopping threads took: 0.0000353 seconds
2017-07-28T09:55:27.076+0500: 6.691: Total time for which application threads were stopped: 0.0065355 seconds, Stopping threads took: 0.0063075 seconds
2017-07-28T09:55:27.082+0500: 6.696: Total time for which application threads were stopped: 0.0000792 seconds, Stopping threads took: 0.0000268 seconds
2017-07-28T09:55:27.083+0500: 6.697: Total time for which application threads were stopped: 0.0000364 seconds, Stopping threads took: 0.0000116 seconds
2017-07-28T09:55:27.083+0500: 6.698: Total time for which application threads were stopped: 0.0000609 seconds, Stopping threads took: 0.0000127 seconds
2017-07-28T09:55:27.083+0500: 6.698: Total time for which application threads were stopped: 0.0000347 seconds, Stopping threads took: 0.0000077 seconds
2017-07-28T09:55:27.092+0500: 6.707: Total time for which application threads were stopped: 0.0000739 seconds, Stopping threads took: 0.0000165 seconds
2017-07-28T09:55:27.093+0500: 6.708: Total time for which application threads were stopped: 0.0001754 seconds, Stopping threads took: 0.0000196 seconds
2017-07-28T09:55:27.106+0500: 6.720: Total time for which application threads were stopped: 0.0000636 seconds, Stopping threads took: 0.0000233 seconds
2017-07-28T09:55:27.118+0500: 6.733: Total time for which application threads were stopped: 0.0000931 seconds, Stopping threads took: 0.0000277 seconds
2017-07-28T09:55:27.119+0500: 6.733: Total time for which application threads were stopped: 0.0000350 seconds, Stopping threads took: 0.0000091 seconds
2017-07-28T09:55:27.120+0500: 6.735: Total time for which application threads were stopped: 0.0000464 seconds, Stopping threads took: 0.0000116 seconds
2017-07-28T09:55:27.123+0500: 6.738: Total time for which application threads were stopped: 0.0000704 seconds, Stopping threads took: 0.0000126 seconds
2017-07-28T09:55:27.131+0500: 6.745: Total time for which application threads were stopped: 0.0002338 seconds, Stopping threads took: 0.0000304 seconds
2017-07-28T09:55:27.185+0500: 6.800: Total time for which application threads were stopped: 0.0000999 seconds, Stopping threads took: 0.0000313 seconds
2017-07-28T09:55:27.185+0500: 6.800: Total time for which application threads were stopped: 0.0000702 seconds, Stopping threads took: 0.0000098 seconds
2017-07-28T09:55:27.186+0500: 6.800: Total time for which application threads were stopped: 0.0000594 seconds, Stopping threads took: 0.0000105 seconds
2017-07-28T09:55:27.186+0500: 6.801: Total time for which application threads were stopped: 0.0000443 seconds, Stopping threads took: 0.0000075 seconds
2017-07-28T09:55:27.186+0500: 6.801: Total time for which application threads were stopped: 0.0000459 seconds, Stopping threads took: 0.0000048 seconds
2017-07-28T09:55:27.187+0500: 6.802: Total time for which application threads were stopped: 0.0000567 seconds, Stopping threads took: 0.0000090 seconds
2017-07-28T09:55:27.188+0500: 6.802: Total time for which application threads were stopped: 0.0000377 seconds, Stopping threads took: 0.0000078 seconds
2017-07-28T09:55:27.188+0500: 6.802: Total time for which application threads were stopped: 0.0000503 seconds, Stopping threads took: 0.0000197 seconds
2017-07-28T09:55:27.189+0500: 6.804: Total time for which application threads were stopped: 0.0000502 seconds, Stopping threads took: 0.0000108 seconds
2017-07-28T09:55:27.191+0500: 6.806: Total time for which application threads were stopped: 0.0000569 seconds, Stopping threads took: 0.0000096 seconds
2017-07-28T09:55:27.191+0500: 6.806: Total time for which application threads were stopped: 0.0000399 seconds, Stopping threads took: 0.0000074 seconds
2017-07-28T09:55:27.191+0500: 6.806: Total time for which application threads were stopped: 0.0000356 seconds, Stopping threads took: 0.0000041 seconds
2017-07-28T09:55:27.191+0500: 6.806: Total time for which application threads were stopped: 0.0000811 seconds, Stopping threads took: 0.0000054 seconds
2017-07-28T09:55:27.192+0500: 6.806: Total time for which application threads were stopped: 0.0000431 seconds, Stopping threads took: 0.0000063 seconds
2017-07-28T09:55:27.192+0500: 6.806: Total time for which application threads were stopped: 0.0000381 seconds, Stopping threads took: 0.0000053 seconds
2017-07-28T09:55:27.192+0500: 6.807: Total time for which application threads were stopped: 0.0000943 seconds, Stopping threads took: 0.0000049 seconds
2017-07-28T09:55:27.192+0500: 6.807: Total time for which application threads were stopped: 0.0000436 seconds, Stopping threads took: 0.0000053 seconds
2017-07-28T09:55:27.192+0500: 6.807: Total time for which application threads were stopped: 0.0000544 seconds, Stopping threads took: 0.0000075 seconds
2017-07-28T09:55:27.192+0500: 6.807: Total time for which application threads were stopped: 0.0000391 seconds, Stopping threads took: 0.0000047 seconds
2017-07-28T09:55:27.193+0500: 6.807: Total time for which application threads were stopped: 0.0000317 seconds, Stopping threads took: 0.0000036 seconds
2017-07-28T09:55:27.193+0500: 6.807: Total time for which application threads were stopped: 0.0000308 seconds, Stopping threads took: 0.0000033 seconds
2017-07-28T09:55:27.193+0500: 6.807: Total time for which application threads were stopped: 0.0000341 seconds, Stopping threads took: 0.0000044 seconds
2017-07-28T09:55:27.193+0500: 6.807: Total time for which application threads were stopped: 0.0000306 seconds, Stopping threads took: 0.0000034 seconds
2017-07-28T09:55:27.193+0500: 6.808: Total time for which application threads were stopped: 0.0000518 seconds, Stopping threads took: 0.0000075 seconds
2017-07-28T09:55:27.193+0500: 6.808: Total time for which application threads were stopped: 0.0000383 seconds, Stopping threads took: 0.0000051 seconds
2017-07-28T09:55:27.194+0500: 6.808: Total time for which application threads were stopped: 0.0000321 seconds, Stopping threads took: 0.0000036 seconds
2017-07-28T09:55:27.194+0500: 6.808: Total time for which application threads were stopped: 0.0000305 seconds, Stopping threads took: 0.0000035 seconds
2017-07-28T09:55:27.194+0500: 6.808: Total time for which application threads were stopped: 0.0000303 seconds, Stopping threads took: 0.0000033 seconds
2017-07-28T09:55:27.194+0500: 6.809: Total time for which application threads were stopped: 0.0000383 seconds, Stopping threads took: 0.0000059 seconds
2017-07-28T09:55:27.194+0500: 6.809: Total time for which application threads were stopped: 0.0000315 seconds, Stopping threads took: 0.0000036 seconds
2017-07-28T09:55:27.194+0500: 6.809: Total time for which application threads were stopped: 0.0000299 seconds, Stopping threads took: 0.0000034 seconds
2017-07-28T09:55:27.201+0500: 6.816: Total time for which application threads were stopped: 0.0001496 seconds, Stopping threads took: 0.0000192 seconds
2017-07-28T09:55:27.201+0500: 6.816: Total time for which application threads were stopped: 0.0000503 seconds, Stopping threads took: 0.0000106 seconds
2017-07-28T09:55:27.201+0500: 6.816: Total time for which application threads were stopped: 0.0000772 seconds, Stopping threads took: 0.0000351 seconds
2017-07-28T09:55:27.201+0500: 6.816: Total time for which application threads were stopped: 0.0000549 seconds, Stopping threads took: 0.0000091 seconds
2017-07-28T09:55:27.201+0500: 6.816: Total time for which application threads were stopped: 0.0000453 seconds, Stopping threads took: 0.0000092 seconds
2017-07-28T09:55:27.202+0500: 6.816: Total time for which application threads were stopped: 0.0000506 seconds, Stopping threads took: 0.0000106 seconds
2017-07-28T09:55:27.999+0500: 7.614: Total time for which application threads were stopped: 0.0001605 seconds, Stopping threads took: 0.0000227 seconds
2017-07-28T09:55:27.999+0500: 7.614: Total time for which application threads were stopped: 0.0000889 seconds, Stopping threads took: 0.0000142 seconds
2017-07-28T09:55:28.030+0500: 7.645: Total time for which application threads were stopped: 0.0000919 seconds, Stopping threads took: 0.0000340 seconds
2017-07-28T09:55:28.061+0500: 7.676: Total time for which application threads were stopped: 0.0000848 seconds, Stopping threads took: 0.0000230 seconds
2017-07-28T09:55:28.093+0500: 7.708: Total time for which application threads were stopped: 0.0002138 seconds, Stopping threads took: 0.0000720 seconds
2017-07-28T09:55:28.094+0500: 7.709: Total time for which application threads were stopped: 0.0003095 seconds, Stopping threads took: 0.0000195 seconds
2017-07-28T09:55:28.094+0500: 7.709: Total time for which application threads were stopped: 0.0001039 seconds, Stopping threads took: 0.0000179 seconds
2017-07-28T09:55:28.095+0500: 7.709: Total time for which application threads were stopped: 0.0000851 seconds, Stopping threads took: 0.0000162 seconds
2017-07-28T09:55:28.095+0500: 7.710: Total time for which application threads were stopped: 0.0001003 seconds, Stopping threads took: 0.0000172 seconds
2017-07-28T09:55:28.095+0500: 7.710: Total time for which application threads were stopped: 0.0001945 seconds, Stopping threads took: 0.0000131 seconds
2017-07-28T09:55:28.131+0500: 7.745: Total time for which application threads were stopped: 0.0002154 seconds, Stopping threads took: 0.0000577 seconds
2017-07-28T09:55:28.241+0500: 7.856: Total time for which application threads were stopped: 0.0000884 seconds, Stopping threads took: 0.0000207 seconds
2017-07-28T09:55:28.242+0500: 7.857: Total time for which application threads were stopped: 0.0000498 seconds, Stopping threads took: 0.0000159 seconds
2017-07-28T09:55:28.243+0500: 7.857: Total time for which application threads were stopped: 0.0000468 seconds, Stopping threads took: 0.0000134 seconds
2017-07-28T09:55:28.243+0500: 7.858: Total time for which application threads were stopped: 0.0000348 seconds, Stopping threads took: 0.0000070 seconds
2017-07-28T09:55:28.311+0500: 7.926: Total time for which application threads were stopped: 0.0000867 seconds, Stopping threads took: 0.0000305 seconds
2017-07-28T09:55:28.326+0500: 7.941: Total time for which application threads were stopped: 0.0040747 seconds, Stopping threads took: 0.0040006 seconds
2017-07-28T09:55:28.345+0500: 7.960: Total time for which application threads were stopped: 0.0001042 seconds, Stopping threads took: 0.0000290 seconds
2017-07-28T09:55:28.351+0500: 7.965: Total time for which application threads were stopped: 0.0000807 seconds, Stopping threads took: 0.0000215 seconds
2017-07-28T09:55:28.464+0500: 8.079: Total time for which application threads were stopped: 0.0000879 seconds, Stopping threads took: 0.0000303 seconds
2017-07-28T09:55:28.502+0500: 8.117: Total time for which application threads were stopped: 0.0000912 seconds, Stopping threads took: 0.0000367 seconds
2017-07-28T09:55:28.524+0500: 8.138: Total time for which application threads were stopped: 0.0000802 seconds, Stopping threads took: 0.0000206 seconds
2017-07-28T09:55:28.585+0500: 8.200: Total time for which application threads were stopped: 0.0003426 seconds, Stopping threads took: 0.0002933 seconds
2017-07-28T09:55:28.586+0500: 8.201: Total time for which application threads were stopped: 0.0002198 seconds, Stopping threads took: 0.0000078 seconds
2017-07-28T09:55:28.588+0500: 8.203: Total time for which application threads were stopped: 0.0000443 seconds, Stopping threads took: 0.0000093 seconds
{Heap before GC invocations=1 (full 0):
 par new generation   total 109248K, used 100086K [0x00000000e0000000, 0x00000000e8000000, 0x00000000e8000000)
  eden space 87424K, 100% used [0x00000000e0000000, 0x00000000e5560000, 0x00000000e5560000)
  from space 21824K,  58% used [0x00000000e6ab0000, 0x00000000e770da30, 0x00000000e8000000)
  to   space 21824K,   0% used [0x00000000e5560000, 0x00000000e5560000, 0x00000000e6ab0000)
 concurrent mark-sweep generation total 393216K, used 0K [0x00000000e8000000, 0x0000000100000000, 0x0000000100000000)
 Metaspace       used 22914K, capacity 23464K, committed 23620K, reserved 1071104K
  class space    used 2733K, capacity 2936K, committed 2968K, reserved 1048576K
2017-07-28T09:55:28.630+0500: 8.245: [GC (Allocation Failure) 2017-07-28T09:55:28.630+0500: 8.245: [ParNew
Desired survivor size 20112992 bytes, new threshold 8 (max 8)
- age   1:    5254984 bytes,    5254984 total
- age   2:    6326096 bytes,   11581080 total
: 100086K->14335K(109248K), 0.0352597 secs] 100086K->14335K(502464K), 0.0353535 secs] [Times: user=0.03 sys=0.00, real=0.04 secs] 
Heap after GC invocations=2 (full 0):
 par new generation   total 109248K, used 14335K [0x00000000e0000000, 0x00000000e8000000, 0x00000000e8000000)
  eden space 87424K,   0% used [0x00000000e0000000, 0x00000000e0000000, 0x00000000e5560000)
  from space 21824K,  65% used [0x00000000e5560000, 0x00000000e635fe78, 0x00000000e6ab0000)
  to   space 21824K,   0% used [0x00000000e6ab0000, 0x00000000e6ab0000, 0x00000000e8000000)
 concurrent mark-sweep generation total 393216K, used 0K [0x00000000e8000000, 0x0000000100000000, 0x0000000100000000)
 Metaspace       used 22914K, capacity 23464K, committed 23620K, reserved 1071104K
  class space    used 2733K, capacity 2936K, committed 2968K, reserved 1048576K
}
2017-07-28T09:55:28.665+0500: 8.280: Total time for which application threads were stopped: 0.0457505 seconds, Stopping threads took: 0.0102890 seconds
2017-07-28T09:55:28.680+0500: 8.295: [GC (CMS Initial Mark) [1 CMS-initial-mark: 0K(393216K)] 18890K(502464K), 0.0113650 secs] [Times: user=0.01 sys=0.00, real=0.01 secs] 
2017-07-28T09:55:28.692+0500: 8.306: Total time for which application threads were stopped: 0.0137211 seconds, Stopping threads took: 0.0022579 seconds
2017-07-28T09:55:28.694+0500: 8.309: [CMS-concurrent-mark-start]
2017-07-28T09:55:28.695+0500: 8.310: [CMS-concurrent-mark: 0.001/0.001 secs] [Times: user=0.00 sys=0.00, real=0.00 secs] 
2017-07-28T09:55:28.695+0500: 8.310: Total time for which application threads were stopped: 0.0003834 seconds, Stopping threads took: 0.0003492 seconds
2017-07-28T09:55:28.695+0500: 8.310: [CMS-concurrent-preclean-start]
2017-07-28T09:55:28.696+0500: 8.311: [CMS-concurrent-preclean: 0.001/0.001 secs] [Times: user=0.00 sys=0.00, real=0.00 secs] 
2017-07-28T09:55:28.696+0500: 8.311: [CMS-concurrent-abortable-preclean-start]
2017-07-28T09:55:28.731+0500: 8.346: Total time for which application threads were stopped: 0.0026069 seconds, Stopping threads took: 0.0025349 seconds
2017-07-28T09:55:28.731+0500: 8.346: Total time for which application threads were stopped: 0.0000283 seconds, Stopping threads took: 0.0000058 seconds
2017-07-28T09:55:28.790+0500: 8.405: Total time for which application threads were stopped: 0.0042697 seconds, Stopping threads took: 0.0041857 seconds
2017-07-28T09:55:28.790+0500: 8.405: Total time for which application threads were stopped: 0.0000257 seconds, Stopping threads took: 0.0000058 seconds
2017-07-28T09:55:28.816+0500: 8.430: Total time for which application threads were stopped: 0.0004603 seconds, Stopping threads took: 0.0000304 seconds
2017-07-28T09:55:28.819+0500: 8.434: Total time for which application threads were stopped: 0.0002747 seconds, Stopping threads took: 0.0001869 seconds
2017-07-28T09:55:28.819+0500: 8.434: Total time for which application threads were stopped: 0.0002250 seconds, Stopping threads took: 0.0000157 seconds
2017-07-28T09:55:28.819+0500: 8.434: Total time for which application threads were stopped: 0.0000838 seconds, Stopping threads took: 0.0000112 seconds
2017-07-28T09:55:28.820+0500: 8.434: Total time for which application threads were stopped: 0.0000750 seconds, Stopping threads took: 0.0000097 seconds
2017-07-28T09:55:28.820+0500: 8.434: Total time for which application threads were stopped: 0.0000667 seconds, Stopping threads took: 0.0000096 seconds
2017-07-28T09:55:29.108+0500: 8.723: [CMS-concurrent-abortable-preclean: 0.309/0.412 secs] [Times: user=0.30 sys=0.01, real=0.41 secs] 
2017-07-28T09:55:29.108+0500: 8.723: [GC (CMS Final Remark) [YG occupancy: 59407 K (109248 K)]{Heap before GC invocations=2 (full 1):
 par new generation   total 109248K, used 59407K [0x00000000e0000000, 0x00000000e8000000, 0x00000000e8000000)
  eden space 87424K,  51% used [0x00000000e0000000, 0x00000000e2c03ef8, 0x00000000e5560000)
  from space 21824K,  65% used [0x00000000e5560000, 0x00000000e635fe78, 0x00000000e6ab0000)
  to   space 21824K,   0% used [0x00000000e6ab0000, 0x00000000e6ab0000, 0x00000000e8000000)
 concurrent mark-sweep generation total 393216K, used 0K [0x00000000e8000000, 0x0000000100000000, 0x0000000100000000)
 Metaspace       used 23074K, capacity 23592K, committed 23876K, reserved 1071104K
  class space    used 2739K, capacity 2936K, committed 2968K, reserved 1048576K
2017-07-28T09:55:29.108+0500: 8.723: [GC (CMS Final Remark) 2017-07-28T09:55:29.108+0500: 8.723: [ParNew
Desired survivor size 20112992 bytes, new threshold 8 (max 8)
- age   1:     205304 bytes,     205304 total
- age   2:    2353352 bytes,    2558656 total
- age   3:    6206976 bytes,    8765632 total
: 59407K->10530K(109248K), 0.0522845 secs] 59407K->10530K(502464K), 0.0523288 secs] [Times: user=0.04 sys=0.00, real=0.05 secs] 
Heap after GC invocations=3 (full 1):
 par new generation   total 109248K, used 10530K [0x00000000e0000000, 0x00000000e8000000, 0x00000000e8000000)
  eden space 87424K,   0% used [0x00000000e0000000, 0x00000000e0000000, 0x00000000e5560000)
  from space 21824K,  48% used [0x00000000e6ab0000, 0x00000000e74f88c0, 0x00000000e8000000)
  to   space 21824K,   0% used [0x00000000e5560000, 0x00000000e5560000, 0x00000000e6ab0000)
 concurrent mark-sweep generation total 393216K, used 0K [0x00000000e8000000, 0x0000000100000000, 0x0000000100000000)
 Metaspace       used 23074K, capacity 23592K, committed 23876K, reserved 1071104K
  class space    used 2739K, capacity 2936K, committed 2968K, reserved 1048576K
}
2017-07-28T09:55:29.160+0500: 8.775: [Rescan (parallel) , 0.0368831 secs]2017-07-28T09:55:29.197+0500: 8.812: [weak refs processing, 0.0030219 secs]2017-07-28T09:55:29.200+0500: 8.815: [class unloading, 0.0028811 secs]2017-07-28T09:55:29.203+0500: 8.818: [scrub symbol table, 0.0026966 secs]2017-07-28T09:55:29.206+0500: 8.821: [scrub string table, 0.0005287 secs][1 CMS-remark: 0K(393216K)] 10530K(502464K), 0.1016282 secs] [Times: user=0.08 sys=0.00, real=0.10 secs] 
2017-07-28T09:55:29.210+0500: 8.824: Total time for which application threads were stopped: 0.1017630 seconds, Stopping threads took: 0.0000200 seconds
2017-07-28T09:55:29.210+0500: 8.825: [CMS-concurrent-sweep-start]
2017-07-28T09:55:29.210+0500: 8.825: [CMS-concurrent-sweep: 0.000/0.000 secs] [Times: user=0.00 sys=0.00, real=0.00 secs] 
2017-07-28T09:55:29.210+0500: 8.825: [CMS-concurrent-reset-start]
2017-07-28T09:55:29.212+0500: 8.826: [CMS-concurrent-reset: 0.002/0.002 secs] [Times: user=0.00 sys=0.00, real=0.00 secs] 
2017-07-28T09:55:29.594+0500: 9.209: Total time for which application threads were stopped: 0.0002808 seconds, Stopping threads took: 0.0001323 seconds
2017-07-28T09:55:29.925+0500: 9.540: Total time for which application threads were stopped: 0.0003831 seconds, Stopping threads took: 0.0002883 seconds
2017-07-28T09:55:30.892+0500: 10.507: Total time for which application threads were stopped: 0.0000844 seconds, Stopping threads took: 0.0000200 seconds
{Heap before GC invocations=3 (full 1):
 par new generation   total 109248K, used 97954K [0x00000000e0000000, 0x00000000e8000000, 0x00000000e8000000)
  eden space 87424K, 100% used [0x00000000e0000000, 0x00000000e5560000, 0x00000000e5560000)
  from space 21824K,  48% used [0x00000000e6ab0000, 0x00000000e74f88c0, 0x00000000e8000000)
  to   space 21824K,   0% used [0x00000000e5560000, 0x00000000e5560000, 0x00000000e6ab0000)
 concurrent mark-sweep generation total 393216K, used 0K [0x00000000e8000000, 0x0000000100000000, 0x0000000100000000)
 Metaspace       used 23698K, capacity 24280K, committed 24516K, reserved 1071104K
  class space    used 2823K, capacity 3016K, committed 3096K, reserved 1048576K
2017-07-28T09:55:31.009+0500: 10.624: [GC (Allocation Failure) 2017-07-28T09:55:31.010+0500: 10.624: [ParNew
Desired survivor size 20112992 bytes, new threshold 8 (max 8)
- age   1:    3174384 bytes,    3174384 total
- age   2:      99024 bytes,    3273408 total
- age   3:    2312032 bytes,    5585440 total
- age   4:    6205232 bytes,   11790672 total
: 97954K->13579K(109248K), 0.0303552 secs] 97954K->13579K(502464K), 0.0307476 secs] [Times: user=0.03 sys=0.00, real=0.03 secs] 
Heap after GC invocations=4 (full 1):
 par new generation   total 109248K, used 13579K [0x00000000e0000000, 0x00000000e8000000, 0x00000000e8000000)
  eden space 87424K,   0% used [0x00000000e0000000, 0x00000000e0000000, 0x00000000e5560000)
  from space 21824K,  62% used [0x00000000e5560000, 0x00000000e62a2c20, 0x00000000e6ab0000)
  to   space 21824K,   0% used [0x00000000e6ab0000, 0x00000000e6ab0000, 0x00000000e8000000)
 concurrent mark-sweep generation total 393216K, used 0K [0x00000000e8000000, 0x0000000100000000, 0x0000000100000000)
 Metaspace       used 23698K, capacity 24280K, committed 24516K, reserved 1071104K
  class space    used 2823K, capacity 3016K, committed 3096K, reserved 1048576K
}
2017-07-28T09:55:31.040+0500: 10.655: Total time for which application threads were stopped: 0.0335941 seconds, Stopping threads took: 0.0027025 seconds
{Heap before GC invocations=4 (full 1):
 par new generation   total 109248K, used 101003K [0x00000000e0000000, 0x00000000e8000000, 0x00000000e8000000)
  eden space 87424K, 100% used [0x00000000e0000000, 0x00000000e5560000, 0x00000000e5560000)
  from space 21824K,  62% used [0x00000000e5560000, 0x00000000e62a2c20, 0x00000000e6ab0000)
  to   space 21824K,   0% used [0x00000000e6ab0000, 0x00000000e6ab0000, 0x00000000e8000000)
 concurrent mark-sweep generation total 393216K, used 0K [0x00000000e8000000, 0x0000000100000000, 0x0000000100000000)
 Metaspace       used 23877K, capacity 24440K, committed 24772K, reserved 1071104K
  class space    used 2850K, capacity 3048K, committed 3096K, reserved 1048576K
2017-07-28T09:55:31.154+0500: 10.768: [GC (Allocation Failure) 2017-07-28T09:55:31.154+0500: 10.768: [ParNew
Desired survivor size 20112992 bytes, new threshold 8 (max 8)
- age   1:    1275784 bytes,    1275784 total
- age   2:    2519736 bytes,    3795520 total
- age   3:      97464 bytes,    3892984 total
- age   4:    2311728 bytes,    6204712 total
- age   5:    6204928 bytes,   12409640 total
: 101003K->19073K(109248K), 0.0274891 secs] 101003K->19073K(502464K), 0.0275527 secs] [Times: user=0.03 sys=0.00, real=0.02 secs] 
Heap after GC invocations=5 (full 1):
 par new generation   total 109248K, used 19073K [0x00000000e0000000, 0x00000000e8000000, 0x00000000e8000000)
  eden space 87424K,   0% used [0x00000000e0000000, 0x00000000e0000000, 0x00000000e5560000)
  from space 21824K,  87% used [0x00000000e6ab0000, 0x00000000e7d50490, 0x00000000e8000000)
  to   space 21824K,   0% used [0x00000000e5560000, 0x00000000e5560000, 0x00000000e6ab0000)
 concurrent mark-sweep generation total 393216K, used 0K [0x00000000e8000000, 0x0000000100000000, 0x0000000100000000)
 Metaspace       used 23877K, capacity 24440K, committed 24772K, reserved 1071104K
  class space    used 2850K, capacity 3048K, committed 3096K, reserved 1048576K
}
2017-07-28T09:55:31.181+0500: 10.796: Total time for which application threads were stopped: 0.0278299 seconds, Stopping threads took: 0.0001584 seconds
2017-07-28T09:55:31.299+0500: 10.914: Total time for which application threads were stopped: 0.0000798 seconds, Stopping threads took: 0.0000238 seconds
2017-07-28T09:55:31.300+0500: 10.914: Total time for which application threads were stopped: 0.0000269 seconds, Stopping threads took: 0.0000078 seconds
2017-07-28T09:55:31.300+0500: 10.914: Total time for which application threads were stopped: 0.0000319 seconds, Stopping threads took: 0.0000091 seconds
2017-07-28T09:55:31.308+0500: 10.923: Total time for which application threads were stopped: 0.0000725 seconds, Stopping threads took: 0.0000212 seconds
2017-07-28T09:55:31.308+0500: 10.923: Total time for which application threads were stopped: 0.0000291 seconds, Stopping threads took: 0.0000083 seconds
2017-07-28T09:55:31.308+0500: 10.923: Total time for which application threads were stopped: 0.0000266 seconds, Stopping threads took: 0.0000074 seconds
2017-07-28T09:55:31.308+0500: 10.923: Total time for which application threads were stopped: 0.0000257 seconds, Stopping threads took: 0.0000070 seconds
2017-07-28T09:55:31.308+0500: 10.923: Total time for which application threads were stopped: 0.0000271 seconds, Stopping threads took: 0.0000076 seconds
2017-07-28T09:55:31.308+0500: 10.923: Total time for which application threads were stopped: 0.0000257 seconds, Stopping threads took: 0.0000070 seconds
2017-07-28T09:55:31.308+0500: 10.923: Total time for which application threads were stopped: 0.0000256 seconds, Stopping threads took: 0.0000071 seconds
2017-07-28T09:55:31.309+0500: 10.923: Total time for which application threads were stopped: 0.0000257 seconds, Stopping threads took: 0.0000072 seconds
2017-07-28T09:55:31.319+0500: 10.934: Total time for which application threads were stopped: 0.0000820 seconds, Stopping threads took: 0.0000257 seconds
2017-07-28T09:55:32.154+0500: 11.769: Total time for which application threads were stopped: 0.0001155 seconds, Stopping threads took: 0.0000242 seconds
2017-07-28T09:55:32.154+0500: 11.769: Total time for which application threads were stopped: 0.0000514 seconds, Stopping threads took: 0.0000109 seconds
2017-07-28T09:55:32.154+0500: 11.769: Total time for which application threads were stopped: 0.0000898 seconds, Stopping threads took: 0.0000212 seconds
2017-07-28T09:55:32.217+0500: 11.832: Total time for which application threads were stopped: 0.0001315 seconds, Stopping threads took: 0.0000449 seconds
2017-07-28T09:55:32.285+0500: 11.900: Total time for which application threads were stopped: 0.0133499 seconds, Stopping threads took: 0.0132674 seconds
{Heap before GC invocations=5 (full 1):
 par new generation   total 109248K, used 106497K [0x00000000e0000000, 0x00000000e8000000, 0x00000000e8000000)
  eden space 87424K, 100% used [0x00000000e0000000, 0x00000000e5560000, 0x00000000e5560000)
  from space 21824K,  87% used [0x00000000e6ab0000, 0x00000000e7d50490, 0x00000000e8000000)
  to   space 21824K,   0% used [0x00000000e5560000, 0x00000000e5560000, 0x00000000e6ab0000)
 concurrent mark-sweep generation total 393216K, used 0K [0x00000000e8000000, 0x0000000100000000, 0x0000000100000000)
 Metaspace       used 24540K, capacity 25154K, committed 25412K, reserved 1071104K
  class space    used 2938K, capacity 3151K, committed 3224K, reserved 1048576K
2017-07-28T09:55:32.296+0500: 11.910: [GC (Allocation Failure) 2017-07-28T09:55:32.296+0500: 11.910: [ParNew
Desired survivor size 20112992 bytes, new threshold 8 (max 8)
- age   1:    1511208 bytes,    1511208 total
- age   2:      81984 bytes,    1593192 total
- age   3:    2519736 bytes,    4112928 total
- age   4:      97464 bytes,    4210392 total
- age   5:    2310936 bytes,    6521328 total
- age   6:    6204160 bytes,   12725488 total
: 106497K->15824K(109248K), 0.0670053 secs] 106497K->15824K(502464K), 0.0670563 secs] [Times: user=0.03 sys=0.00, real=0.07 secs] 
Heap after GC invocations=6 (full 1):
 par new generation   total 109248K, used 15824K [0x00000000e0000000, 0x00000000e8000000, 0x00000000e8000000)
  eden space 87424K,   0% used [0x00000000e0000000, 0x00000000e0000000, 0x00000000e5560000)
  from space 21824K,  72% used [0x00000000e5560000, 0x00000000e64d4278, 0x00000000e6ab0000)
  to   space 21824K,   0% used [0x00000000e6ab0000, 0x00000000e6ab0000, 0x00000000e8000000)
 concurrent mark-sweep generation total 393216K, used 0K [0x00000000e8000000, 0x0000000100000000, 0x0000000100000000)
 Metaspace       used 24540K, capacity 25154K, committed 25412K, reserved 1071104K
  class space    used 2938K, capacity 3151K, committed 3224K, reserved 1048576K
}
2017-07-28T09:55:32.363+0500: 11.978: Total time for which application threads were stopped: 0.0732820 seconds, Stopping threads took: 0.0060897 seconds
2017-07-28T09:55:32.410+0500: 12.025: Total time for which application threads were stopped: 0.0129576 seconds, Stopping threads took: 0.0128480 seconds
2017-07-28T09:55:33.425+0500: 13.040: Total time for which application threads were stopped: 0.0073599 seconds, Stopping threads took: 0.0072687 seconds
{Heap before GC invocations=6 (full 1):
 par new generation   total 109248K, used 103248K [0x00000000e0000000, 0x00000000e8000000, 0x00000000e8000000)
  eden space 87424K, 100% used [0x00000000e0000000, 0x00000000e5560000, 0x00000000e5560000)
  from space 21824K,  72% used [0x00000000e5560000, 0x00000000e64d4278, 0x00000000e6ab0000)
  to   space 21824K,   0% used [0x00000000e6ab0000, 0x00000000e6ab0000, 0x00000000e8000000)
 concurrent mark-sweep generation total 393216K, used 0K [0x00000000e8000000, 0x0000000100000000, 0x0000000100000000)
 Metaspace       used 24648K, capacity 25218K, committed 25412K, reserved 1071104K
  class space    used 2950K, capacity 3151K, committed 3224K, reserved 1048576K
2017-07-28T09:55:33.459+0500: 13.074: [GC (Allocation Failure) 2017-07-28T09:55:33.459+0500: 13.074: [ParNew
Desired survivor size 20112992 bytes, new threshold 8 (max 8)
- age   1:    1110504 bytes,    1110504 total
- age   2:     311256 bytes,    1421760 total
- age   3:      81280 bytes,    1503040 total
- age   4:    2519000 bytes,    4022040 total
- age   5:      97336 bytes,    4119376 total
- age   6:    2294776 bytes,    6414152 total
- age   7:    6193152 bytes,   12607304 total
: 103248K->16138K(109248K), 0.0332749 secs] 103248K->16138K(502464K), 0.0333442 secs] [Times: user=0.03 sys=0.00, real=0.03 secs] 
Heap after GC invocations=7 (full 1):
 par new generation   total 109248K, used 16138K [0x00000000e0000000, 0x00000000e8000000, 0x00000000e8000000)
  eden space 87424K,   0% used [0x00000000e0000000, 0x00000000e0000000, 0x00000000e5560000)
  from space 21824K,  73% used [0x00000000e6ab0000, 0x00000000e7a72a60, 0x00000000e8000000)
  to   space 21824K,   0% used [0x00000000e5560000, 0x00000000e5560000, 0x00000000e6ab0000)
 concurrent mark-sweep generation total 393216K, used 0K [0x00000000e8000000, 0x0000000100000000, 0x0000000100000000)
 Metaspace       used 24648K, capacity 25218K, committed 25412K, reserved 1071104K
  class space    used 2950K, capacity 3151K, committed 3224K, reserved 1048576K
}
2017-07-28T09:55:33.492+0500: 13.107: Total time for which application threads were stopped: 0.0341905 seconds, Stopping threads took: 0.0007328 seconds
{Heap before GC invocations=7 (full 1):
 par new generation   total 109248K, used 103562K [0x00000000e0000000, 0x00000000e8000000, 0x00000000e8000000)
  eden space 87424K, 100% used [0x00000000e0000000, 0x00000000e5560000, 0x00000000e5560000)
  from space 21824K,  73% used [0x00000000e6ab0000, 0x00000000e7a72a60, 0x00000000e8000000)
  to   space 21824K,   0% used [0x00000000e5560000, 0x00000000e5560000, 0x00000000e6ab0000)
 concurrent mark-sweep generation total 393216K, used 0K [0x00000000e8000000, 0x0000000100000000, 0x0000000100000000)
 Metaspace       used 24790K, capacity 25384K, committed 25668K, reserved 1071104K
  class space    used 2973K, capacity 3184K, committed 3224K, reserved 1048576K
2017-07-28T09:55:34.403+0500: 14.018: [GC (Allocation Failure) 2017-07-28T09:55:34.403+0500: 14.018: [ParNew
Desired survivor size 20112992 bytes, new threshold 8 (max 8)
- age   1:     931184 bytes,     931184 total
- age   2:     129120 bytes,    1060304 total
- age   3:     310320 bytes,    1370624 total
- age   4:      81280 bytes,    1451904 total
- age   5:    2518888 bytes,    3970792 total
- age   6:      97336 bytes,    4068128 total
- age   7:    2294504 bytes,    6362632 total
- age   8:    6193152 bytes,   12555784 total
: 103562K->14613K(109248K), 0.0281009 secs] 103562K->14613K(502464K), 0.0281904 secs] [Times: user=0.02 sys=0.00, real=0.02 secs] 
Heap after GC invocations=8 (full 1):
 par new generation   total 109248K, used 14613K [0x00000000e0000000, 0x00000000e8000000, 0x00000000e8000000)
  eden space 87424K,   0% used [0x00000000e0000000, 0x00000000e0000000, 0x00000000e5560000)
  from space 21824K,  66% used [0x00000000e5560000, 0x00000000e63a55c0, 0x00000000e6ab0000)
  to   space 21824K,   0% used [0x00000000e6ab0000, 0x00000000e6ab0000, 0x00000000e8000000)
 concurrent mark-sweep generation total 393216K, used 0K [0x00000000e8000000, 0x0000000100000000, 0x0000000100000000)
 Metaspace       used 24790K, capacity 25384K, committed 25668K, reserved 1071104K
  class space    used 2973K, capacity 3184K, committed 3224K, reserved 1048576K
}
2017-07-28T09:55:34.431+0500: 14.046: Total time for which application threads were stopped: 0.0284155 seconds, Stopping threads took: 0.0000394 seconds
2017-07-28T09:55:34.540+0500: 14.155: Total time for which application threads were stopped: 0.0021076 seconds, Stopping threads took: 0.0020259 seconds
2017-07-28T09:55:34.541+0500: 14.155: Total time for which application threads were stopped: 0.0000432 seconds, Stopping threads took: 0.0000072 seconds
2017-07-28T09:55:34.690+0500: 14.304: Total time for which application threads were stopped: 0.0015929 seconds, Stopping threads took: 0.0013061 seconds
2017-07-28T09:55:34.696+0500: 14.311: Total time for which application threads were stopped: 0.0000728 seconds, Stopping threads took: 0.0000217 seconds
2017-07-28T09:55:34.708+0500: 14.323: Total time for which application threads were stopped: 0.0045641 seconds, Stopping threads took: 0.0045134 seconds
2017-07-28T09:55:34.724+0500: 14.339: Total time for which application threads were stopped: 0.0060429 seconds, Stopping threads took: 0.0059767 seconds
{Heap before GC invocations=8 (full 1):
 par new generation   total 109248K, used 102037K [0x00000000e0000000, 0x00000000e8000000, 0x00000000e8000000)
  eden space 87424K, 100% used [0x00000000e0000000, 0x00000000e5560000, 0x00000000e5560000)
  from space 21824K,  66% used [0x00000000e5560000, 0x00000000e63a55c0, 0x00000000e6ab0000)
  to   space 21824K,   0% used [0x00000000e6ab0000, 0x00000000e6ab0000, 0x00000000e8000000)
 concurrent mark-sweep generation total 393216K, used 0K [0x00000000e8000000, 0x0000000100000000, 0x0000000100000000)
 Metaspace       used 26062K, capacity 26602K, committed 26904K, reserved 1073152K
  class space    used 3118K, capacity 3313K, committed 3352K, reserved 1048576K
2017-07-28T09:55:34.953+0500: 14.568: [GC (Allocation Failure) 2017-07-28T09:55:34.953+0500: 14.568: [ParNew
Desired survivor size 20112992 bytes, new threshold 8 (max 8)
- age   1:    2356584 bytes,    2356584 total
- age   2:     111728 bytes,    2468312 total
- age   3:     128184 bytes,    2596496 total
- age   4:     302608 bytes,    2899104 total
- age   5:      79832 bytes,    2978936 total
- age   6:    2515800 bytes,    5494736 total
- age   7:      97336 bytes,    5592072 total
- age   8:    2288904 bytes,    7880976 total
: 102037K->13778K(109248K), 0.0669566 secs] 102037K->20476K(502464K), 0.0670156 secs] [Times: user=0.06 sys=0.00, real=0.07 secs] 
Heap after GC invocations=9 (full 1):
 par new generation   total 109248K, used 13778K [0x00000000e0000000, 0x00000000e8000000, 0x00000000e8000000)
  eden space 87424K,   0% used [0x00000000e0000000, 0x00000000e0000000, 0x00000000e5560000)
  from space 21824K,  63% used [0x00000000e6ab0000, 0x00000000e7824a38, 0x00000000e8000000)
  to   space 21824K,   0% used [0x00000000e5560000, 0x00000000e5560000, 0x00000000e6ab0000)
 concurrent mark-sweep generation total 393216K, used 6697K [0x00000000e8000000, 0x0000000100000000, 0x0000000100000000)
 Metaspace       used 26062K, capacity 26602K, committed 26904K, reserved 1073152K
  class space    used 3118K, capacity 3313K, committed 3352K, reserved 1048576K
}
2017-07-28T09:55:35.020+0500: 14.635: Total time for which application threads were stopped: 0.0691675 seconds, Stopping threads took: 0.0020169 seconds
2017-07-28T09:55:35.215+0500: 14.830: Total time for which application threads were stopped: 0.0033317 seconds, Stopping threads took: 0.0032541 seconds
2017-07-28T09:55:35.323+0500: 14.938: Total time for which application threads were stopped: 0.0020787 seconds, Stopping threads took: 0.0020181 seconds
2017-07-28T09:55:35.359+0500: 14.974: Total time for which application threads were stopped: 0.0000890 seconds, Stopping threads took: 0.0000184 seconds
2017-07-28T09:55:35.398+0500: 15.013: Total time for which application threads were stopped: 0.0058962 seconds, Stopping threads took: 0.0054848 seconds
2017-07-28T09:55:35.404+0500: 15.019: Total time for which application threads were stopped: 0.0000928 seconds, Stopping threads took: 0.0000326 seconds
2017-07-28T09:55:35.485+0500: 15.100: Total time for which application threads were stopped: 0.0003179 seconds, Stopping threads took: 0.0000166 seconds
2017-07-28T09:55:35.590+0500: 15.205: Total time for which application threads were stopped: 0.0004761 seconds, Stopping threads took: 0.0004144 seconds
2017-07-28T09:55:35.622+0500: 15.237: Total time for which application threads were stopped: 0.0089654 seconds, Stopping threads took: 0.0088910 seconds
2017-07-28T09:55:35.625+0500: 15.239: Total time for which application threads were stopped: 0.0000738 seconds, Stopping threads took: 0.0000207 seconds
2017-07-28T09:55:35.631+0500: 15.245: Total time for which application threads were stopped: 0.0000852 seconds, Stopping threads took: 0.0000284 seconds
2017-07-28T09:55:36.049+0500: 15.663: Total time for which application threads were stopped: 0.0001101 seconds, Stopping threads took: 0.0000288 seconds
2017-07-28T09:55:36.049+0500: 15.663: Total time for which application threads were stopped: 0.0000291 seconds, Stopping threads took: 0.0000089 seconds
2017-07-28T09:55:36.181+0500: 15.796: Total time for which application threads were stopped: 0.0000838 seconds, Stopping threads took: 0.0000217 seconds
2017-07-28T09:55:36.219+0500: 15.834: Total time for which application threads were stopped: 0.0001105 seconds, Stopping threads took: 0.0000179 seconds
2017-07-28T09:55:36.282+0500: 15.897: Total time for which application threads were stopped: 0.0001875 seconds, Stopping threads took: 0.0000166 seconds
2017-07-28T09:55:36.284+0500: 15.899: Total time for which application threads were stopped: 0.0004557 seconds, Stopping threads took: 0.0003661 seconds
{Heap before GC invocations=9 (full 1):
 par new generation   total 109248K, used 101202K [0x00000000e0000000, 0x00000000e8000000, 0x00000000e8000000)
  eden space 87424K, 100% used [0x00000000e0000000, 0x00000000e5560000, 0x00000000e5560000)
  from space 21824K,  63% used [0x00000000e6ab0000, 0x00000000e7824a38, 0x00000000e8000000)
  to   space 21824K,   0% used [0x00000000e5560000, 0x00000000e5560000, 0x00000000e6ab0000)
 concurrent mark-sweep generation total 393216K, used 6697K [0x00000000e8000000, 0x0000000100000000, 0x0000000100000000)
 Metaspace       used 29119K, capacity 29854K, committed 29976K, reserved 1075200K
  class space    used 3520K, capacity 3763K, committed 3864K, reserved 1048576K
2017-07-28T09:55:36.380+0500: 15.995: [GC (Allocation Failure) 2017-07-28T09:55:36.380+0500: 15.995: [ParNew
Desired survivor size 20112992 bytes, new threshold 8 (max 8)
- age   1:    5413168 bytes,    5413168 total
- age   2:     477800 bytes,    5890968 total
- age   3:     111632 bytes,    6002600 total
- age   4:     127464 bytes,    6130064 total
- age   5:     302360 bytes,    6432424 total
- age   6:      79544 bytes,    6511968 total
- age   7:     316576 bytes,    6828544 total
- age   8:      95576 bytes,    6924120 total
: 101202K->8189K(109248K), 0.0294894 secs] 107900K->17200K(502464K), 0.0295649 secs] [Times: user=0.03 sys=0.00, real=0.03 secs] 
Heap after GC invocations=10 (full 1):
 par new generation   total 109248K, used 8189K [0x00000000e0000000, 0x00000000e8000000, 0x00000000e8000000)
  eden space 87424K,   0% used [0x00000000e0000000, 0x00000000e0000000, 0x00000000e5560000)
  from space 21824K,  37% used [0x00000000e5560000, 0x00000000e5d5f678, 0x00000000e6ab0000)
  to   space 21824K,   0% used [0x00000000e6ab0000, 0x00000000e6ab0000, 0x00000000e8000000)
 concurrent mark-sweep generation total 393216K, used 9011K [0x00000000e8000000, 0x0000000100000000, 0x0000000100000000)
 Metaspace       used 29119K, capacity 29854K, committed 29976K, reserved 1075200K
  class space    used 3520K, capacity 3763K, committed 3864K, reserved 1048576K
}
2017-07-28T09:55:36.410+0500: 16.024: Total time for which application threads were stopped: 0.0321641 seconds, Stopping threads took: 0.0024652 seconds
2017-07-28T09:55:36.509+0500: 16.124: Total time for which application threads were stopped: 0.0000874 seconds, Stopping threads took: 0.0000262 seconds
2017-07-28T09:55:36.513+0500: 16.127: Total time for which application threads were stopped: 0.0000583 seconds, Stopping threads took: 0.0000162 seconds
2017-07-28T09:55:37.513+0500: 17.128: Total time for which application threads were stopped: 0.0000927 seconds, Stopping threads took: 0.0000250 seconds
2017-07-28T09:55:37.592+0500: 17.207: Total time for which application threads were stopped: 0.0001283 seconds, Stopping threads took: 0.0000217 seconds
2017-07-28T09:55:37.592+0500: 17.207: Total time for which application threads were stopped: 0.0000337 seconds, Stopping threads took: 0.0000110 seconds
2017-07-28T09:55:37.680+0500: 17.295: Total time for which application threads were stopped: 0.0181132 seconds, Stopping threads took: 0.0180036 seconds
2017-07-28T09:55:37.692+0500: 17.307: Total time for which application threads were stopped: 0.0017158 seconds, Stopping threads took: 0.0016463 seconds
2017-07-28T09:55:37.708+0500: 17.323: Total time for which application threads were stopped: 0.0156729 seconds, Stopping threads took: 0.0062390 seconds
2017-07-28T09:55:37.737+0500: 17.351: Total time for which application threads were stopped: 0.0004173 seconds, Stopping threads took: 0.0000177 seconds
2017-07-28T09:55:37.746+0500: 17.361: Total time for which application threads were stopped: 0.0002285 seconds, Stopping threads took: 0.0001571 seconds
2017-07-28T09:55:37.790+0500: 17.405: Total time for which application threads were stopped: 0.0001786 seconds, Stopping threads took: 0.0001036 seconds
2017-07-28T09:55:37.880+0500: 17.495: Total time for which application threads were stopped: 0.0001370 seconds, Stopping threads took: 0.0000388 seconds
2017-07-28T09:55:37.934+0500: 17.549: Total time for which application threads were stopped: 0.0000832 seconds, Stopping threads took: 0.0000168 seconds
2017-07-28T09:55:37.998+0500: 17.613: Total time for which application threads were stopped: 0.0125149 seconds, Stopping threads took: 0.0124285 seconds
2017-07-28T09:55:38.122+0500: 17.737: Total time for which application threads were stopped: 0.0002249 seconds, Stopping threads took: 0.0001508 seconds
2017-07-28T09:55:38.192+0500: 17.807: Total time for which application threads were stopped: 0.0004086 seconds, Stopping threads took: 0.0000274 seconds
2017-07-28T09:55:38.199+0500: 17.814: Total time for which application threads were stopped: 0.0001104 seconds, Stopping threads took: 0.0000241 seconds
2017-07-28T09:55:38.215+0500: 17.829: Total time for which application threads were stopped: 0.0003473 seconds, Stopping threads took: 0.0000257 seconds
2017-07-28T09:55:38.273+0500: 17.888: Total time for which application threads were stopped: 0.0030097 seconds, Stopping threads took: 0.0029166 seconds
2017-07-28T09:55:38.337+0500: 17.951: Total time for which application threads were stopped: 0.0150025 seconds, Stopping threads took: 0.0147993 seconds
2017-07-28T09:55:38.339+0500: 17.954: Total time for which application threads were stopped: 0.0005741 seconds, Stopping threads took: 0.0000376 seconds
2017-07-28T09:55:38.366+0500: 17.980: Total time for which application threads were stopped: 0.0002512 seconds, Stopping threads took: 0.0001416 seconds
2017-07-28T09:55:38.469+0500: 18.084: Total time for which application threads were stopped: 0.0055283 seconds, Stopping threads took: 0.0054208 seconds
2017-07-28T09:55:38.651+0500: 18.266: Total time for which application threads were stopped: 0.0002415 seconds, Stopping threads took: 0.0001697 seconds
2017-07-28T09:55:38.652+0500: 18.267: Total time for which application threads were stopped: 0.0000564 seconds, Stopping threads took: 0.0000095 seconds
2017-07-28T09:55:38.652+0500: 18.267: Total time for which application threads were stopped: 0.0000391 seconds, Stopping threads took: 0.0000063 seconds
2017-07-28T09:55:38.653+0500: 18.268: Total time for which application threads were stopped: 0.0000497 seconds, Stopping threads took: 0.0000076 seconds
2017-07-28T09:55:38.717+0500: 18.332: Total time for which application threads were stopped: 0.0051928 seconds, Stopping threads took: 0.0051269 seconds
2017-07-28T09:55:38.718+0500: 18.333: Total time for which application threads were stopped: 0.0000589 seconds, Stopping threads took: 0.0000108 seconds
2017-07-28T09:55:38.726+0500: 18.341: Total time for which application threads were stopped: 0.0000906 seconds, Stopping threads took: 0.0000232 seconds
2017-07-28T09:55:38.751+0500: 18.366: Total time for which application threads were stopped: 0.0064353 seconds, Stopping threads took: 0.0063642 seconds
2017-07-28T09:55:38.774+0500: 18.388: Total time for which application threads were stopped: 0.0003011 seconds, Stopping threads took: 0.0002389 seconds
2017-07-28T09:55:38.786+0500: 18.400: Total time for which application threads were stopped: 0.0000747 seconds, Stopping threads took: 0.0000225 seconds
2017-07-28T09:55:38.794+0500: 18.408: Total time for which application threads were stopped: 0.0000915 seconds, Stopping threads took: 0.0000226 seconds
2017-07-28T09:55:38.861+0500: 18.476: Total time for which application threads were stopped: 0.0001088 seconds, Stopping threads took: 0.0000259 seconds
{Heap before GC invocations=10 (full 1):
 par new generation   total 109248K, used 95613K [0x00000000e0000000, 0x00000000e8000000, 0x00000000e8000000)
  eden space 87424K, 100% used [0x00000000e0000000, 0x00000000e5560000, 0x00000000e5560000)
  from space 21824K,  37% used [0x00000000e5560000, 0x00000000e5d5f678, 0x00000000e6ab0000)
  to   space 21824K,   0% used [0x00000000e6ab0000, 0x00000000e6ab0000, 0x00000000e8000000)
 concurrent mark-sweep generation total 393216K, used 9011K [0x00000000e8000000, 0x0000000100000000, 0x0000000100000000)
 Metaspace       used 31945K, capacity 32692K, committed 32792K, reserved 1077248K
  class space    used 3853K, capacity 4088K, committed 4120K, reserved 1048576K
2017-07-28T09:55:38.922+0500: 18.536: [GC (Allocation Failure) 2017-07-28T09:55:38.922+0500: 18.536: [ParNew
Desired survivor size 20112992 bytes, new threshold 8 (max 8)
- age   1:   12602368 bytes,   12602368 total
- age   2:    2587792 bytes,   15190160 total
- age   3:     476520 bytes,   15666680 total
- age   4:     111408 bytes,   15778088 total
- age   5:     105944 bytes,   15884032 total
- age   6:     301400 bytes,   16185432 total
- age   7:      78968 bytes,   16264400 total
- age   8:     314616 bytes,   16579016 total
: 95613K->18724K(109248K), 0.0780735 secs] 104624K->27830K(502464K), 0.0781376 secs] [Times: user=0.04 sys=0.00, real=0.08 secs] 
Heap after GC invocations=11 (full 1):
 par new generation   total 109248K, used 18724K [0x00000000e0000000, 0x00000000e8000000, 0x00000000e8000000)
  eden space 87424K,   0% used [0x00000000e0000000, 0x00000000e0000000, 0x00000000e5560000)
  from space 21824K,  85% used [0x00000000e6ab0000, 0x00000000e7cf9020, 0x00000000e8000000)
  to   space 21824K,   0% used [0x00000000e5560000, 0x00000000e5560000, 0x00000000e6ab0000)
 concurrent mark-sweep generation total 393216K, used 9106K [0x00000000e8000000, 0x0000000100000000, 0x0000000100000000)
 Metaspace       used 31945K, capacity 32692K, committed 32792K, reserved 1077248K
  class space    used 3853K, capacity 4088K, committed 4120K, reserved 1048576K
}
2017-07-28T09:55:39.000+0500: 18.615: Total time for which application threads were stopped: 0.0782847 seconds, Stopping threads took: 0.0000276 seconds
2017-07-28T09:55:39.018+0500: 18.633: Total time for which application threads were stopped: 0.0038389 seconds, Stopping threads took: 0.0037565 seconds
2017-07-28T09:55:39.021+0500: 18.635: Total time for which application threads were stopped: 0.0000862 seconds, Stopping threads took: 0.0000269 seconds
2017-07-28T09:55:39.021+0500: 18.635: Total time for which application threads were stopped: 0.0000411 seconds, Stopping threads took: 0.0000042 seconds
2017-07-28T09:55:39.024+0500: 18.638: Total time for which application threads were stopped: 0.0001039 seconds, Stopping threads took: 0.0000419 seconds
2017-07-28T09:55:39.024+0500: 18.638: Total time for which application threads were stopped: 0.0000368 seconds, Stopping threads took: 0.0000045 seconds
2017-07-28T09:55:39.024+0500: 18.638: Total time for which application threads were stopped: 0.0000340 seconds, Stopping threads took: 0.0000039 seconds
2017-07-28T09:55:39.024+0500: 18.638: Total time for which application threads were stopped: 0.0000268 seconds, Stopping threads took: 0.0000037 seconds
2017-07-28T09:55:39.024+0500: 18.639: Total time for which application threads were stopped: 0.0000253 seconds, Stopping threads took: 0.0000034 seconds
2017-07-28T09:55:39.024+0500: 18.639: Total time for which application threads were stopped: 0.0000251 seconds, Stopping threads took: 0.0000034 seconds
2017-07-28T09:55:39.024+0500: 18.639: Total time for which application threads were stopped: 0.0000249 seconds, Stopping threads took: 0.0000035 seconds
2017-07-28T09:55:39.024+0500: 18.639: Total time for which application threads were stopped: 0.0000278 seconds, Stopping threads took: 0.0000034 seconds
2017-07-28T09:55:39.024+0500: 18.639: Total time for which application threads were stopped: 0.0000278 seconds, Stopping threads took: 0.0000034 seconds
2017-07-28T09:55:39.024+0500: 18.639: Total time for which application threads were stopped: 0.0000277 seconds, Stopping threads took: 0.0000035 seconds
2017-07-28T09:55:39.024+0500: 18.639: Total time for which application threads were stopped: 0.0000275 seconds, Stopping threads took: 0.0000034 seconds
2017-07-28T09:55:39.024+0500: 18.639: Total time for which application threads were stopped: 0.0000276 seconds, Stopping threads took: 0.0000034 seconds
2017-07-28T09:55:39.024+0500: 18.639: Total time for which application threads were stopped: 0.0000274 seconds, Stopping threads took: 0.0000035 seconds
2017-07-28T09:55:39.024+0500: 18.639: Total time for which application threads were stopped: 0.0000974 seconds, Stopping threads took: 0.0000035 seconds
2017-07-28T09:55:39.024+0500: 18.639: Total time for which application threads were stopped: 0.0000349 seconds, Stopping threads took: 0.0000054 seconds
2017-07-28T09:55:39.024+0500: 18.639: Total time for which application threads were stopped: 0.0000340 seconds, Stopping threads took: 0.0000035 seconds
2017-07-28T09:55:39.025+0500: 18.639: Total time for which application threads were stopped: 0.0000288 seconds, Stopping threads took: 0.0000036 seconds
2017-07-28T09:55:39.025+0500: 18.639: Total time for which application threads were stopped: 0.0000256 seconds, Stopping threads took: 0.0000036 seconds
2017-07-28T09:55:39.025+0500: 18.639: Total time for which application threads were stopped: 0.0000497 seconds, Stopping threads took: 0.0000037 seconds
2017-07-28T09:55:39.067+0500: 18.681: Total time for which application threads were stopped: 0.0031645 seconds, Stopping threads took: 0.0030919 seconds
{Heap before GC invocations=11 (full 1):
 par new generation   total 109248K, used 106148K [0x00000000e0000000, 0x00000000e8000000, 0x00000000e8000000)
  eden space 87424K, 100% used [0x00000000e0000000, 0x00000000e5560000, 0x00000000e5560000)
  from space 21824K,  85% used [0x00000000e6ab0000, 0x00000000e7cf9020, 0x00000000e8000000)
  to   space 21824K,   0% used [0x00000000e5560000, 0x00000000e5560000, 0x00000000e6ab0000)
 concurrent mark-sweep generation total 393216K, used 9106K [0x00000000e8000000, 0x0000000100000000, 0x0000000100000000)
 Metaspace       used 31986K, capacity 32762K, committed 33048K, reserved 1079296K
  class space    used 3853K, capacity 4089K, committed 4120K, reserved 1048576K
2017-07-28T09:55:39.917+0500: 19.531: [GC (Allocation Failure) 2017-07-28T09:55:39.917+0500: 19.531: [ParNew
Desired survivor size 20112992 bytes, new threshold 8 (max 8)
- age   1:    2347824 bytes,    2347824 total
- age   2:    8933656 bytes,   11281480 total
- age   3:    2400296 bytes,   13681776 total
- age   4:     476520 bytes,   14158296 total
- age   5:     111408 bytes,   14269704 total
- age   6:     105944 bytes,   14375648 total
- age   7:     301400 bytes,   14677048 total
- age   8:      78968 bytes,   14756016 total
: 106148K->21824K(109248K), 0.0967800 secs] 115254K->31243K(502464K), 0.0968561 secs] [Times: user=0.05 sys=0.00, real=0.10 secs] 
Heap after GC invocations=12 (full 1):
 par new generation   total 109248K, used 21824K [0x00000000e0000000, 0x00000000e8000000, 0x00000000e8000000)
  eden space 87424K,   0% used [0x00000000e0000000, 0x00000000e0000000, 0x00000000e5560000)
  from space 21824K, 100% used [0x00000000e5560000, 0x00000000e6ab0000, 0x00000000e6ab0000)
  to   space 21824K,   0% used [0x00000000e6ab0000, 0x00000000e6ab0000, 0x00000000e8000000)
 concurrent mark-sweep generation total 393216K, used 9419K [0x00000000e8000000, 0x0000000100000000, 0x0000000100000000)
 Metaspace       used 31986K, capacity 32762K, committed 33048K, reserved 1079296K
  class space    used 3853K, capacity 4089K, committed 4120K, reserved 1048576K
}
2017-07-28T09:55:40.014+0500: 19.628: Total time for which application threads were stopped: 0.1051630 seconds, Stopping threads took: 0.0081493 seconds
{Heap before GC invocations=12 (full 1):
 par new generation   total 109248K, used 109248K [0x00000000e0000000, 0x00000000e8000000, 0x00000000e8000000)
  eden space 87424K, 100% used [0x00000000e0000000, 0x00000000e5560000, 0x00000000e5560000)
  from space 21824K, 100% used [0x00000000e5560000, 0x00000000e6ab0000, 0x00000000e6ab0000)
  to   space 21824K,   0% used [0x00000000e6ab0000, 0x00000000e6ab0000, 0x00000000e8000000)
 concurrent mark-sweep generation total 393216K, used 9419K [0x00000000e8000000, 0x0000000100000000, 0x0000000100000000)
 Metaspace       used 32020K, capacity 32862K, committed 33048K, reserved 1079296K
  class space    used 3857K, capacity 4095K, committed 4120K, reserved 1048576K
2017-07-28T09:55:40.129+0500: 19.744: [GC (Allocation Failure) 2017-07-28T09:55:40.129+0500: 19.744: [ParNew
Desired survivor size 20112992 bytes, new threshold 8 (max 8)
- age   1:     528408 bytes,     528408 total
- age   2:    2044176 bytes,    2572584 total
- age   3:    8563832 bytes,   11136416 total
- age   4:    2400296 bytes,   13536712 total
- age   5:     476520 bytes,   14013232 total
- age   6:     111408 bytes,   14124640 total
- age   7:     105944 bytes,   14230584 total
- age   8:     301400 bytes,   14531984 total
: 109248K->15813K(109248K), 0.0824700 secs] 118667K->25313K(502464K), 0.0825413 secs] [Times: user=0.04 sys=0.00, real=0.08 secs] 
Heap after GC invocations=13 (full 1):
 par new generation   total 109248K, used 15813K [0x00000000e0000000, 0x00000000e8000000, 0x00000000e8000000)
  eden space 87424K,   0% used [0x00000000e0000000, 0x00000000e0000000, 0x00000000e5560000)
  from space 21824K,  72% used [0x00000000e6ab0000, 0x00000000e7a21718, 0x00000000e8000000)
  to   space 21824K,   0% used [0x00000000e5560000, 0x00000000e5560000, 0x00000000e6ab0000)
 concurrent mark-sweep generation total 393216K, used 9500K [0x00000000e8000000, 0x0000000100000000, 0x0000000100000000)
 Metaspace       used 32020K, capacity 32862K, committed 33048K, reserved 1079296K
  class space    used 3857K, capacity 4095K, committed 4120K, reserved 1048576K
}
2017-07-28T09:55:40.212+0500: 19.827: Total time for which application threads were stopped: 0.0903988 seconds, Stopping threads took: 0.0077132 seconds
{Heap before GC invocations=13 (full 1):
 par new generation   total 109248K, used 103237K [0x00000000e0000000, 0x00000000e8000000, 0x00000000e8000000)
  eden space 87424K, 100% used [0x00000000e0000000, 0x00000000e5560000, 0x00000000e5560000)
  from space 21824K,  72% used [0x00000000e6ab0000, 0x00000000e7a21718, 0x00000000e8000000)
  to   space 21824K,   0% used [0x00000000e5560000, 0x00000000e5560000, 0x00000000e6ab0000)
 concurrent mark-sweep generation total 393216K, used 9500K [0x00000000e8000000, 0x0000000100000000, 0x0000000100000000)
 Metaspace       used 32032K, capacity 32868K, committed 33048K, reserved 1079296K
  class space    used 3857K, capacity 4096K, committed 4120K, reserved 1048576K
2017-07-28T09:55:40.302+0500: 19.916: [GC (Allocation Failure) 2017-07-28T09:55:40.302+0500: 19.916: [ParNew
Desired survivor size 20112992 bytes, new threshold 8 (max 8)
- age   1:     823264 bytes,     823264 total
- age   2:     261352 bytes,    1084616 total
- age   3:    2044200 bytes,    3128816 total
- age   4:    8563832 bytes,   11692648 total
- age   5:    2400296 bytes,   14092944 total
- age   6:     476520 bytes,   14569464 total
- age   7:     111408 bytes,   14680872 total
- age   8:     105944 bytes,   14786816 total
: 103237K->18600K(109248K), 0.0805545 secs] 112737K->28402K(502464K), 0.0806237 secs] [Times: user=0.05 sys=0.00, real=0.08 secs] 
Heap after GC invocations=14 (full 1):
 par new generation   total 109248K, used 18600K [0x00000000e0000000, 0x00000000e8000000, 0x00000000e8000000)
  eden space 87424K,   0% used [0x00000000e0000000, 0x00000000e0000000, 0x00000000e5560000)
  from space 21824K,  85% used [0x00000000e5560000, 0x00000000e678a3f0, 0x00000000e6ab0000)
  to   space 21824K,   0% used [0x00000000e6ab0000, 0x00000000e6ab0000, 0x00000000e8000000)
 concurrent mark-sweep generation total 393216K, used 9801K [0x00000000e8000000, 0x0000000100000000, 0x0000000100000000)
 Metaspace       used 32032K, capacity 32868K, committed 33048K, reserved 1079296K
  class space    used 3857K, capacity 4096K, committed 4120K, reserved 1048576K
}
2017-07-28T09:55:40.382+0500: 19.997: Total time for which application threads were stopped: 0.0808035 seconds, Stopping threads took: 0.0000307 seconds
{Heap before GC invocations=14 (full 1):
 par new generation   total 109248K, used 106024K [0x00000000e0000000, 0x00000000e8000000, 0x00000000e8000000)
  eden space 87424K, 100% used [0x00000000e0000000, 0x00000000e5560000, 0x00000000e5560000)
  from space 21824K,  85% used [0x00000000e5560000, 0x00000000e678a3f0, 0x00000000e6ab0000)
  to   space 21824K,   0% used [0x00000000e6ab0000, 0x00000000e6ab0000, 0x00000000e8000000)
 concurrent mark-sweep generation total 393216K, used 9801K [0x00000000e8000000, 0x0000000100000000, 0x0000000100000000)
 Metaspace       used 32065K, capacity 32904K, committed 33048K, reserved 1079296K
  class space    used 3860K, capacity 4102K, committed 4120K, reserved 1048576K
2017-07-28T09:55:40.530+0500: 20.145: [GC (Allocation Failure) 2017-07-28T09:55:40.530+0500: 20.145: [ParNew
Desired survivor size 20112992 bytes, new threshold 8 (max 8)
- age   1:     613568 bytes,     613568 total
- age   2:      48128 bytes,     661696 total
- age   3:     261240 bytes,     922936 total
- age   4:    2044176 bytes,    2967112 total
- age   5:    8563832 bytes,   11530944 total
- age   6:    2400296 bytes,   13931240 total
- age   7:     476520 bytes,   14407760 total
- age   8:     111408 bytes,   14519168 total
: 106024K->21824K(109248K), 0.0643609 secs] 115826K->31731K(502464K), 0.0644285 secs] [Times: user=0.03 sys=0.00, real=0.07 secs] 
Heap after GC invocations=15 (full 1):
 par new generation   total 109248K, used 21824K [0x00000000e0000000, 0x00000000e8000000, 0x00000000e8000000)
  eden space 87424K,   0% used [0x00000000e0000000, 0x00000000e0000000, 0x00000000e5560000)
  from space 21824K, 100% used [0x00000000e6ab0000, 0x00000000e8000000, 0x00000000e8000000)
  to   space 21824K,   0% used [0x00000000e5560000, 0x00000000e5560000, 0x00000000e6ab0000)
 concurrent mark-sweep generation total 393216K, used 9907K [0x00000000e8000000, 0x0000000100000000, 0x0000000100000000)
 Metaspace       used 32065K, capacity 32904K, committed 33048K, reserved 1079296K
  class space    used 3860K, capacity 4102K, committed 4120K, reserved 1048576K
}
2017-07-28T09:55:40.594+0500: 20.209: Total time for which application threads were stopped: 0.0645819 seconds, Stopping threads took: 0.0000295 seconds
{Heap before GC invocations=15 (full 1):
 par new generation   total 109248K, used 109248K [0x00000000e0000000, 0x00000000e8000000, 0x00000000e8000000)
  eden space 87424K, 100% used [0x00000000e0000000, 0x00000000e5560000, 0x00000000e5560000)
  from space 21824K, 100% used [0x00000000e6ab0000, 0x00000000e8000000, 0x00000000e8000000)
  to   space 21824K,   0% used [0x00000000e5560000, 0x00000000e5560000, 0x00000000e6ab0000)
 concurrent mark-sweep generation total 393216K, used 9907K [0x00000000e8000000, 0x0000000100000000, 0x0000000100000000)
 Metaspace       used 32071K, capacity 32910K, committed 33048K, reserved 1079296K
  class space    used 3861K, capacity 4103K, committed 4120K, reserved 1048576K
2017-07-28T09:55:40.777+0500: 20.392: [GC (Allocation Failure) 2017-07-28T09:55:40.777+0500: 20.392: [ParNew
Desired survivor size 20112992 bytes, new threshold 8 (max 8)
- age   1:     594512 bytes,     594512 total
- age   2:     128896 bytes,     723408 total
- age   3:      47912 bytes,     771320 total
- age   4:     261240 bytes,    1032560 total
- age   5:    2044176 bytes,    3076736 total
- age   6:    8563832 bytes,   11640568 total
- age   7:    2400296 bytes,   14040864 total
- age   8:     476520 bytes,   14517384 total
: 109248K->19325K(109248K), 0.0797852 secs] 119155K->29344K(502464K), 0.0798582 secs] [Times: user=0.04 sys=0.00, real=0.08 secs] 
Heap after GC invocations=16 (full 1):
 par new generation   total 109248K, used 19325K [0x00000000e0000000, 0x00000000e8000000, 0x00000000e8000000)
  eden space 87424K,   0% used [0x00000000e0000000, 0x00000000e0000000, 0x00000000e5560000)
  from space 21824K,  88% used [0x00000000e5560000, 0x00000000e683f470, 0x00000000e6ab0000)
  to   space 21824K,   0% used [0x00000000e6ab0000, 0x00000000e6ab0000, 0x00000000e8000000)
 concurrent mark-sweep generation total 393216K, used 10019K [0x00000000e8000000, 0x0000000100000000, 0x0000000100000000)
 Metaspace       used 32071K, capacity 32910K, committed 33048K, reserved 1079296K
  class space    used 3861K, capacity 4103K, committed 4120K, reserved 1048576K
}
2017-07-28T09:55:40.857+0500: 20.472: Total time for which application threads were stopped: 0.0800190 seconds, Stopping threads took: 0.0000300 seconds
{Heap before GC invocations=16 (full 1):
 par new generation   total 109248K, used 106749K [0x00000000e0000000, 0x00000000e8000000, 0x00000000e8000000)
  eden space 87424K, 100% used [0x00000000e0000000, 0x00000000e5560000, 0x00000000e5560000)
  from space 21824K,  88% used [0x00000000e5560000, 0x00000000e683f470, 0x00000000e6ab0000)
  to   space 21824K,   0% used [0x00000000e6ab0000, 0x00000000e6ab0000, 0x00000000e8000000)
 concurrent mark-sweep generation total 393216K, used 10019K [0x00000000e8000000, 0x0000000100000000, 0x0000000100000000)
 Metaspace       used 32076K, capacity 32910K, committed 33048K, reserved 1079296K
  class space    used 3861K, capacity 4103K, committed 4120K, reserved 1048576K
2017-07-28T09:55:41.046+0500: 20.661: [GC (Allocation Failure) 2017-07-28T09:55:41.046+0500: 20.661: [ParNew
Desired survivor size 20112992 bytes, new threshold 8 (max 8)
- age   1:     695912 bytes,     695912 total
- age   2:      84848 bytes,     780760 total
- age   3:     127672 bytes,     908432 total
- age   4:      46712 bytes,     955144 total
- age   5:     260280 bytes,    1215424 total
- age   6:    2043928 bytes,    3259352 total
- age   7:    8563832 bytes,   11823184 total
- age   8:    2400296 bytes,   14223480 total
: 106749K->17683K(109248K), 0.0724256 secs] 116768K->28175K(502464K), 0.0724976 secs] [Times: user=0.04 sys=0.00, real=0.07 secs] 
Heap after GC invocations=17 (full 1):
 par new generation   total 109248K, used 17683K [0x00000000e0000000, 0x00000000e8000000, 0x00000000e8000000)
  eden space 87424K,   0% used [0x00000000e0000000, 0x00000000e0000000, 0x00000000e5560000)
  from space 21824K,  81% used [0x00000000e6ab0000, 0x00000000e7bf4c80, 0x00000000e8000000)
  to   space 21824K,   0% used [0x00000000e5560000, 0x00000000e5560000, 0x00000000e6ab0000)
 concurrent mark-sweep generation total 393216K, used 10491K [0x00000000e8000000, 0x0000000100000000, 0x0000000100000000)
 Metaspace       used 32076K, capacity 32910K, committed 33048K, reserved 1079296K
  class space    used 3861K, capacity 4103K, committed 4120K, reserved 1048576K
}
2017-07-28T09:55:41.118+0500: 20.733: Total time for which application threads were stopped: 0.0901931 seconds, Stopping threads took: 0.0175536 seconds
2017-07-28T09:55:42.125+0500: 21.740: Total time for which application threads were stopped: 0.0001345 seconds, Stopping threads took: 0.0000513 seconds
2017-07-28T09:55:42.199+0500: 21.814: Total time for which application threads were stopped: 0.0022474 seconds, Stopping threads took: 0.0021675 seconds
2017-07-28T09:55:42.207+0500: 21.821: Total time for which application threads were stopped: 0.0062749 seconds, Stopping threads took: 0.0061893 seconds
2017-07-28T09:55:42.210+0500: 21.824: Total time for which application threads were stopped: 0.0000702 seconds, Stopping threads took: 0.0000188 seconds
{Heap before GC invocations=17 (full 1):
 par new generation   total 109248K, used 105107K [0x00000000e0000000, 0x00000000e8000000, 0x00000000e8000000)
  eden space 87424K, 100% used [0x00000000e0000000, 0x00000000e5560000, 0x00000000e5560000)
  from space 21824K,  81% used [0x00000000e6ab0000, 0x00000000e7bf4c80, 0x00000000e8000000)
  to   space 21824K,   0% used [0x00000000e5560000, 0x00000000e5560000, 0x00000000e6ab0000)
 concurrent mark-sweep generation total 393216K, used 10491K [0x00000000e8000000, 0x0000000100000000, 0x0000000100000000)
 Metaspace       used 32196K, capacity 33054K, committed 33304K, reserved 1079296K
  class space    used 3862K, capacity 4105K, committed 4120K, reserved 1048576K
2017-07-28T09:55:42.259+0500: 21.874: [GC (Allocation Failure) 2017-07-28T09:55:42.262+0500: 21.877: [ParNew
Desired survivor size 20112992 bytes, new threshold 8 (max 8)
- age   1:    2824072 bytes,    2824072 total
- age   2:     145808 bytes,    2969880 total
- age   3:      84536 bytes,    3054416 total
- age   4:     127408 bytes,    3181824 total
- age   5:      46352 bytes,    3228176 total
- age   6:      49208 bytes,    3277384 total
- age   7:     293480 bytes,    3570864 total
- age   8:    8557680 bytes,   12128544 total
: 105107K->15232K(109248K), 0.0539096 secs] 115599K->28104K(502464K), 0.0566058 secs] [Times: user=0.05 sys=0.00, real=0.06 secs] 
Heap after GC invocations=18 (full 1):
 par new generation   total 109248K, used 15232K [0x00000000e0000000, 0x00000000e8000000, 0x00000000e8000000)
  eden space 87424K,   0% used [0x00000000e0000000, 0x00000000e0000000, 0x00000000e5560000)
  from space 21824K,  69% used [0x00000000e5560000, 0x00000000e6440188, 0x00000000e6ab0000)
  to   space 21824K,   0% used [0x00000000e6ab0000, 0x00000000e6ab0000, 0x00000000e8000000)
 concurrent mark-sweep generation total 393216K, used 12871K [0x00000000e8000000, 0x0000000100000000, 0x0000000100000000)
 Metaspace       used 32196K, capacity 33054K, committed 33304K, reserved 1079296K
  class space    used 3862K, capacity 4105K, committed 4120K, reserved 1048576K
}
2017-07-28T09:55:42.316+0500: 21.931: Total time for which application threads were stopped: 0.0567613 seconds, Stopping threads took: 0.0000226 seconds
2017-07-28T09:55:42.417+0500: 22.032: Total time for which application threads were stopped: 0.0091000 seconds, Stopping threads took: 0.0089731 seconds
2017-07-28T09:55:42.433+0500: 22.048: Total time for which application threads were stopped: 0.0058175 seconds, Stopping threads took: 0.0057362 seconds
2017-07-28T09:55:42.438+0500: 22.053: Total time for which application threads were stopped: 0.0039323 seconds, Stopping threads took: 0.0038740 seconds
2017-07-28T09:55:42.476+0500: 22.091: Total time for which application threads were stopped: 0.0067023 seconds, Stopping threads took: 0.0066312 seconds
2017-07-28T09:55:42.538+0500: 22.153: Total time for which application threads were stopped: 0.0046284 seconds, Stopping threads took: 0.0044847 seconds
2017-07-28T09:55:42.541+0500: 22.156: Total time for which application threads were stopped: 0.0001509 seconds, Stopping threads took: 0.0000384 seconds
2017-07-28T09:55:42.597+0500: 22.212: Total time for which application threads were stopped: 0.0120320 seconds, Stopping threads took: 0.0119576 seconds
2017-07-28T09:55:42.748+0500: 22.363: Total time for which application threads were stopped: 0.0049508 seconds, Stopping threads took: 0.0048725 seconds
2017-07-28T09:55:42.763+0500: 22.377: Total time for which application threads were stopped: 0.0060591 seconds, Stopping threads took: 0.0059723 seconds
{Heap before GC invocations=18 (full 1):
 par new generation   total 109248K, used 102656K [0x00000000e0000000, 0x00000000e8000000, 0x00000000e8000000)
  eden space 87424K, 100% used [0x00000000e0000000, 0x00000000e5560000, 0x00000000e5560000)
  from space 21824K,  69% used [0x00000000e5560000, 0x00000000e6440188, 0x00000000e6ab0000)
  to   space 21824K,   0% used [0x00000000e6ab0000, 0x00000000e6ab0000, 0x00000000e8000000)
 concurrent mark-sweep generation total 393216K, used 12871K [0x00000000e8000000, 0x0000000100000000, 0x0000000100000000)
 Metaspace       used 32298K, capacity 33080K, committed 33304K, reserved 1079296K
  class space    used 3874K, capacity 4108K, committed 4120K, reserved 1048576K
2017-07-28T09:55:42.798+0500: 22.413: [GC (Allocation Failure) 2017-07-28T09:55:42.798+0500: 22.413: [ParNew
Desired survivor size 20112992 bytes, new threshold 8 (max 8)
- age   1:    9468320 bytes,    9468320 total
- age   2:    2315976 bytes,   11784296 total
- age   3:     145808 bytes,   11930104 total
- age   4:      84536 bytes,   12014640 total
- age   5:     127408 bytes,   12142048 total
- age   6:      46352 bytes,   12188400 total
- age   7:      49208 bytes,   12237608 total
- age   8:     293136 bytes,   12530744 total
: 102656K->16848K(109248K), 0.0646513 secs] 115528K->39427K(502464K), 0.0647204 secs] [Times: user=0.06 sys=0.00, real=0.07 secs] 
Heap after GC invocations=19 (full 1):
 par new generation   total 109248K, used 16848K [0x00000000e0000000, 0x00000000e8000000, 0x00000000e8000000)
  eden space 87424K,   0% used [0x00000000e0000000, 0x00000000e0000000, 0x00000000e5560000)
  from space 21824K,  77% used [0x00000000e6ab0000, 0x00000000e7b240d8, 0x00000000e8000000)
  to   space 21824K,   0% used [0x00000000e5560000, 0x00000000e5560000, 0x00000000e6ab0000)
 concurrent mark-sweep generation total 393216K, used 22579K [0x00000000e8000000, 0x0000000100000000, 0x0000000100000000)
 Metaspace       used 32298K, capacity 33080K, committed 33304K, reserved 1079296K
  class space    used 3874K, capacity 4108K, committed 4120K, reserved 1048576K
}
2017-07-28T09:55:42.863+0500: 22.478: Total time for which application threads were stopped: 0.0649075 seconds, Stopping threads took: 0.0000236 seconds
2017-07-28T09:55:42.875+0500: 22.490: Total time for which application threads were stopped: 0.0014463 seconds, Stopping threads took: 0.0013790 seconds
2017-07-28T09:55:42.886+0500: 22.501: Total time for which application threads were stopped: 0.0029196 seconds, Stopping threads took: 0.0028630 seconds
2017-07-28T09:55:42.887+0500: 22.502: Total time for which application threads were stopped: 0.0000602 seconds, Stopping threads took: 0.0000079 seconds
2017-07-28T09:55:42.887+0500: 22.502: Total time for which application threads were stopped: 0.0000847 seconds, Stopping threads took: 0.0000046 seconds
2017-07-28T09:55:42.893+0500: 22.508: Total time for which application threads were stopped: 0.0001164 seconds, Stopping threads took: 0.0000448 seconds
{Heap before GC invocations=19 (full 1):
 par new generation   total 109248K, used 104272K [0x00000000e0000000, 0x00000000e8000000, 0x00000000e8000000)
  eden space 87424K, 100% used [0x00000000e0000000, 0x00000000e5560000, 0x00000000e5560000)
  from space 21824K,  77% used [0x00000000e6ab0000, 0x00000000e7b240d8, 0x00000000e8000000)
  to   space 21824K,   0% used [0x00000000e5560000, 0x00000000e5560000, 0x00000000e6ab0000)
 concurrent mark-sweep generation total 393216K, used 22579K [0x00000000e8000000, 0x0000000100000000, 0x0000000100000000)
 Metaspace       used 32322K, capacity 33110K, committed 33304K, reserved 1079296K
  class space    used 3877K, capacity 4113K, committed 4120K, reserved 1048576K
2017-07-28T09:55:42.921+0500: 22.536: [GC (Allocation Failure) 2017-07-28T09:55:42.921+0500: 22.536: [ParNew
Desired survivor size 20112992 bytes, new threshold 8 (max 8)
- age   1:    1223752 bytes,    1223752 total
- age   2:    8948248 bytes,   10172000 total
- age   3:    1852832 bytes,   12024832 total
- age   4:     145808 bytes,   12170640 total
- age   5:      84536 bytes,   12255176 total
- age   6:     127408 bytes,   12382584 total
- age   7:      46352 bytes,   12428936 total
- age   8:      49208 bytes,   12478144 total
: 104272K->16152K(109248K), 0.0312798 secs] 126851K->39020K(502464K), 0.0313534 secs] [Times: user=0.03 sys=0.00, real=0.02 secs] 
Heap after GC invocations=20 (full 1):
 par new generation   total 109248K, used 16152K [0x00000000e0000000, 0x00000000e8000000, 0x00000000e8000000)
  eden space 87424K,   0% used [0x00000000e0000000, 0x00000000e0000000, 0x00000000e5560000)
  from space 21824K,  74% used [0x00000000e5560000, 0x00000000e6526110, 0x00000000e6ab0000)
  to   space 21824K,   0% used [0x00000000e6ab0000, 0x00000000e6ab0000, 0x00000000e8000000)
 concurrent mark-sweep generation total 393216K, used 22868K [0x00000000e8000000, 0x0000000100000000, 0x0000000100000000)
 Metaspace       used 32322K, capacity 33110K, committed 33304K, reserved 1079296K
  class space    used 3877K, capacity 4113K, committed 4120K, reserved 1048576K
}
2017-07-28T09:55:42.953+0500: 22.568: Total time for which application threads were stopped: 0.0314995 seconds, Stopping threads took: 0.0000277 seconds
{Heap before GC invocations=20 (full 1):
 par new generation   total 109248K, used 103576K [0x00000000e0000000, 0x00000000e8000000, 0x00000000e8000000)
  eden space 87424K, 100% used [0x00000000e0000000, 0x00000000e5560000, 0x00000000e5560000)
  from space 21824K,  74% used [0x00000000e5560000, 0x00000000e6526110, 0x00000000e6ab0000)
  to   space 21824K,   0% used [0x00000000e6ab0000, 0x00000000e6ab0000, 0x00000000e8000000)
 concurrent mark-sweep generation total 393216K, used 22868K [0x00000000e8000000, 0x0000000100000000, 0x0000000100000000)
 Metaspace       used 32344K, capacity 33204K, committed 33304K, reserved 1079296K
  class space    used 3880K, capacity 4118K, committed 4120K, reserved 1048576K
2017-07-28T09:55:43.021+0500: 22.636: [GC (Allocation Failure) 2017-07-28T09:55:43.021+0500: 22.636: [ParNew
Desired survivor size 20112992 bytes, new threshold 8 (max 8)
- age   1:     764040 bytes,     764040 total
- age   2:     841200 bytes,    1605240 total
- age   3:    8874808 bytes,   10480048 total
- age   4:    1845080 bytes,   12325128 total
- age   5:     145808 bytes,   12470936 total
- age   6:      84536 bytes,   12555472 total
- age   7:     127408 bytes,   12682880 total
- age   8:      46352 bytes,   12729232 total
: 103576K->15462K(109248K), 0.0437637 secs] 126444K->38381K(502464K), 0.0438292 secs] [Times: user=0.03 sys=0.00, real=0.04 secs] 
Heap after GC invocations=21 (full 1):
 par new generation   total 109248K, used 15462K [0x00000000e0000000, 0x00000000e8000000, 0x00000000e8000000)
  eden space 87424K,   0% used [0x00000000e0000000, 0x00000000e0000000, 0x00000000e5560000)
  from space 21824K,  70% used [0x00000000e6ab0000, 0x00000000e79c98c0, 0x00000000e8000000)
  to   space 21824K,   0% used [0x00000000e5560000, 0x00000000e5560000, 0x00000000e6ab0000)
 concurrent mark-sweep generation total 393216K, used 22918K [0x00000000e8000000, 0x0000000100000000, 0x0000000100000000)
 Metaspace       used 32344K, capacity 33204K, committed 33304K, reserved 1079296K
  class space    used 3880K, capacity 4118K, committed 4120K, reserved 1048576K
}
2017-07-28T09:55:43.065+0500: 22.680: Total time for which application threads were stopped: 0.0506122 seconds, Stopping threads took: 0.0066028 seconds
{Heap before GC invocations=21 (full 1):
 par new generation   total 109248K, used 102886K [0x00000000e0000000, 0x00000000e8000000, 0x00000000e8000000)
  eden space 87424K, 100% used [0x00000000e0000000, 0x00000000e5560000, 0x00000000e5560000)
  from space 21824K,  70% used [0x00000000e6ab0000, 0x00000000e79c98c0, 0x00000000e8000000)
  to   space 21824K,   0% used [0x00000000e5560000, 0x00000000e5560000, 0x00000000e6ab0000)
 concurrent mark-sweep generation total 393216K, used 22918K [0x00000000e8000000, 0x0000000100000000, 0x0000000100000000)
 Metaspace       used 32351K, capacity 33210K, committed 33304K, reserved 1079296K
  class space    used 3880K, capacity 4119K, committed 4120K, reserved 1048576K
2017-07-28T09:55:43.240+0500: 22.855: [GC (Allocation Failure) 2017-07-28T09:55:43.240+0500: 22.855: [ParNew
Desired survivor size 20112992 bytes, new threshold 8 (max 8)
- age   1:     104176 bytes,     104176 total
- age   2:     103200 bytes,     207376 total
- age   3:     841200 bytes,    1048576 total
- age   4:    8874808 bytes,    9923384 total
- age   5:    1845080 bytes,   11768464 total
- age   6:     145808 bytes,   11914272 total
- age   7:      84536 bytes,   11998808 total
- age   8:     127408 bytes,   12126216 total
: 102886K->19021K(109248K), 0.0429874 secs] 125805K->41987K(502464K), 0.0430585 secs] [Times: user=0.04 sys=0.00, real=0.05 secs] 
Heap after GC invocations=22 (full 1):
 par new generation   total 109248K, used 19021K [0x00000000e0000000, 0x00000000e8000000, 0x00000000e8000000)
  eden space 87424K,   0% used [0x00000000e0000000, 0x00000000e0000000, 0x00000000e5560000)
  from space 21824K,  87% used [0x00000000e5560000, 0x00000000e67f35d8, 0x00000000e6ab0000)
  to   space 21824K,   0% used [0x00000000e6ab0000, 0x00000000e6ab0000, 0x00000000e8000000)
 concurrent mark-sweep generation total 393216K, used 22966K [0x00000000e8000000, 0x0000000100000000, 0x0000000100000000)
 Metaspace       used 32351K, capacity 33210K, committed 33304K, reserved 1079296K
  class space    used 3880K, capacity 4119K, committed 4120K, reserved 1048576K
}
2017-07-28T09:55:43.283+0500: 22.898: Total time for which application threads were stopped: 0.0527300 seconds, Stopping threads took: 0.0095319 seconds
2017-07-28T09:55:44.068+0500: 23.682: Total time for which application threads were stopped: 0.0065453 seconds, Stopping threads took: 0.0064260 seconds
2017-07-28T09:55:44.085+0500: 23.700: Total time for which application threads were stopped: 0.0001061 seconds, Stopping threads took: 0.0000280 seconds
2017-07-28T09:55:44.093+0500: 23.708: Total time for which application threads were stopped: 0.0000904 seconds, Stopping threads took: 0.0000250 seconds
{Heap before GC invocations=22 (full 1):
 par new generation   total 109248K, used 106469K [0x00000000e0000000, 0x00000000e8000000, 0x00000000e8000000)
  eden space 87424K, 100% used [0x00000000e0000000, 0x00000000e5560000, 0x00000000e5560000)
  from space 21824K,  87% used [0x00000000e5560000, 0x00000000e67f9770, 0x00000000e6ab0000)
  to   space 21824K,   0% used [0x00000000e6ab0000, 0x00000000e6ab0000, 0x00000000e8000000)
 concurrent mark-sweep generation total 393216K, used 22966K [0x00000000e8000000, 0x0000000100000000, 0x0000000100000000)
 Metaspace       used 32514K, capacity 33376K, committed 33688K, reserved 1079296K
  class space    used 3895K, capacity 4146K, committed 4248K, reserved 1048576K
2017-07-28T09:55:44.093+0500: 23.708: [GC (GCLocker Initiated GC) 2017-07-28T09:55:44.093+0500: 23.708: [ParNew
Desired survivor size 20112992 bytes, new threshold 8 (max 8)
- age   1:    1860560 bytes,    1860560 total
- age   2:      73744 bytes,    1934304 total
- age   3:     102216 bytes,    2036520 total
- age   4:     108656 bytes,    2145176 total
- age   5:    8278800 bytes,   10423976 total
- age   6:    1845024 bytes,   12269000 total
- age   7:     145808 bytes,   12414808 total
- age   8:      84536 bytes,   12499344 total
: 106469K->15614K(109248K), 0.0317909 secs] 129436K->38707K(502464K), 0.0318556 secs] [Times: user=0.03 sys=0.00, real=0.03 secs] 
Heap after GC invocations=23 (full 1):
 par new generation   total 109248K, used 15614K [0x00000000e0000000, 0x00000000e8000000, 0x00000000e8000000)
  eden space 87424K,   0% used [0x00000000e0000000, 0x00000000e0000000, 0x00000000e5560000)
  from space 21824K,  71% used [0x00000000e6ab0000, 0x00000000e79ef848, 0x00000000e8000000)
  to   space 21824K,   0% used [0x00000000e5560000, 0x00000000e5560000, 0x00000000e6ab0000)
 concurrent mark-sweep generation total 393216K, used 23093K [0x00000000e8000000, 0x0000000100000000, 0x0000000100000000)
 Metaspace       used 32514K, capacity 33376K, committed 33688K, reserved 1079296K
  class space    used 3895K, capacity 4146K, committed 4248K, reserved 1048576K
}
2017-07-28T09:55:44.125+0500: 23.740: Total time for which application threads were stopped: 0.0319569 seconds, Stopping threads took: 0.0000083 seconds
2017-07-28T09:55:44.190+0500: 23.805: Total time for which application threads were stopped: 0.0001255 seconds, Stopping threads took: 0.0000267 seconds
2017-07-28T09:55:44.190+0500: 23.805: Total time for which application threads were stopped: 0.0000401 seconds, Stopping threads took: 0.0000083 seconds
2017-07-28T09:55:44.195+0500: 23.810: Total time for which application threads were stopped: 0.0000735 seconds, Stopping threads took: 0.0000224 seconds
2017-07-28T09:55:44.195+0500: 23.810: Total time for which application threads were stopped: 0.0000337 seconds, Stopping threads took: 0.0000063 seconds
2017-07-28T09:55:44.202+0500: 23.817: Total time for which application threads were stopped: 0.0001314 seconds, Stopping threads took: 0.0000198 seconds
2017-07-28T09:55:47.011+0500: 26.626: Total time for which application threads were stopped: 0.0002168 seconds, Stopping threads took: 0.0000652 seconds
2017-07-28T09:55:47.011+0500: 26.626: Total time for which application threads were stopped: 0.0001617 seconds, Stopping threads took: 0.0000165 seconds
2017-07-28T09:55:47.011+0500: 26.626: Total time for which application threads were stopped: 0.0000865 seconds, Stopping threads took: 0.0000149 seconds
2017-07-28T09:55:47.011+0500: 26.626: Total time for which application threads were stopped: 0.0000826 seconds, Stopping threads took: 0.0000132 seconds
2017-07-28T09:55:47.092+0500: 26.706: Total time for which application threads were stopped: 0.0003850 seconds, Stopping threads took: 0.0000220 seconds
2017-07-28T09:55:47.155+0500: 26.770: Total time for which application threads were stopped: 0.0002114 seconds, Stopping threads took: 0.0000236 seconds
2017-07-28T09:55:48.156+0500: 27.771: Total time for which application threads were stopped: 0.0002642 seconds, Stopping threads took: 0.0000555 seconds
2017-07-28T09:56:33.045+0500: 72.660: Total time for which application threads were stopped: 0.0001365 seconds, Stopping threads took: 0.0000518 seconds
2017-07-28T09:56:33.049+0500: 72.664: Total time for which application threads were stopped: 0.0001018 seconds, Stopping threads took: 0.0000315 seconds
2017-07-28T09:56:33.050+0500: 72.665: Total time for which application threads were stopped: 0.0000847 seconds, Stopping threads took: 0.0000278 seconds
2017-07-28T09:56:33.057+0500: 72.672: Total time for which application threads were stopped: 0.0002463 seconds, Stopping threads took: 0.0000303 seconds
2017-07-28T09:56:33.071+0500: 72.686: Total time for which application threads were stopped: 0.0000702 seconds, Stopping threads took: 0.0000241 seconds
2017-07-28T09:56:33.076+0500: 72.690: Total time for which application threads were stopped: 0.0000807 seconds, Stopping threads took: 0.0000298 seconds
2017-07-28T09:56:34.077+0500: 73.692: Total time for which application threads were stopped: 0.0002110 seconds, Stopping threads took: 0.0000604 seconds
2017-07-28T09:57:27.058+0500: 126.672: Total time for which application threads were stopped: 0.0000741 seconds, Stopping threads took: 0.0000291 seconds
2017-07-28T09:57:28.058+0500: 127.673: Total time for which application threads were stopped: 0.0001863 seconds, Stopping threads took: 0.0000519 seconds
2017-07-28T09:57:53.671+0500: 153.286: Total time for which application threads were stopped: 0.0001028 seconds, Stopping threads took: 0.0000318 seconds
2017-07-28T09:57:57.672+0500: 157.287: Total time for which application threads were stopped: 0.0001464 seconds, Stopping threads took: 0.0000420 seconds
2017-07-28T09:59:17.702+0500: 237.316: Total time for which application threads were stopped: 0.0001937 seconds, Stopping threads took: 0.0000728 seconds
2017-07-28T10:02:23.768+0500: 423.382: Total time for which application threads were stopped: 0.0002217 seconds, Stopping threads took: 0.0000801 seconds
2017-07-28T10:04:53.825+0500: 573.439: Total time for which application threads were stopped: 0.0000972 seconds, Stopping threads took: 0.0000366 seconds
2017-07-28T10:11:26.960+0500: 966.575: Total time for which application threads were stopped: 0.0002781 seconds, Stopping threads took: 0.0000949 seconds
2017-07-28T10:14:03.015+0500: 1122.630: Total time for which application threads were stopped: 0.0001202 seconds, Stopping threads took: 0.0000389 seconds
2017-07-28T10:14:07.017+0500: 1126.631: Total time for which application threads were stopped: 0.0002068 seconds, Stopping threads took: 0.0000560 seconds
2017-07-28T10:14:53.033+0500: 1172.648: Total time for which application threads were stopped: 0.0001910 seconds, Stopping threads took: 0.0000540 seconds
2017-07-28T10:16:49.073+0500: 1288.687: Total time for which application threads were stopped: 0.0000887 seconds, Stopping threads took: 0.0000327 seconds
2017-07-28T10:19:32.143+0500: 1451.758: Total time for which application threads were stopped: 0.0000960 seconds, Stopping threads took: 0.0000365 seconds
2017-07-28T10:21:15.181+0500: 1554.796: Total time for which application threads were stopped: 0.0001694 seconds, Stopping threads took: 0.0000594 seconds
2017-07-28T10:23:32.227+0500: 1691.842: Total time for which application threads were stopped: 0.0003173 seconds, Stopping threads took: 0.0001059 seconds
2017-07-28T10:31:32.416+0500: 2172.030: Total time for which application threads were stopped: 0.0002117 seconds, Stopping threads took: 0.0000724 seconds
2017-07-28T10:48:41.804+0500: 3201.419: Total time for which application threads were stopped: 0.0002612 seconds, Stopping threads took: 0.0000949 seconds
2017-07-28T10:49:12.816+0500: 3232.431: Total time for which application threads were stopped: 0.0001544 seconds, Stopping threads took: 0.0000563 seconds
2017-07-28T10:49:37.828+0500: 3257.443: Total time for which application threads were stopped: 0.0002415 seconds, Stopping threads took: 0.0000793 seconds
2017-07-28T11:11:20.304+0500: 4559.919: Total time for which application threads were stopped: 0.0000839 seconds, Stopping threads took: 0.0000260 seconds
2017-07-28T11:11:20.304+0500: 4559.919: Total time for which application threads were stopped: 0.0000341 seconds, Stopping threads took: 0.0000110 seconds
2017-07-28T11:11:20.320+0500: 4559.935: Total time for which application threads were stopped: 0.0001466 seconds, Stopping threads took: 0.0000807 seconds
2017-07-28T11:11:20.320+0500: 4559.935: Total time for which application threads were stopped: 0.0000449 seconds, Stopping threads took: 0.0000067 seconds
2017-07-28T11:11:20.326+0500: 4559.941: Total time for which application threads were stopped: 0.0001049 seconds, Stopping threads took: 0.0000212 seconds
2017-07-28T11:11:20.326+0500: 4559.941: Total time for which application threads were stopped: 0.0000590 seconds, Stopping threads took: 0.0000108 seconds
2017-07-28T11:11:20.326+0500: 4559.941: Total time for which application threads were stopped: 0.0000485 seconds, Stopping threads took: 0.0000090 seconds
2017-07-28T11:11:20.335+0500: 4559.950: Total time for which application threads were stopped: 0.0027201 seconds, Stopping threads took: 0.0026639 seconds
2017-07-28T11:11:20.335+0500: 4559.950: Total time for which application threads were stopped: 0.0000281 seconds, Stopping threads took: 0.0000058 seconds
2017-07-28T11:11:20.335+0500: 4559.950: Total time for which application threads were stopped: 0.0000320 seconds, Stopping threads took: 0.0000062 seconds
2017-07-28T11:11:20.336+0500: 4559.950: Total time for which application threads were stopped: 0.0000262 seconds, Stopping threads took: 0.0000044 seconds
2017-07-28T11:11:21.336+0500: 4560.951: Total time for which application threads were stopped: 0.0002938 seconds, Stopping threads took: 0.0000412 seconds
2017-07-28T11:11:24.338+0500: 4563.953: Total time for which application threads were stopped: 0.0002571 seconds, Stopping threads took: 0.0000601 seconds
2017-07-28T11:11:53.854+0500: 4593.469: Total time for which application threads were stopped: 0.0000871 seconds, Stopping threads took: 0.0000165 seconds
2017-07-28T11:11:53.854+0500: 4593.469: Total time for which application threads were stopped: 0.0001129 seconds, Stopping threads took: 0.0000074 seconds
2017-07-28T11:11:53.861+0500: 4593.476: Total time for which application threads were stopped: 0.0000711 seconds, Stopping threads took: 0.0000163 seconds
2017-07-28T11:11:53.870+0500: 4593.485: Total time for which application threads were stopped: 0.0000803 seconds, Stopping threads took: 0.0000210 seconds
2017-07-28T11:11:54.871+0500: 4594.485: Total time for which application threads were stopped: 0.0001951 seconds, Stopping threads took: 0.0000474 seconds
2017-07-28T11:14:14.584+0500: 4734.199: Total time for which application threads were stopped: 0.0000915 seconds, Stopping threads took: 0.0000308 seconds
2017-07-28T11:15:30.615+0500: 4810.230: Total time for which application threads were stopped: 0.0000984 seconds, Stopping threads took: 0.0000331 seconds
2017-07-28T11:16:43.287+0500: 4882.901: Total time for which application threads were stopped: 0.0000862 seconds, Stopping threads took: 0.0000250 seconds
2017-07-28T11:16:43.287+0500: 4882.901: Total time for which application threads were stopped: 0.0000325 seconds, Stopping threads took: 0.0000103 seconds
2017-07-28T11:16:43.287+0500: 4882.901: Total time for which application threads were stopped: 0.0000301 seconds, Stopping threads took: 0.0000091 seconds
2017-07-28T11:16:43.287+0500: 4882.902: Total time for which application threads were stopped: 0.0000292 seconds, Stopping threads took: 0.0000085 seconds
2017-07-28T11:16:43.287+0500: 4882.902: Total time for which application threads were stopped: 0.0000287 seconds, Stopping threads took: 0.0000083 seconds
2017-07-28T11:16:43.288+0500: 4882.902: Total time for which application threads were stopped: 0.0000528 seconds, Stopping threads took: 0.0000153 seconds
2017-07-28T11:16:43.288+0500: 4882.902: Total time for which application threads were stopped: 0.0000478 seconds, Stopping threads took: 0.0000138 seconds
2017-07-28T11:16:43.288+0500: 4882.902: Total time for which application threads were stopped: 0.0000409 seconds, Stopping threads took: 0.0000137 seconds
2017-07-28T11:16:43.288+0500: 4882.903: Total time for which application threads were stopped: 0.0000300 seconds, Stopping threads took: 0.0000091 seconds
2017-07-28T11:16:43.288+0500: 4882.903: Total time for which application threads were stopped: 0.0000296 seconds, Stopping threads took: 0.0000089 seconds
2017-07-28T11:16:43.288+0500: 4882.903: Total time for which application threads were stopped: 0.0000287 seconds, Stopping threads took: 0.0000084 seconds
2017-07-28T11:16:43.288+0500: 4882.903: Total time for which application threads were stopped: 0.0000289 seconds, Stopping threads took: 0.0000084 seconds
2017-07-28T11:16:43.288+0500: 4882.903: Total time for which application threads were stopped: 0.0000286 seconds, Stopping threads took: 0.0000083 seconds
2017-07-28T11:16:43.292+0500: 4882.907: Total time for which application threads were stopped: 0.0000940 seconds, Stopping threads took: 0.0000241 seconds
2017-07-28T11:16:43.292+0500: 4882.907: Total time for which application threads were stopped: 0.0000360 seconds, Stopping threads took: 0.0000113 seconds
2017-07-28T11:16:43.307+0500: 4882.922: Total time for which application threads were stopped: 0.0005908 seconds, Stopping threads took: 0.0000316 seconds
2017-07-28T11:16:43.312+0500: 4882.927: Total time for which application threads were stopped: 0.0001686 seconds, Stopping threads took: 0.0000281 seconds
2017-07-28T11:16:43.312+0500: 4882.927: Total time for which application threads were stopped: 0.0000871 seconds, Stopping threads took: 0.0000196 seconds
2017-07-28T11:16:43.325+0500: 4882.940: Total time for which application threads were stopped: 0.0001872 seconds, Stopping threads took: 0.0000207 seconds
2017-07-28T11:16:43.331+0500: 4882.946: Total time for which application threads were stopped: 0.0011374 seconds, Stopping threads took: 0.0009749 seconds
2017-07-28T11:16:43.420+0500: 4883.035: Total time for which application threads were stopped: 0.0000828 seconds, Stopping threads took: 0.0000194 seconds
2017-07-28T11:16:43.421+0500: 4883.036: Total time for which application threads were stopped: 0.0000408 seconds, Stopping threads took: 0.0000112 seconds
2017-07-28T11:16:43.421+0500: 4883.036: Total time for which application threads were stopped: 0.0000340 seconds, Stopping threads took: 0.0000101 seconds
2017-07-28T11:16:43.422+0500: 4883.036: Total time for which application threads were stopped: 0.0000356 seconds, Stopping threads took: 0.0000106 seconds
2017-07-28T11:16:43.422+0500: 4883.037: Total time for which application threads were stopped: 0.0000294 seconds, Stopping threads took: 0.0000076 seconds
2017-07-28T11:16:43.422+0500: 4883.037: Total time for which application threads were stopped: 0.0000320 seconds, Stopping threads took: 0.0000087 seconds
2017-07-28T11:16:43.422+0500: 4883.037: Total time for which application threads were stopped: 0.0000278 seconds, Stopping threads took: 0.0000079 seconds
2017-07-28T11:16:43.422+0500: 4883.037: Total time for which application threads were stopped: 0.0000257 seconds, Stopping threads took: 0.0000067 seconds
2017-07-28T11:16:43.422+0500: 4883.037: Total time for which application threads were stopped: 0.0000245 seconds, Stopping threads took: 0.0000066 seconds
2017-07-28T11:16:43.422+0500: 4883.037: Total time for which application threads were stopped: 0.0000248 seconds, Stopping threads took: 0.0000067 seconds
2017-07-28T11:16:43.422+0500: 4883.037: Total time for which application threads were stopped: 0.0000249 seconds, Stopping threads took: 0.0000064 seconds
2017-07-28T11:16:43.422+0500: 4883.037: Total time for which application threads were stopped: 0.0000240 seconds, Stopping threads took: 0.0000063 seconds
2017-07-28T11:16:43.425+0500: 4883.040: Total time for which application threads were stopped: 0.0000378 seconds, Stopping threads took: 0.0000109 seconds
2017-07-28T11:16:43.425+0500: 4883.040: Total time for which application threads were stopped: 0.0000272 seconds, Stopping threads took: 0.0000071 seconds
2017-07-28T11:16:43.425+0500: 4883.040: Total time for which application threads were stopped: 0.0000251 seconds, Stopping threads took: 0.0000067 seconds
2017-07-28T11:16:43.425+0500: 4883.040: Total time for which application threads were stopped: 0.0000249 seconds, Stopping threads took: 0.0000067 seconds
2017-07-28T11:16:43.425+0500: 4883.040: Total time for which application threads were stopped: 0.0000249 seconds, Stopping threads took: 0.0000063 seconds
2017-07-28T11:16:43.425+0500: 4883.040: Total time for which application threads were stopped: 0.0000242 seconds, Stopping threads took: 0.0000063 seconds
2017-07-28T11:16:43.425+0500: 4883.040: Total time for which application threads were stopped: 0.0000245 seconds, Stopping threads took: 0.0000067 seconds
2017-07-28T11:16:43.425+0500: 4883.040: Total time for which application threads were stopped: 0.0000245 seconds, Stopping threads took: 0.0000065 seconds
2017-07-28T11:16:43.425+0500: 4883.040: Total time for which application threads were stopped: 0.0000240 seconds, Stopping threads took: 0.0000063 seconds
2017-07-28T11:16:43.425+0500: 4883.040: Total time for which application threads were stopped: 0.0000243 seconds, Stopping threads took: 0.0000065 seconds
2017-07-28T11:16:43.428+0500: 4883.042: Total time for which application threads were stopped: 0.0000630 seconds, Stopping threads took: 0.0000188 seconds
2017-07-28T11:16:43.428+0500: 4883.042: Total time for which application threads were stopped: 0.0000278 seconds, Stopping threads took: 0.0000076 seconds
2017-07-28T11:16:43.428+0500: 4883.043: Total time for which application threads were stopped: 0.0000260 seconds, Stopping threads took: 0.0000070 seconds
2017-07-28T11:16:43.428+0500: 4883.043: Total time for which application threads were stopped: 0.0000252 seconds, Stopping threads took: 0.0000066 seconds
2017-07-28T11:16:43.428+0500: 4883.043: Total time for which application threads were stopped: 0.0000243 seconds, Stopping threads took: 0.0000064 seconds
2017-07-28T11:16:43.428+0500: 4883.043: Total time for which application threads were stopped: 0.0000246 seconds, Stopping threads took: 0.0000065 seconds
2017-07-28T11:16:43.428+0500: 4883.043: Total time for which application threads were stopped: 0.0000247 seconds, Stopping threads took: 0.0000063 seconds
2017-07-28T11:16:43.428+0500: 4883.043: Total time for which application threads were stopped: 0.0000299 seconds, Stopping threads took: 0.0000083 seconds
2017-07-28T11:16:43.428+0500: 4883.043: Total time for which application threads were stopped: 0.0000246 seconds, Stopping threads took: 0.0000066 seconds
2017-07-28T11:16:43.428+0500: 4883.043: Total time for which application threads were stopped: 0.0000250 seconds, Stopping threads took: 0.0000065 seconds
2017-07-28T11:16:43.428+0500: 4883.043: Total time for which application threads were stopped: 0.0000239 seconds, Stopping threads took: 0.0000062 seconds
2017-07-28T11:16:43.428+0500: 4883.043: Total time for which application threads were stopped: 0.0000282 seconds, Stopping threads took: 0.0000077 seconds
2017-07-28T11:16:43.428+0500: 4883.043: Total time for which application threads were stopped: 0.0000257 seconds, Stopping threads took: 0.0000070 seconds
2017-07-28T11:16:43.428+0500: 4883.043: Total time for which application threads were stopped: 0.0000245 seconds, Stopping threads took: 0.0000066 seconds
2017-07-28T11:16:43.428+0500: 4883.043: Total time for which application threads were stopped: 0.0000239 seconds, Stopping threads took: 0.0000063 seconds
2017-07-28T11:16:43.433+0500: 4883.048: Total time for which application threads were stopped: 0.0000736 seconds, Stopping threads took: 0.0000231 seconds
2017-07-28T11:16:43.434+0500: 4883.048: Total time for which application threads were stopped: 0.0000268 seconds, Stopping threads took: 0.0000074 seconds
2017-07-28T11:16:43.434+0500: 4883.048: Total time for which application threads were stopped: 0.0000260 seconds, Stopping threads took: 0.0000071 seconds
2017-07-28T11:16:43.454+0500: 4883.069: Total time for which application threads were stopped: 0.0000645 seconds, Stopping threads took: 0.0000162 seconds
2017-07-28T11:16:43.454+0500: 4883.069: Total time for which application threads were stopped: 0.0000288 seconds, Stopping threads took: 0.0000080 seconds
2017-07-28T11:16:43.454+0500: 4883.069: Total time for which application threads were stopped: 0.0000255 seconds, Stopping threads took: 0.0000070 seconds
2017-07-28T11:16:43.454+0500: 4883.069: Total time for which application threads were stopped: 0.0000243 seconds, Stopping threads took: 0.0000065 seconds
2017-07-28T11:16:43.454+0500: 4883.069: Total time for which application threads were stopped: 0.0000237 seconds, Stopping threads took: 0.0000063 seconds
2017-07-28T11:16:43.454+0500: 4883.069: Total time for which application threads were stopped: 0.0000237 seconds, Stopping threads took: 0.0000063 seconds
2017-07-28T11:16:43.454+0500: 4883.069: Total time for which application threads were stopped: 0.0000236 seconds, Stopping threads took: 0.0000063 seconds
2017-07-28T11:16:43.466+0500: 4883.081: Total time for which application threads were stopped: 0.0000744 seconds, Stopping threads took: 0.0000200 seconds
2017-07-28T11:16:43.467+0500: 4883.081: Total time for which application threads were stopped: 0.0000668 seconds, Stopping threads took: 0.0000431 seconds
2017-07-28T11:16:43.478+0500: 4883.092: Total time for which application threads were stopped: 0.0000752 seconds, Stopping threads took: 0.0000199 seconds
2017-07-28T11:16:43.478+0500: 4883.092: Total time for which application threads were stopped: 0.0000334 seconds, Stopping threads took: 0.0000095 seconds
2017-07-28T11:16:43.478+0500: 4883.093: Total time for which application threads were stopped: 0.0000296 seconds, Stopping threads took: 0.0000083 seconds
2017-07-28T11:16:43.478+0500: 4883.093: Total time for which application threads were stopped: 0.0000275 seconds, Stopping threads took: 0.0000076 seconds
2017-07-28T11:16:43.478+0500: 4883.093: Total time for which application threads were stopped: 0.0000267 seconds, Stopping threads took: 0.0000073 seconds
2017-07-28T11:16:43.478+0500: 4883.093: Total time for which application threads were stopped: 0.0000313 seconds, Stopping threads took: 0.0000086 seconds
2017-07-28T11:16:43.478+0500: 4883.093: Total time for which application threads were stopped: 0.0000293 seconds, Stopping threads took: 0.0000081 seconds
2017-07-28T11:16:43.478+0500: 4883.093: Total time for which application threads were stopped: 0.0000271 seconds, Stopping threads took: 0.0000074 seconds
2017-07-28T11:16:43.478+0500: 4883.093: Total time for which application threads were stopped: 0.0000263 seconds, Stopping threads took: 0.0000071 seconds
2017-07-28T11:16:43.478+0500: 4883.093: Total time for which application threads were stopped: 0.0000404 seconds, Stopping threads took: 0.0000181 seconds
2017-07-28T11:16:43.479+0500: 4883.093: Total time for which application threads were stopped: 0.0000321 seconds, Stopping threads took: 0.0000093 seconds
2017-07-28T11:16:43.479+0500: 4883.094: Total time for which application threads were stopped: 0.0000252 seconds, Stopping threads took: 0.0000069 seconds
2017-07-28T11:16:43.479+0500: 4883.094: Total time for which application threads were stopped: 0.0000243 seconds, Stopping threads took: 0.0000067 seconds
2017-07-28T11:16:43.479+0500: 4883.094: Total time for which application threads were stopped: 0.0000277 seconds, Stopping threads took: 0.0000078 seconds
2017-07-28T11:16:43.480+0500: 4883.095: Total time for which application threads were stopped: 0.0000839 seconds, Stopping threads took: 0.0000215 seconds
2017-07-28T11:16:43.480+0500: 4883.095: Total time for which application threads were stopped: 0.0000385 seconds, Stopping threads took: 0.0000180 seconds
2017-07-28T11:16:43.480+0500: 4883.095: Total time for which application threads were stopped: 0.0000250 seconds, Stopping threads took: 0.0000068 seconds
2017-07-28T11:16:43.481+0500: 4883.095: Total time for which application threads were stopped: 0.0000353 seconds, Stopping threads took: 0.0000102 seconds
2017-07-28T11:16:43.481+0500: 4883.096: Total time for which application threads were stopped: 0.0000348 seconds, Stopping threads took: 0.0000102 seconds
2017-07-28T11:16:43.481+0500: 4883.096: Total time for which application threads were stopped: 0.0000278 seconds, Stopping threads took: 0.0000076 seconds
2017-07-28T11:16:43.482+0500: 4883.096: Total time for which application threads were stopped: 0.0000355 seconds, Stopping threads took: 0.0000106 seconds
2017-07-28T11:16:43.486+0500: 4883.101: Total time for which application threads were stopped: 0.0001142 seconds, Stopping threads took: 0.0000207 seconds
2017-07-28T11:16:43.487+0500: 4883.101: Total time for which application threads were stopped: 0.0000412 seconds, Stopping threads took: 0.0000114 seconds
2017-07-28T11:16:43.487+0500: 4883.101: Total time for which application threads were stopped: 0.0000262 seconds, Stopping threads took: 0.0000074 seconds
2017-07-28T11:16:43.487+0500: 4883.102: Total time for which application threads were stopped: 0.0001263 seconds, Stopping threads took: 0.0000069 seconds
2017-07-28T11:16:43.507+0500: 4883.121: Total time for which application threads were stopped: 0.0001488 seconds, Stopping threads took: 0.0000226 seconds
2017-07-28T11:16:43.539+0500: 4883.154: Total time for which application threads were stopped: 0.0000961 seconds, Stopping threads took: 0.0000215 seconds
2017-07-28T11:16:44.540+0500: 4884.155: Total time for which application threads were stopped: 0.0000906 seconds, Stopping threads took: 0.0000233 seconds
2017-07-28T11:16:47.541+0500: 4887.156: Total time for which application threads were stopped: 0.0000955 seconds, Stopping threads took: 0.0000246 seconds
2017-07-28T11:16:52.811+0500: 4892.426: Total time for which application threads were stopped: 0.0000739 seconds, Stopping threads took: 0.0000205 seconds
2017-07-28T11:16:52.811+0500: 4892.426: Total time for which application threads were stopped: 0.0000330 seconds, Stopping threads took: 0.0000091 seconds
2017-07-28T11:16:52.811+0500: 4892.426: Total time for which application threads were stopped: 0.0000749 seconds, Stopping threads took: 0.0000079 seconds
2017-07-28T11:16:52.811+0500: 4892.426: Total time for which application threads were stopped: 0.0000314 seconds, Stopping threads took: 0.0000083 seconds
2017-07-28T11:16:52.811+0500: 4892.426: Total time for which application threads were stopped: 0.0001192 seconds, Stopping threads took: 0.0000077 seconds
2017-07-28T11:16:52.822+0500: 4892.437: Total time for which application threads were stopped: 0.0000756 seconds, Stopping threads took: 0.0000132 seconds
2017-07-28T11:16:52.822+0500: 4892.437: Total time for which application threads were stopped: 0.0000340 seconds, Stopping threads took: 0.0000045 seconds
2017-07-28T11:16:52.830+0500: 4892.445: Total time for which application threads were stopped: 0.0000626 seconds, Stopping threads took: 0.0000125 seconds
2017-07-28T11:16:52.830+0500: 4892.445: Total time for which application threads were stopped: 0.0000366 seconds, Stopping threads took: 0.0000042 seconds
2017-07-28T11:16:52.871+0500: 4892.486: Total time for which application threads were stopped: 0.0000691 seconds, Stopping threads took: 0.0000156 seconds
2017-07-28T11:16:52.871+0500: 4892.486: Total time for which application threads were stopped: 0.0000271 seconds, Stopping threads took: 0.0000052 seconds
2017-07-28T11:16:52.872+0500: 4892.487: Total time for which application threads were stopped: 0.0000329 seconds, Stopping threads took: 0.0000074 seconds
2017-07-28T11:16:52.872+0500: 4892.487: Total time for which application threads were stopped: 0.0000300 seconds, Stopping threads took: 0.0000090 seconds
2017-07-28T11:16:52.872+0500: 4892.487: Total time for which application threads were stopped: 0.0000265 seconds, Stopping threads took: 0.0000076 seconds
2017-07-28T11:16:52.872+0500: 4892.487: Total time for which application threads were stopped: 0.0000227 seconds, Stopping threads took: 0.0000033 seconds
2017-07-28T11:16:52.872+0500: 4892.487: Total time for which application threads were stopped: 0.0000202 seconds, Stopping threads took: 0.0000032 seconds
2017-07-28T11:16:52.872+0500: 4892.487: Total time for which application threads were stopped: 0.0000207 seconds, Stopping threads took: 0.0000035 seconds
2017-07-28T11:16:52.873+0500: 4892.487: Total time for which application threads were stopped: 0.0000392 seconds, Stopping threads took: 0.0000153 seconds
2017-07-28T11:16:52.873+0500: 4892.487: Total time for which application threads were stopped: 0.0000212 seconds, Stopping threads took: 0.0000036 seconds
2017-07-28T11:16:52.873+0500: 4892.487: Total time for which application threads were stopped: 0.0000209 seconds, Stopping threads took: 0.0000036 seconds
2017-07-28T11:16:52.873+0500: 4892.488: Total time for which application threads were stopped: 0.0000208 seconds, Stopping threads took: 0.0000033 seconds
2017-07-28T11:16:52.873+0500: 4892.488: Total time for which application threads were stopped: 0.0000202 seconds, Stopping threads took: 0.0000032 seconds
2017-07-28T11:16:52.873+0500: 4892.488: Total time for which application threads were stopped: 0.0000213 seconds, Stopping threads took: 0.0000037 seconds
2017-07-28T11:16:52.873+0500: 4892.488: Total time for which application threads were stopped: 0.0000200 seconds, Stopping threads took: 0.0000033 seconds
2017-07-28T11:16:52.873+0500: 4892.488: Total time for which application threads were stopped: 0.0000216 seconds, Stopping threads took: 0.0000039 seconds
2017-07-28T11:16:52.873+0500: 4892.488: Total time for which application threads were stopped: 0.0000200 seconds, Stopping threads took: 0.0000033 seconds
2017-07-28T11:16:52.873+0500: 4892.488: Total time for which application threads were stopped: 0.0000211 seconds, Stopping threads took: 0.0000036 seconds
2017-07-28T11:16:52.873+0500: 4892.488: Total time for which application threads were stopped: 0.0000208 seconds, Stopping threads took: 0.0000036 seconds
2017-07-28T11:16:52.873+0500: 4892.488: Total time for which application threads were stopped: 0.0000209 seconds, Stopping threads took: 0.0000036 seconds
2017-07-28T11:16:52.894+0500: 4892.509: Total time for which application threads were stopped: 0.0000680 seconds, Stopping threads took: 0.0000184 seconds
2017-07-28T11:16:52.894+0500: 4892.509: Total time for which application threads were stopped: 0.0000267 seconds, Stopping threads took: 0.0000079 seconds
2017-07-28T11:16:52.894+0500: 4892.509: Total time for which application threads were stopped: 0.0000240 seconds, Stopping threads took: 0.0000068 seconds
2017-07-28T11:16:52.900+0500: 4892.514: Total time for which application threads were stopped: 0.0026547 seconds, Stopping threads took: 0.0000199 seconds
2017-07-28T11:16:52.900+0500: 4892.514: Total time for which application threads were stopped: 0.0000443 seconds, Stopping threads took: 0.0000137 seconds
2017-07-28T11:16:52.901+0500: 4892.516: Total time for which application threads were stopped: 0.0000446 seconds, Stopping threads took: 0.0000129 seconds
2017-07-28T11:16:52.905+0500: 4892.520: Total time for which application threads were stopped: 0.0000671 seconds, Stopping threads took: 0.0000185 seconds
2017-07-28T11:16:52.907+0500: 4892.521: Total time for which application threads were stopped: 0.0001740 seconds, Stopping threads took: 0.0000245 seconds
2017-07-28T11:16:52.910+0500: 4892.524: Total time for which application threads were stopped: 0.0000616 seconds, Stopping threads took: 0.0000156 seconds
2017-07-28T11:16:53.910+0500: 4893.525: Total time for which application threads were stopped: 0.0001869 seconds, Stopping threads took: 0.0000452 seconds
2017-07-28T11:16:56.912+0500: 4896.527: Total time for which application threads were stopped: 0.0001809 seconds, Stopping threads took: 0.0000435 seconds
2017-07-28T11:16:58.557+0500: 4898.171: Total time for which application threads were stopped: 0.0000719 seconds, Stopping threads took: 0.0000221 seconds
2017-07-28T11:16:58.559+0500: 4898.174: Total time for which application threads were stopped: 0.0000700 seconds, Stopping threads took: 0.0000210 seconds
2017-07-28T11:16:58.559+0500: 4898.174: Total time for which application threads were stopped: 0.0000339 seconds, Stopping threads took: 0.0000094 seconds
2017-07-28T11:16:58.559+0500: 4898.174: Total time for which application threads were stopped: 0.0000306 seconds, Stopping threads took: 0.0000081 seconds
2017-07-28T11:16:58.559+0500: 4898.174: Total time for which application threads were stopped: 0.0000300 seconds, Stopping threads took: 0.0000078 seconds
2017-07-28T11:16:58.560+0500: 4898.175: Total time for which application threads were stopped: 0.0004735 seconds, Stopping threads took: 0.0000078 seconds
2017-07-28T11:16:58.560+0500: 4898.175: Total time for which application threads were stopped: 0.0000370 seconds, Stopping threads took: 0.0000101 seconds
2017-07-28T11:16:58.560+0500: 4898.175: Total time for which application threads were stopped: 0.0000288 seconds, Stopping threads took: 0.0000078 seconds
2017-07-28T11:16:58.560+0500: 4898.175: Total time for which application threads were stopped: 0.0000277 seconds, Stopping threads took: 0.0000073 seconds
2017-07-28T11:16:58.570+0500: 4898.184: Total time for which application threads were stopped: 0.0001367 seconds, Stopping threads took: 0.0000211 seconds
2017-07-28T11:16:58.570+0500: 4898.185: Total time for which application threads were stopped: 0.0000783 seconds, Stopping threads took: 0.0000130 seconds
2017-07-28T11:16:58.575+0500: 4898.190: Total time for which application threads were stopped: 0.0000675 seconds, Stopping threads took: 0.0000117 seconds
2017-07-28T11:16:58.575+0500: 4898.190: Total time for which application threads were stopped: 0.0000310 seconds, Stopping threads took: 0.0000040 seconds
2017-07-28T11:16:58.588+0500: 4898.203: Total time for which application threads were stopped: 0.0000990 seconds, Stopping threads took: 0.0000133 seconds
2017-07-28T11:16:58.588+0500: 4898.203: Total time for which application threads were stopped: 0.0000273 seconds, Stopping threads took: 0.0000057 seconds
2017-07-28T11:16:58.640+0500: 4898.255: Total time for which application threads were stopped: 0.0002059 seconds, Stopping threads took: 0.0000559 seconds
2017-07-28T11:16:58.641+0500: 4898.256: Total time for which application threads were stopped: 0.0000619 seconds, Stopping threads took: 0.0000184 seconds
2017-07-28T11:16:58.641+0500: 4898.256: Total time for which application threads were stopped: 0.0000357 seconds, Stopping threads took: 0.0000106 seconds
2017-07-28T11:16:58.641+0500: 4898.256: Total time for which application threads were stopped: 0.0000319 seconds, Stopping threads took: 0.0000092 seconds
2017-07-28T11:16:58.642+0500: 4898.256: Total time for which application threads were stopped: 0.0000323 seconds, Stopping threads took: 0.0000083 seconds
2017-07-28T11:16:58.642+0500: 4898.256: Total time for which application threads were stopped: 0.0001191 seconds, Stopping threads took: 0.0000080 seconds
2017-07-28T11:16:58.642+0500: 4898.256: Total time for which application threads were stopped: 0.0000315 seconds, Stopping threads took: 0.0000092 seconds
2017-07-28T11:16:58.642+0500: 4898.257: Total time for which application threads were stopped: 0.0000289 seconds, Stopping threads took: 0.0000081 seconds
2017-07-28T11:16:58.642+0500: 4898.257: Total time for which application threads were stopped: 0.0000291 seconds, Stopping threads took: 0.0000083 seconds
2017-07-28T11:16:58.642+0500: 4898.257: Total time for which application threads were stopped: 0.0000238 seconds, Stopping threads took: 0.0000038 seconds
2017-07-28T11:16:58.642+0500: 4898.257: Total time for which application threads were stopped: 0.0000256 seconds, Stopping threads took: 0.0000043 seconds
2017-07-28T11:16:58.642+0500: 4898.257: Total time for which application threads were stopped: 0.0000304 seconds, Stopping threads took: 0.0000060 seconds
2017-07-28T11:16:58.642+0500: 4898.257: Total time for which application threads were stopped: 0.0000253 seconds, Stopping threads took: 0.0000043 seconds
2017-07-28T11:16:58.644+0500: 4898.259: Total time for which application threads were stopped: 0.0000427 seconds, Stopping threads took: 0.0000127 seconds
2017-07-28T11:16:58.644+0500: 4898.259: Total time for which application threads were stopped: 0.0000566 seconds, Stopping threads took: 0.0000351 seconds
2017-07-28T11:16:58.645+0500: 4898.259: Total time for which application threads were stopped: 0.0000369 seconds, Stopping threads took: 0.0000106 seconds
2017-07-28T11:16:58.645+0500: 4898.259: Total time for which application threads were stopped: 0.0000259 seconds, Stopping threads took: 0.0000075 seconds
2017-07-28T11:16:58.658+0500: 4898.273: Total time for which application threads were stopped: 0.0000701 seconds, Stopping threads took: 0.0000190 seconds
2017-07-28T11:16:58.667+0500: 4898.281: Total time for which application threads were stopped: 0.0000829 seconds, Stopping threads took: 0.0000205 seconds
2017-07-28T11:17:03.944+0500: 4903.559: Total time for which application threads were stopped: 0.0000828 seconds, Stopping threads took: 0.0000126 seconds
2017-07-28T11:17:03.944+0500: 4903.559: Total time for which application threads were stopped: 0.0000351 seconds, Stopping threads took: 0.0000048 seconds
2017-07-28T11:17:03.952+0500: 4903.567: Total time for which application threads were stopped: 0.0000638 seconds, Stopping threads took: 0.0000139 seconds
2017-07-28T11:17:03.952+0500: 4903.567: Total time for which application threads were stopped: 0.0000268 seconds, Stopping threads took: 0.0000049 seconds
2017-07-28T11:17:03.990+0500: 4903.605: Total time for which application threads were stopped: 0.0001296 seconds, Stopping threads took: 0.0000153 seconds
2017-07-28T11:17:03.991+0500: 4903.606: Total time for which application threads were stopped: 0.0000345 seconds, Stopping threads took: 0.0000073 seconds
2017-07-28T11:17:03.991+0500: 4903.606: Total time for which application threads were stopped: 0.0000310 seconds, Stopping threads took: 0.0000068 seconds
2017-07-28T11:17:03.991+0500: 4903.606: Total time for which application threads were stopped: 0.0000238 seconds, Stopping threads took: 0.0000046 seconds
2017-07-28T11:17:03.999+0500: 4903.613: Total time for which application threads were stopped: 0.0000646 seconds, Stopping threads took: 0.0000167 seconds
2017-07-28T11:17:03.999+0500: 4903.613: Total time for which application threads were stopped: 0.0000221 seconds, Stopping threads took: 0.0000038 seconds
2017-07-28T11:17:03.999+0500: 4903.614: Total time for which application threads were stopped: 0.0000204 seconds, Stopping threads took: 0.0000035 seconds
2017-07-28T11:17:03.999+0500: 4903.614: Total time for which application threads were stopped: 0.0000191 seconds, Stopping threads took: 0.0000032 seconds
2017-07-28T11:17:03.999+0500: 4903.614: Total time for which application threads were stopped: 0.0000204 seconds, Stopping threads took: 0.0000035 seconds
2017-07-28T11:17:03.999+0500: 4903.614: Total time for which application threads were stopped: 0.0000202 seconds, Stopping threads took: 0.0000035 seconds
2017-07-28T11:17:03.999+0500: 4903.614: Total time for which application threads were stopped: 0.0000204 seconds, Stopping threads took: 0.0000036 seconds
2017-07-28T11:17:04.008+0500: 4903.623: Total time for which application threads were stopped: 0.0000748 seconds, Stopping threads took: 0.0000216 seconds
2017-07-28T11:17:04.008+0500: 4903.623: Total time for which application threads were stopped: 0.0000574 seconds, Stopping threads took: 0.0000310 seconds
2017-07-28T11:17:04.018+0500: 4903.633: Total time for which application threads were stopped: 0.0000772 seconds, Stopping threads took: 0.0000198 seconds
2017-07-28T11:17:05.025+0500: 4904.640: Total time for which application threads were stopped: 0.0001840 seconds, Stopping threads took: 0.0000443 seconds
2017-07-28T11:17:07.026+0500: 4906.641: Total time for which application threads were stopped: 0.0001102 seconds, Stopping threads took: 0.0000287 seconds
2017-07-28T11:17:12.775+0500: 4912.390: Total time for which application threads were stopped: 0.0001005 seconds, Stopping threads took: 0.0000128 seconds
2017-07-28T11:17:12.775+0500: 4912.390: Total time for which application threads were stopped: 0.0000383 seconds, Stopping threads took: 0.0000057 seconds
2017-07-28T11:17:12.785+0500: 4912.400: Total time for which application threads were stopped: 0.0001298 seconds, Stopping threads took: 0.0000140 seconds
2017-07-28T11:17:12.785+0500: 4912.400: Total time for which application threads were stopped: 0.0000255 seconds, Stopping threads took: 0.0000047 seconds
2017-07-28T11:17:12.908+0500: 4912.523: Total time for which application threads were stopped: 0.0000929 seconds, Stopping threads took: 0.0000204 seconds
2017-07-28T11:17:12.908+0500: 4912.523: Total time for which application threads were stopped: 0.0000312 seconds, Stopping threads took: 0.0000042 seconds
2017-07-28T11:17:12.920+0500: 4912.535: Total time for which application threads were stopped: 0.0000644 seconds, Stopping threads took: 0.0000165 seconds
2017-07-28T11:17:12.922+0500: 4912.537: Total time for which application threads were stopped: 0.0003500 seconds, Stopping threads took: 0.0002382 seconds
2017-07-28T11:17:13.922+0500: 4913.537: Total time for which application threads were stopped: 0.0001869 seconds, Stopping threads took: 0.0000405 seconds
{Heap before GC invocations=23 (full 1):
 par new generation   total 109248K, used 103038K [0x00000000e0000000, 0x00000000e8000000, 0x00000000e8000000)
  eden space 87424K, 100% used [0x00000000e0000000, 0x00000000e5560000, 0x00000000e5560000)
  from space 21824K,  71% used [0x00000000e6ab0000, 0x00000000e79ef848, 0x00000000e8000000)
  to   space 21824K,   0% used [0x00000000e5560000, 0x00000000e5560000, 0x00000000e6ab0000)
 concurrent mark-sweep generation total 393216K, used 23093K [0x00000000e8000000, 0x0000000100000000, 0x0000000100000000)
 Metaspace       used 34535K, capacity 35512K, committed 35736K, reserved 1081344K
  class space    used 4140K, capacity 4418K, committed 4504K, reserved 1048576K
2017-07-28T11:17:14.545+0500: 4914.160: [GC (Allocation Failure) 2017-07-28T11:17:14.545+0500: 4914.160: [ParNew
Desired survivor size 20112992 bytes, new threshold 7 (max 8)
- age   1:    9843216 bytes,    9843216 total
- age   2:    1427520 bytes,   11270736 total
- age   3:      73744 bytes,   11344480 total
- age   4:     102216 bytes,   11446696 total
- age   5:     108480 bytes,   11555176 total
- age   6:    7934832 bytes,   19490008 total
- age   7:    1806152 bytes,   21296160 total
- age   8:     145808 bytes,   21441968 total
: 103038K->21824K(109248K), 0.0458768 secs] 126131K->45453K(502464K), 0.0459415 secs] [Times: user=0.05 sys=0.00, real=0.04 secs] 
Heap after GC invocations=24 (full 1):
 par new generation   total 109248K, used 21824K [0x00000000e0000000, 0x00000000e8000000, 0x00000000e8000000)
  eden space 87424K,   0% used [0x00000000e0000000, 0x00000000e0000000, 0x00000000e5560000)
  from space 21824K, 100% used [0x00000000e5560000, 0x00000000e6ab0000, 0x00000000e6ab0000)
  to   space 21824K,   0% used [0x00000000e6ab0000, 0x00000000e6ab0000, 0x00000000e8000000)
 concurrent mark-sweep generation total 393216K, used 23629K [0x00000000e8000000, 0x0000000100000000, 0x0000000100000000)
 Metaspace       used 34535K, capacity 35512K, committed 35736K, reserved 1081344K
  class space    used 4140K, capacity 4418K, committed 4504K, reserved 1048576K
}
2017-07-28T11:17:14.591+0500: 4914.206: Total time for which application threads were stopped: 0.0460940 seconds, Stopping threads took: 0.0000227 seconds
2017-07-28T11:17:14.597+0500: 4914.212: Total time for which application threads were stopped: 0.0044873 seconds, Stopping threads took: 0.0043726 seconds
{Heap before GC invocations=24 (full 1):
 par new generation   total 109248K, used 109248K [0x00000000e0000000, 0x00000000e8000000, 0x00000000e8000000)
  eden space 87424K, 100% used [0x00000000e0000000, 0x00000000e5560000, 0x00000000e5560000)
  from space 21824K, 100% used [0x00000000e5560000, 0x00000000e6ab0000, 0x00000000e6ab0000)
  to   space 21824K,   0% used [0x00000000e6ab0000, 0x00000000e6ab0000, 0x00000000e8000000)
 concurrent mark-sweep generation total 393216K, used 23629K [0x00000000e8000000, 0x0000000100000000, 0x0000000100000000)
 Metaspace       used 34536K, capacity 35512K, committed 35736K, reserved 1081344K
  class space    used 4140K, capacity 4418K, committed 4504K, reserved 1048576K
2017-07-28T11:17:14.702+0500: 4914.316: [GC (Allocation Failure) 2017-07-28T11:17:14.702+0500: 4914.316: [ParNew
Desired survivor size 20112992 bytes, new threshold 8 (max 8)
- age   1:     242328 bytes,     242328 total
- age   2:    8518864 bytes,    8761192 total
- age   3:    1283504 bytes,   10044696 total
- age   4:      73664 bytes,   10118360 total
- age   5:     101816 bytes,   10220176 total
- age   6:     108080 bytes,   10328256 total
- age   7:    7928648 bytes,   18256904 total
: 109248K->21824K(109248K), 0.0416167 secs] 132877K->47576K(502464K), 0.0417600 secs] [Times: user=0.05 sys=0.00, real=0.04 secs] 
Heap after GC invocations=25 (full 1):
 par new generation   total 109248K, used 21824K [0x00000000e0000000, 0x00000000e8000000, 0x00000000e8000000)
  eden space 87424K,   0% used [0x00000000e0000000, 0x00000000e0000000, 0x00000000e5560000)
  from space 21824K, 100% used [0x00000000e6ab0000, 0x00000000e8000000, 0x00000000e8000000)
  to   space 21824K,   0% used [0x00000000e5560000, 0x00000000e5560000, 0x00000000e6ab0000)
 concurrent mark-sweep generation total 393216K, used 25752K [0x00000000e8000000, 0x0000000100000000, 0x0000000100000000)
 Metaspace       used 34536K, capacity 35512K, committed 35736K, reserved 1081344K
  class space    used 4140K, capacity 4418K, committed 4504K, reserved 1048576K
}
2017-07-28T11:17:14.743+0500: 4914.358: Total time for which application threads were stopped: 0.0419065 seconds, Stopping threads took: 0.0000271 seconds
2017-07-28T11:17:14.934+0500: 4914.549: Total time for which application threads were stopped: 0.0000888 seconds, Stopping threads took: 0.0000201 seconds
{Heap before GC invocations=25 (full 1):
 par new generation   total 109248K, used 109248K [0x00000000e0000000, 0x00000000e8000000, 0x00000000e8000000)
  eden space 87424K, 100% used [0x00000000e0000000, 0x00000000e5560000, 0x00000000e5560000)
  from space 21824K, 100% used [0x00000000e6ab0000, 0x00000000e8000000, 0x00000000e8000000)
  to   space 21824K,   0% used [0x00000000e5560000, 0x00000000e5560000, 0x00000000e6ab0000)
 concurrent mark-sweep generation total 393216K, used 25752K [0x00000000e8000000, 0x0000000100000000, 0x0000000100000000)
 Metaspace       used 34598K, capacity 35582K, committed 35736K, reserved 1081344K
  class space    used 4147K, capacity 4419K, committed 4504K, reserved 1048576K
2017-07-28T11:17:14.950+0500: 4914.565: [GC (Allocation Failure) 2017-07-28T11:17:14.950+0500: 4914.565: [ParNew
Desired survivor size 20112992 bytes, new threshold 8 (max 8)
- age   1:    1366160 bytes,    1366160 total
- age   2:      64048 bytes,    1430208 total
- age   3:    7567224 bytes,    8997432 total
- age   4:    1274704 bytes,   10272136 total
- age   5:      73664 bytes,   10345800 total
- age   6:     101816 bytes,   10447616 total
- age   7:     108080 bytes,   10555696 total
- age   8:    7928648 bytes,   18484344 total
: 109248K->21824K(109248K), 0.0333924 secs] 135000K->47576K(502464K), 0.0334522 secs] [Times: user=0.04 sys=0.00, real=0.04 secs] 
Heap after GC invocations=26 (full 1):
 par new generation   total 109248K, used 21824K [0x00000000e0000000, 0x00000000e8000000, 0x00000000e8000000)
  eden space 87424K,   0% used [0x00000000e0000000, 0x00000000e0000000, 0x00000000e5560000)
  from space 21824K, 100% used [0x00000000e5560000, 0x00000000e6ab0000, 0x00000000e6ab0000)
  to   space 21824K,   0% used [0x00000000e6ab0000, 0x00000000e6ab0000, 0x00000000e8000000)
 concurrent mark-sweep generation total 393216K, used 25752K [0x00000000e8000000, 0x0000000100000000, 0x0000000100000000)
 Metaspace       used 34598K, capacity 35582K, committed 35736K, reserved 1081344K
  class space    used 4147K, capacity 4419K, committed 4504K, reserved 1048576K
}
2017-07-28T11:17:14.984+0500: 4914.598: Total time for which application threads were stopped: 0.0336080 seconds, Stopping threads took: 0.0000193 seconds
2017-07-28T11:17:14.996+0500: 4914.611: Total time for which application threads were stopped: 0.0005094 seconds, Stopping threads took: 0.0004378 seconds
2017-07-28T11:17:15.006+0500: 4914.621: Total time for which application threads were stopped: 0.0000802 seconds, Stopping threads took: 0.0000181 seconds
2017-07-28T11:17:16.007+0500: 4915.621: Total time for which application threads were stopped: 0.0001183 seconds, Stopping threads took: 0.0000302 seconds
2017-07-28T11:17:24.406+0500: 4924.021: Total time for which application threads were stopped: 0.0000740 seconds, Stopping threads took: 0.0000125 seconds
2017-07-28T11:17:24.406+0500: 4924.021: Total time for which application threads were stopped: 0.0000315 seconds, Stopping threads took: 0.0000043 seconds
2017-07-28T11:17:24.415+0500: 4924.030: Total time for which application threads were stopped: 0.0000617 seconds, Stopping threads took: 0.0000130 seconds
2017-07-28T11:17:24.415+0500: 4924.030: Total time for which application threads were stopped: 0.0000244 seconds, Stopping threads took: 0.0000045 seconds
2017-07-28T11:17:24.457+0500: 4924.072: Total time for which application threads were stopped: 0.0000838 seconds, Stopping threads took: 0.0000230 seconds
2017-07-28T11:17:24.458+0500: 4924.072: Total time for which application threads were stopped: 0.0000321 seconds, Stopping threads took: 0.0000086 seconds
2017-07-28T11:17:24.458+0500: 4924.072: Total time for which application threads were stopped: 0.0000293 seconds, Stopping threads took: 0.0000077 seconds
2017-07-28T11:17:24.458+0500: 4924.072: Total time for which application threads were stopped: 0.0000248 seconds, Stopping threads took: 0.0000042 seconds
2017-07-28T11:17:24.458+0500: 4924.072: Total time for which application threads were stopped: 0.0000242 seconds, Stopping threads took: 0.0000040 seconds
2017-07-28T11:17:24.474+0500: 4924.089: Total time for which application threads were stopped: 0.0001067 seconds, Stopping threads took: 0.0000211 seconds
2017-07-28T11:17:24.474+0500: 4924.089: Total time for which application threads were stopped: 0.0000349 seconds, Stopping threads took: 0.0000095 seconds
2017-07-28T11:17:24.474+0500: 4924.089: Total time for which application threads were stopped: 0.0000323 seconds, Stopping threads took: 0.0000084 seconds
2017-07-28T11:17:24.474+0500: 4924.089: Total time for which application threads were stopped: 0.0000310 seconds, Stopping threads took: 0.0000081 seconds
2017-07-28T11:17:24.474+0500: 4924.089: Total time for which application threads were stopped: 0.0000309 seconds, Stopping threads took: 0.0000079 seconds
2017-07-28T11:17:24.474+0500: 4924.089: Total time for which application threads were stopped: 0.0000306 seconds, Stopping threads took: 0.0000079 seconds
2017-07-28T11:17:24.474+0500: 4924.089: Total time for which application threads were stopped: 0.0000310 seconds, Stopping threads took: 0.0000080 seconds
2017-07-28T11:17:24.474+0500: 4924.089: Total time for which application threads were stopped: 0.0000306 seconds, Stopping threads took: 0.0000078 seconds
2017-07-28T11:17:24.491+0500: 4924.105: Total time for which application threads were stopped: 0.0000828 seconds, Stopping threads took: 0.0000235 seconds
2017-07-28T11:17:24.491+0500: 4924.106: Total time for which application threads were stopped: 0.0000333 seconds, Stopping threads took: 0.0000090 seconds
2017-07-28T11:17:24.494+0500: 4924.108: Total time for which application threads were stopped: 0.0000669 seconds, Stopping threads took: 0.0000109 seconds
2017-07-28T11:17:24.494+0500: 4924.108: Total time for which application threads were stopped: 0.0000310 seconds, Stopping threads took: 0.0000042 seconds
2017-07-28T11:17:24.517+0500: 4924.132: Total time for which application threads were stopped: 0.0001212 seconds, Stopping threads took: 0.0000239 seconds
2017-07-28T11:17:24.517+0500: 4924.132: Total time for which application threads were stopped: 0.0000278 seconds, Stopping threads took: 0.0000054 seconds
2017-07-28T11:17:24.535+0500: 4924.150: Total time for which application threads were stopped: 0.0000648 seconds, Stopping threads took: 0.0000139 seconds
{Heap before GC invocations=26 (full 1):
 par new generation   total 109248K, used 109248K [0x00000000e0000000, 0x00000000e8000000, 0x00000000e8000000)
  eden space 87424K, 100% used [0x00000000e0000000, 0x00000000e5560000, 0x00000000e5560000)
  from space 21824K, 100% used [0x00000000e5560000, 0x00000000e6ab0000, 0x00000000e6ab0000)
  to   space 21824K,   0% used [0x00000000e6ab0000, 0x00000000e6ab0000, 0x00000000e8000000)
 concurrent mark-sweep generation total 393216K, used 25752K [0x00000000e8000000, 0x0000000100000000, 0x0000000100000000)
 Metaspace       used 34675K, capacity 35666K, committed 35992K, reserved 1081344K
  class space    used 4155K, capacity 4433K, committed 4504K, reserved 1048576K
2017-07-28T11:17:24.736+0500: 4924.351: [GC (Allocation Failure) 2017-07-28T11:17:24.737+0500: 4924.351: [ParNew
Desired survivor size 20112992 bytes, new threshold 8 (max 8)
- age   1:    3803600 bytes,    3803600 total
- age   2:     870448 bytes,    4674048 total
- age   3:      64048 bytes,    4738096 total
- age   4:    7527376 bytes,   12265472 total
- age   5:    1274704 bytes,   13540176 total
- age   6:      73664 bytes,   13613840 total
- age   7:     101816 bytes,   13715656 total
- age   8:     108080 bytes,   13823736 total
: 109248K->21824K(109248K), 0.0649706 secs] 135000K->55723K(502464K), 0.0650439 secs] [Times: user=0.07 sys=0.00, real=0.07 secs] 
Heap after GC invocations=27 (full 1):
 par new generation   total 109248K, used 21824K [0x00000000e0000000, 0x00000000e8000000, 0x00000000e8000000)
  eden space 87424K,   0% used [0x00000000e0000000, 0x00000000e0000000, 0x00000000e5560000)
  from space 21824K, 100% used [0x00000000e6ab0000, 0x00000000e8000000, 0x00000000e8000000)
  to   space 21824K,   0% used [0x00000000e5560000, 0x00000000e5560000, 0x00000000e6ab0000)
 concurrent mark-sweep generation total 393216K, used 33899K [0x00000000e8000000, 0x0000000100000000, 0x0000000100000000)
 Metaspace       used 34675K, capacity 35666K, committed 35992K, reserved 1081344K
  class space    used 4155K, capacity 4433K, committed 4504K, reserved 1048576K
}
2017-07-28T11:17:24.802+0500: 4924.416: Total time for which application threads were stopped: 0.0651896 seconds, Stopping threads took: 0.0000250 seconds
2017-07-28T11:17:24.813+0500: 4924.428: Total time for which application threads were stopped: 0.0047110 seconds, Stopping threads took: 0.0046125 seconds
2017-07-28T11:17:24.813+0500: 4924.428: Total time for which application threads were stopped: 0.0000569 seconds, Stopping threads took: 0.0000129 seconds
{Heap before GC invocations=27 (full 1):
 par new generation   total 109248K, used 109248K [0x00000000e0000000, 0x00000000e8000000, 0x00000000e8000000)
  eden space 87424K, 100% used [0x00000000e0000000, 0x00000000e5560000, 0x00000000e5560000)
  from space 21824K, 100% used [0x00000000e6ab0000, 0x00000000e8000000, 0x00000000e8000000)
  to   space 21824K,   0% used [0x00000000e5560000, 0x00000000e5560000, 0x00000000e6ab0000)
 concurrent mark-sweep generation total 393216K, used 33899K [0x00000000e8000000, 0x0000000100000000, 0x0000000100000000)
 Metaspace       used 34678K, capacity 35666K, committed 35992K, reserved 1081344K
  class space    used 4155K, capacity 4433K, committed 4504K, reserved 1048576K
2017-07-28T11:17:24.901+0500: 4924.516: [GC (Allocation Failure) 2017-07-28T11:17:24.902+0500: 4924.516: [ParNew
Desired survivor size 20112992 bytes, new threshold 8 (max 8)
- age   1:      92976 bytes,      92976 total
- age   2:    3512272 bytes,    3605248 total
- age   3:     704032 bytes,    4309280 total
- age   4:      64048 bytes,    4373328 total
- age   5:    7527376 bytes,   11900704 total
- age   6:    1274704 bytes,   13175408 total
- age   7:      73664 bytes,   13249072 total
- age   8:     101816 bytes,   13350888 total
: 109248K->15969K(109248K), 0.0375932 secs] 143147K->49977K(502464K), 0.0376565 secs] [Times: user=0.04 sys=0.00, real=0.03 secs] 
Heap after GC invocations=28 (full 1):
 par new generation   total 109248K, used 15969K [0x00000000e0000000, 0x00000000e8000000, 0x00000000e8000000)
  eden space 87424K,   0% used [0x00000000e0000000, 0x00000000e0000000, 0x00000000e5560000)
  from space 21824K,  73% used [0x00000000e5560000, 0x00000000e64f85a0, 0x00000000e6ab0000)
  to   space 21824K,   0% used [0x00000000e6ab0000, 0x00000000e6ab0000, 0x00000000e8000000)
 concurrent mark-sweep generation total 393216K, used 34007K [0x00000000e8000000, 0x0000000100000000, 0x0000000100000000)
 Metaspace       used 34678K, capacity 35666K, committed 35992K, reserved 1081344K
  class space    used 4155K, capacity 4433K, committed 4504K, reserved 1048576K
}
2017-07-28T11:17:24.939+0500: 4924.554: Total time for which application threads were stopped: 0.0378116 seconds, Stopping threads took: 0.0000283 seconds
2017-07-28T11:17:25.082+0500: 4924.697: Total time for which application threads were stopped: 0.0073481 seconds, Stopping threads took: 0.0072405 seconds
2017-07-28T11:17:25.126+0500: 4924.741: Total time for which application threads were stopped: 0.0031335 seconds, Stopping threads took: 0.0030594 seconds
2017-07-28T11:17:25.138+0500: 4924.753: Total time for which application threads were stopped: 0.0001677 seconds, Stopping threads took: 0.0000202 seconds
2017-07-28T11:17:27.139+0500: 4926.754: Total time for which application threads were stopped: 0.0001890 seconds, Stopping threads took: 0.0000494 seconds
2017-07-28T11:17:30.885+0500: 4930.500: Total time for which application threads were stopped: 0.0000766 seconds, Stopping threads took: 0.0000131 seconds
2017-07-28T11:17:30.886+0500: 4930.500: Total time for which application threads were stopped: 0.0000321 seconds, Stopping threads took: 0.0000041 seconds
2017-07-28T11:17:30.889+0500: 4930.504: Total time for which application threads were stopped: 0.0000619 seconds, Stopping threads took: 0.0000141 seconds
2017-07-28T11:17:30.889+0500: 4930.504: Total time for which application threads were stopped: 0.0000230 seconds, Stopping threads took: 0.0000042 seconds
2017-07-28T11:17:30.960+0500: 4930.575: Total time for which application threads were stopped: 0.0000872 seconds, Stopping threads took: 0.0000200 seconds
2017-07-28T11:17:30.960+0500: 4930.575: Total time for which application threads were stopped: 0.0000360 seconds, Stopping threads took: 0.0000098 seconds
2017-07-28T11:17:30.960+0500: 4930.575: Total time for which application threads were stopped: 0.0000319 seconds, Stopping threads took: 0.0000086 seconds
2017-07-28T11:17:30.960+0500: 4930.575: Total time for which application threads were stopped: 0.0000298 seconds, Stopping threads took: 0.0000078 seconds
2017-07-28T11:17:30.960+0500: 4930.575: Total time for which application threads were stopped: 0.0000884 seconds, Stopping threads took: 0.0000076 seconds
2017-07-28T11:17:30.970+0500: 4930.585: Total time for which application threads were stopped: 0.0001143 seconds, Stopping threads took: 0.0000244 seconds
2017-07-28T11:17:30.970+0500: 4930.585: Total time for which application threads were stopped: 0.0000389 seconds, Stopping threads took: 0.0000050 seconds
2017-07-28T11:17:30.985+0500: 4930.599: Total time for which application threads were stopped: 0.0001329 seconds, Stopping threads took: 0.0000153 seconds
2017-07-28T11:17:30.985+0500: 4930.599: Total time for which application threads were stopped: 0.0000658 seconds, Stopping threads took: 0.0000045 seconds
2017-07-28T11:17:30.985+0500: 4930.599: Total time for which application threads were stopped: 0.0000586 seconds, Stopping threads took: 0.0000041 seconds
{Heap before GC invocations=28 (full 1):
 par new generation   total 109248K, used 103393K [0x00000000e0000000, 0x00000000e8000000, 0x00000000e8000000)
  eden space 87424K, 100% used [0x00000000e0000000, 0x00000000e5560000, 0x00000000e5560000)
  from space 21824K,  73% used [0x00000000e5560000, 0x00000000e64f85a0, 0x00000000e6ab0000)
  to   space 21824K,   0% used [0x00000000e6ab0000, 0x00000000e6ab0000, 0x00000000e8000000)
 concurrent mark-sweep generation total 393216K, used 34007K [0x00000000e8000000, 0x0000000100000000, 0x0000000100000000)
 Metaspace       used 34735K, capacity 35740K, committed 35992K, reserved 1081344K
  class space    used 4156K, capacity 4434K, committed 4504K, reserved 1048576K
2017-07-28T11:17:31.121+0500: 4930.736: [GC (Allocation Failure) 2017-07-28T11:17:31.121+0500: 4930.736: [ParNew
Desired survivor size 20112992 bytes, new threshold 8 (max 8)
- age   1:    3900128 bytes,    3900128 total
- age   2:      82400 bytes,    3982528 total
- age   3:    2722496 bytes,    6705024 total
- age   4:     702864 bytes,    7407888 total
- age   5:      64048 bytes,    7471936 total
- age   6:    7526224 bytes,   14998160 total
- age   7:    1274704 bytes,   16272864 total
- age   8:      73664 bytes,   16346528 total
: 103393K->20233K(109248K), 0.0473172 secs] 137401K->54343K(502464K), 0.0473805 secs] [Times: user=0.04 sys=0.00, real=0.04 secs] 
Heap after GC invocations=29 (full 1):
 par new generation   total 109248K, used 20233K [0x00000000e0000000, 0x00000000e8000000, 0x00000000e8000000)
  eden space 87424K,   0% used [0x00000000e0000000, 0x00000000e0000000, 0x00000000e5560000)
  from space 21824K,  92% used [0x00000000e6ab0000, 0x00000000e7e727c0, 0x00000000e8000000)
  to   space 21824K,   0% used [0x00000000e5560000, 0x00000000e5560000, 0x00000000e6ab0000)
 concurrent mark-sweep generation total 393216K, used 34109K [0x00000000e8000000, 0x0000000100000000, 0x0000000100000000)
 Metaspace       used 34735K, capacity 35740K, committed 35992K, reserved 1081344K
  class space    used 4156K, capacity 4434K, committed 4504K, reserved 1048576K
}
2017-07-28T11:17:31.169+0500: 4930.784: Total time for which application threads were stopped: 0.0475809 seconds, Stopping threads took: 0.0000329 seconds
2017-07-28T11:17:31.173+0500: 4930.787: Total time for which application threads were stopped: 0.0014458 seconds, Stopping threads took: 0.0013696 seconds
2017-07-28T11:17:31.173+0500: 4930.788: Total time for which application threads were stopped: 0.0000639 seconds, Stopping threads took: 0.0000278 seconds
{Heap before GC invocations=29 (full 1):
 par new generation   total 109248K, used 107657K [0x00000000e0000000, 0x00000000e8000000, 0x00000000e8000000)
  eden space 87424K, 100% used [0x00000000e0000000, 0x00000000e5560000, 0x00000000e5560000)
  from space 21824K,  92% used [0x00000000e6ab0000, 0x00000000e7e727c0, 0x00000000e8000000)
  to   space 21824K,   0% used [0x00000000e5560000, 0x00000000e5560000, 0x00000000e6ab0000)
 concurrent mark-sweep generation total 393216K, used 34109K [0x00000000e8000000, 0x0000000100000000, 0x0000000100000000)
 Metaspace       used 34736K, capacity 35740K, committed 35992K, reserved 1081344K
  class space    used 4156K, capacity 4434K, committed 4504K, reserved 1048576K
2017-07-28T11:17:31.258+0500: 4930.873: [GC (Allocation Failure) 2017-07-28T11:17:31.258+0500: 4930.873: [ParNew
Desired survivor size 20112992 bytes, new threshold 8 (max 8)
- age   1:     967048 bytes,     967048 total
- age   2:    3468464 bytes,    4435512 total
- age   3:      82400 bytes,    4517912 total
- age   4:    1910096 bytes,    6428008 total
- age   5:     702864 bytes,    7130872 total
- age   6:      64048 bytes,    7194920 total
- age   7:    7526224 bytes,   14721144 total
- age   8:    1274704 bytes,   15995848 total
: 107657K->21824K(109248K), 0.0414248 secs] 141767K->56880K(502464K), 0.0414889 secs] [Times: user=0.04 sys=0.00, real=0.04 secs] 
Heap after GC invocations=30 (full 1):
 par new generation   total 109248K, used 21824K [0x00000000e0000000, 0x00000000e8000000, 0x00000000e8000000)
  eden space 87424K,   0% used [0x00000000e0000000, 0x00000000e0000000, 0x00000000e5560000)
  from space 21824K, 100% used [0x00000000e5560000, 0x00000000e6ab0000, 0x00000000e6ab0000)
  to   space 21824K,   0% used [0x00000000e6ab0000, 0x00000000e6ab0000, 0x00000000e8000000)
 concurrent mark-sweep generation total 393216K, used 35056K [0x00000000e8000000, 0x0000000100000000, 0x0000000100000000)
 Metaspace       used 34736K, capacity 35740K, committed 35992K, reserved 1081344K
  class space    used 4156K, capacity 4434K, committed 4504K, reserved 1048576K
}
2017-07-28T11:17:31.300+0500: 4930.914: Total time for which application threads were stopped: 0.0416425 seconds, Stopping threads took: 0.0000270 seconds
{Heap before GC invocations=30 (full 1):
 par new generation   total 109248K, used 109248K [0x00000000e0000000, 0x00000000e8000000, 0x00000000e8000000)
  eden space 87424K, 100% used [0x00000000e0000000, 0x00000000e5560000, 0x00000000e5560000)
  from space 21824K, 100% used [0x00000000e5560000, 0x00000000e6ab0000, 0x00000000e6ab0000)
  to   space 21824K,   0% used [0x00000000e6ab0000, 0x00000000e6ab0000, 0x00000000e8000000)
 concurrent mark-sweep generation total 393216K, used 35056K [0x00000000e8000000, 0x0000000100000000, 0x0000000100000000)
 Metaspace       used 34738K, capacity 35740K, committed 35992K, reserved 1081344K
  class space    used 4156K, capacity 4434K, committed 4504K, reserved 1048576K
2017-07-28T11:17:31.438+0500: 4931.053: [GC (Allocation Failure) 2017-07-28T11:17:31.438+0500: 4931.053: [ParNew
Desired survivor size 20112992 bytes, new threshold 8 (max 8)
- age   1:     154352 bytes,     154352 total
- age   2:     793656 bytes,     948008 total
- age   3:    3284032 bytes,    4232040 total
- age   4:      82400 bytes,    4314440 total
- age   5:    1910096 bytes,    6224536 total
- age   6:     702864 bytes,    6927400 total
- age   7:      64048 bytes,    6991448 total
- age   8:    7526224 bytes,   14517672 total
: 109248K->18771K(109248K), 0.0398096 secs] 144304K->55083K(502464K), 0.0398750 secs] [Times: user=0.04 sys=0.00, real=0.04 secs] 
Heap after GC invocations=31 (full 1):
 par new generation   total 109248K, used 18771K [0x00000000e0000000, 0x00000000e8000000, 0x00000000e8000000)
  eden space 87424K,   0% used [0x00000000e0000000, 0x00000000e0000000, 0x00000000e5560000)
  from space 21824K,  86% used [0x00000000e6ab0000, 0x00000000e7d04f40, 0x00000000e8000000)
  to   space 21824K,   0% used [0x00000000e5560000, 0x00000000e5560000, 0x00000000e6ab0000)
 concurrent mark-sweep generation total 393216K, used 36311K [0x00000000e8000000, 0x0000000100000000, 0x0000000100000000)
 Metaspace       used 34738K, capacity 35740K, committed 35992K, reserved 1081344K
  class space    used 4156K, capacity 4434K, committed 4504K, reserved 1048576K
}
2017-07-28T11:17:31.478+0500: 4931.093: Total time for which application threads were stopped: 0.0400202 seconds, Stopping threads took: 0.0000222 seconds
2017-07-28T11:17:31.568+0500: 4931.183: Total time for which application threads were stopped: 0.0039967 seconds, Stopping threads took: 0.0038542 seconds
2017-07-28T11:17:31.586+0500: 4931.201: Total time for which application threads were stopped: 0.0001375 seconds, Stopping threads took: 0.0000179 seconds
2017-07-28T11:17:31.596+0500: 4931.211: Total time for which application threads were stopped: 0.0001463 seconds, Stopping threads took: 0.0000520 seconds
2017-07-28T11:17:32.597+0500: 4932.211: Total time for which application threads were stopped: 0.0001938 seconds, Stopping threads took: 0.0000477 seconds
2017-07-28T11:17:40.885+0500: 4940.500: Total time for which application threads were stopped: 0.0001137 seconds, Stopping threads took: 0.0000416 seconds
2017-07-28T11:17:40.885+0500: 4940.500: Total time for which application threads were stopped: 0.0000362 seconds, Stopping threads took: 0.0000049 seconds
2017-07-28T11:17:40.893+0500: 4940.508: Total time for which application threads were stopped: 0.0000622 seconds, Stopping threads took: 0.0000145 seconds
2017-07-28T11:17:40.893+0500: 4940.508: Total time for which application threads were stopped: 0.0000232 seconds, Stopping threads took: 0.0000040 seconds
2017-07-28T11:17:40.941+0500: 4940.556: Total time for which application threads were stopped: 0.0000793 seconds, Stopping threads took: 0.0000203 seconds
2017-07-28T11:17:40.941+0500: 4940.556: Total time for which application threads were stopped: 0.0000322 seconds, Stopping threads took: 0.0000055 seconds
2017-07-28T11:17:40.941+0500: 4940.556: Total time for which application threads were stopped: 0.0000293 seconds, Stopping threads took: 0.0000047 seconds
2017-07-28T11:17:40.942+0500: 4940.556: Total time for which application threads were stopped: 0.0000284 seconds, Stopping threads took: 0.0000045 seconds
2017-07-28T11:17:40.942+0500: 4940.556: Total time for which application threads were stopped: 0.0000286 seconds, Stopping threads took: 0.0000046 seconds
2017-07-28T11:17:40.954+0500: 4940.568: Total time for which application threads were stopped: 0.0000907 seconds, Stopping threads took: 0.0000265 seconds
2017-07-28T11:17:40.954+0500: 4940.569: Total time for which application threads were stopped: 0.0000392 seconds, Stopping threads took: 0.0000104 seconds
2017-07-28T11:17:40.954+0500: 4940.569: Total time for which application threads were stopped: 0.0000312 seconds, Stopping threads took: 0.0000081 seconds
2017-07-28T11:17:40.954+0500: 4940.569: Total time for which application threads were stopped: 0.0000302 seconds, Stopping threads took: 0.0000077 seconds
2017-07-28T11:17:40.954+0500: 4940.569: Total time for which application threads were stopped: 0.0000297 seconds, Stopping threads took: 0.0000075 seconds
2017-07-28T11:17:40.954+0500: 4940.569: Total time for which application threads were stopped: 0.0000302 seconds, Stopping threads took: 0.0000078 seconds
2017-07-28T11:17:40.954+0500: 4940.569: Total time for which application threads were stopped: 0.0000295 seconds, Stopping threads took: 0.0000076 seconds
2017-07-28T11:17:40.954+0500: 4940.569: Total time for which application threads were stopped: 0.0000292 seconds, Stopping threads took: 0.0000075 seconds
2017-07-28T11:17:40.955+0500: 4940.570: Total time for which application threads were stopped: 0.0000398 seconds, Stopping threads took: 0.0000108 seconds
2017-07-28T11:17:40.955+0500: 4940.570: Total time for which application threads were stopped: 0.0000318 seconds, Stopping threads took: 0.0000082 seconds
2017-07-28T11:17:40.962+0500: 4940.577: Total time for which application threads were stopped: 0.0000778 seconds, Stopping threads took: 0.0000135 seconds
2017-07-28T11:17:40.962+0500: 4940.577: Total time for which application threads were stopped: 0.0000354 seconds, Stopping threads took: 0.0000047 seconds
2017-07-28T11:17:40.977+0500: 4940.592: Total time for which application threads were stopped: 0.0000697 seconds, Stopping threads took: 0.0000168 seconds
2017-07-28T11:17:40.978+0500: 4940.593: Total time for which application threads were stopped: 0.0000397 seconds, Stopping threads took: 0.0000082 seconds
{Heap before GC invocations=31 (full 1):
 par new generation   total 109248K, used 106190K [0x00000000e0000000, 0x00000000e8000000, 0x00000000e8000000)
  eden space 87424K,  99% used [0x00000000e0000000, 0x00000000e555ea10, 0x00000000e5560000)
  from space 21824K,  86% used [0x00000000e6ab0000, 0x00000000e7d04f40, 0x00000000e8000000)
  to   space 21824K,   0% used [0x00000000e5560000, 0x00000000e5560000, 0x00000000e6ab0000)
 concurrent mark-sweep generation total 393216K, used 36311K [0x00000000e8000000, 0x0000000100000000, 0x0000000100000000)
 Metaspace       used 34800K, capacity 35868K, committed 35992K, reserved 1081344K
  class space    used 4156K, capacity 4434K, committed 4504K, reserved 1048576K
2017-07-28T11:17:41.184+0500: 4940.799: [GC (Allocation Failure) 2017-07-28T11:17:41.184+0500: 4940.799: [ParNew
Desired survivor size 20112992 bytes, new threshold 8 (max 8)
- age   1:    4592152 bytes,    4592152 total
- age   2:     126376 bytes,    4718528 total
- age   3:     129456 bytes,    4847984 total
- age   4:    3243376 bytes,    8091360 total
- age   5:      82400 bytes,    8173760 total
- age   6:    1909992 bytes,   10083752 total
- age   7:     702864 bytes,   10786616 total
- age   8:      64048 bytes,   10850664 total
: 106190K->13998K(109248K), 0.0428308 secs] 142502K->57912K(502464K), 0.0430104 secs] [Times: user=0.05 sys=0.00, real=0.04 secs] 
Heap after GC invocations=32 (full 1):
 par new generation   total 109248K, used 13998K [0x00000000e0000000, 0x00000000e8000000, 0x00000000e8000000)
  eden space 87424K,   0% used [0x00000000e0000000, 0x00000000e0000000, 0x00000000e5560000)
  from space 21824K,  64% used [0x00000000e5560000, 0x00000000e630bad0, 0x00000000e6ab0000)
  to   space 21824K,   0% used [0x00000000e6ab0000, 0x00000000e6ab0000, 0x00000000e8000000)
 concurrent mark-sweep generation total 393216K, used 43913K [0x00000000e8000000, 0x0000000100000000, 0x0000000100000000)
 Metaspace       used 34800K, capacity 35868K, committed 35992K, reserved 1081344K
  class space    used 4156K, capacity 4434K, committed 4504K, reserved 1048576K
}
2017-07-28T11:17:41.227+0500: 4940.842: Total time for which application threads were stopped: 0.0433622 seconds, Stopping threads took: 0.0000623 seconds
2017-07-28T11:17:41.239+0500: 4940.854: Total time for which application threads were stopped: 0.0059316 seconds, Stopping threads took: 0.0058482 seconds
2017-07-28T11:17:41.239+0500: 4940.854: Total time for which application threads were stopped: 0.0000568 seconds, Stopping threads took: 0.0000074 seconds
{Heap before GC invocations=32 (full 1):
 par new generation   total 109248K, used 101422K [0x00000000e0000000, 0x00000000e8000000, 0x00000000e8000000)
  eden space 87424K, 100% used [0x00000000e0000000, 0x00000000e5560000, 0x00000000e5560000)
  from space 21824K,  64% used [0x00000000e5560000, 0x00000000e630bad0, 0x00000000e6ab0000)
  to   space 21824K,   0% used [0x00000000e6ab0000, 0x00000000e6ab0000, 0x00000000e8000000)
 concurrent mark-sweep generation total 393216K, used 43913K [0x00000000e8000000, 0x0000000100000000, 0x0000000100000000)
 Metaspace       used 34800K, capacity 35868K, committed 35992K, reserved 1081344K
  class space    used 4156K, capacity 4434K, committed 4504K, reserved 1048576K
2017-07-28T11:17:41.321+0500: 4940.936: [GC (Allocation Failure) 2017-07-28T11:17:41.321+0500: 4940.936: [ParNew
Desired survivor size 20112992 bytes, new threshold 8 (max 8)
- age   1:     161512 bytes,     161512 total
- age   2:    4220528 bytes,    4382040 total
- age   3:     126376 bytes,    4508416 total
- age   4:     129456 bytes,    4637872 total
- age   5:    3243376 bytes,    7881248 total
- age   6:      82400 bytes,    7963648 total
- age   7:    1909992 bytes,    9873640 total
- age   8:     702864 bytes,   10576504 total
: 101422K->13988K(109248K), 0.0271082 secs] 145336K->57967K(502464K), 0.0271783 secs] [Times: user=0.02 sys=0.00, real=0.02 secs] 
Heap after GC invocations=33 (full 1):
 par new generation   total 109248K, used 13988K [0x00000000e0000000, 0x00000000e8000000, 0x00000000e8000000)
  eden space 87424K,   0% used [0x00000000e0000000, 0x00000000e0000000, 0x00000000e5560000)
  from space 21824K,  64% used [0x00000000e6ab0000, 0x00000000e78592b0, 0x00000000e8000000)
  to   space 21824K,   0% used [0x00000000e5560000, 0x00000000e5560000, 0x00000000e6ab0000)
 concurrent mark-sweep generation total 393216K, used 43978K [0x00000000e8000000, 0x0000000100000000, 0x0000000100000000)
 Metaspace       used 34800K, capacity 35868K, committed 35992K, reserved 1081344K
  class space    used 4156K, capacity 4434K, committed 4504K, reserved 1048576K
}
2017-07-28T11:17:41.348+0500: 4940.963: Total time for which application threads were stopped: 0.0273574 seconds, Stopping threads took: 0.0000255 seconds
2017-07-28T11:17:42.002+0500: 4941.617: Total time for which application threads were stopped: 0.0004305 seconds, Stopping threads took: 0.0001755 seconds
2017-07-28T11:17:42.082+0500: 4941.697: Total time for which application threads were stopped: 0.0002129 seconds, Stopping threads took: 0.0000225 seconds
2017-07-28T11:17:42.100+0500: 4941.715: Total time for which application threads were stopped: 0.0001481 seconds, Stopping threads took: 0.0000471 seconds
2017-07-28T11:17:43.100+0500: 4942.715: Total time for which application threads were stopped: 0.0002008 seconds, Stopping threads took: 0.0000493 seconds
2017-07-28T11:17:48.103+0500: 4947.718: Total time for which application threads were stopped: 0.0000957 seconds, Stopping threads took: 0.0000347 seconds
2017-07-28T11:17:54.105+0500: 4953.720: Total time for which application threads were stopped: 0.0001176 seconds, Stopping threads took: 0.0000504 seconds
2017-07-28T11:17:57.441+0500: 4957.056: Total time for which application threads were stopped: 0.0001097 seconds, Stopping threads took: 0.0000420 seconds
2017-07-28T11:17:57.452+0500: 4957.067: Total time for which application threads were stopped: 0.0000870 seconds, Stopping threads took: 0.0000195 seconds
2017-07-28T11:17:57.462+0500: 4957.077: Total time for which application threads were stopped: 0.0000893 seconds, Stopping threads took: 0.0000191 seconds
2017-07-28T11:17:57.471+0500: 4957.086: Total time for which application threads were stopped: 0.0000791 seconds, Stopping threads took: 0.0000186 seconds
2017-07-28T11:17:57.471+0500: 4957.086: Total time for which application threads were stopped: 0.0000311 seconds, Stopping threads took: 0.0000060 seconds
2017-07-28T11:17:57.477+0500: 4957.092: Total time for which application threads were stopped: 0.0001431 seconds, Stopping threads took: 0.0000185 seconds
2017-07-28T11:17:57.477+0500: 4957.092: Total time for which application threads were stopped: 0.0000336 seconds, Stopping threads took: 0.0000064 seconds
2017-07-28T11:18:40.979+0500: 5000.594: Total time for which application threads were stopped: 0.0001494 seconds, Stopping threads took: 0.0000506 seconds
2017-07-28T11:18:47.981+0500: 5007.596: Total time for which application threads were stopped: 0.0002059 seconds, Stopping threads took: 0.0000499 seconds
2017-07-28T11:28:54.211+0500: 5613.826: Total time for which application threads were stopped: 0.0002717 seconds, Stopping threads took: 0.0001246 seconds
2017-07-28T11:29:24.221+0500: 5643.836: Total time for which application threads were stopped: 0.0001899 seconds, Stopping threads took: 0.0000504 seconds
2017-07-28T11:41:12.505+0500: 6352.120: Total time for which application threads were stopped: 0.0002173 seconds, Stopping threads took: 0.0000729 seconds
2017-07-28T11:41:17.507+0500: 6357.122: Total time for which application threads were stopped: 0.0000770 seconds, Stopping threads took: 0.0000203 seconds
2017-07-28T11:47:27.670+0500: 6727.284: Total time for which application threads were stopped: 0.0001370 seconds, Stopping threads took: 0.0000520 seconds
2017-07-28T11:50:23.729+0500: 6903.344: Total time for which application threads were stopped: 0.0000924 seconds, Stopping threads took: 0.0000322 seconds
2017-07-28T11:50:53.741+0500: 6933.356: Total time for which application threads were stopped: 0.0002806 seconds, Stopping threads took: 0.0000907 seconds
2017-07-28T11:51:23.762+0500: 6963.377: Total time for which application threads were stopped: 0.0001055 seconds, Stopping threads took: 0.0000351 seconds
2017-07-28T11:53:16.356+0500: 7075.970: Total time for which application threads were stopped: 0.0004457 seconds, Stopping threads took: 0.0000207 seconds
2017-07-28T11:53:16.358+0500: 7075.973: Total time for which application threads were stopped: 0.0000822 seconds, Stopping threads took: 0.0000175 seconds
2017-07-28T11:53:16.396+0500: 7076.011: Total time for which application threads were stopped: 0.0001070 seconds, Stopping threads took: 0.0000438 seconds
2017-07-28T11:53:16.396+0500: 7076.011: Total time for which application threads were stopped: 0.0000376 seconds, Stopping threads took: 0.0000096 seconds
2017-07-28T11:53:16.396+0500: 7076.011: Total time for which application threads were stopped: 0.0000326 seconds, Stopping threads took: 0.0000085 seconds
2017-07-28T11:53:16.453+0500: 7076.068: Total time for which application threads were stopped: 0.0000835 seconds, Stopping threads took: 0.0000222 seconds
2017-07-28T11:53:16.453+0500: 7076.068: Total time for which application threads were stopped: 0.0000357 seconds, Stopping threads took: 0.0000093 seconds
{Heap before GC invocations=33 (full 1):
 par new generation   total 109248K, used 101412K [0x00000000e0000000, 0x00000000e8000000, 0x00000000e8000000)
  eden space 87424K, 100% used [0x00000000e0000000, 0x00000000e5560000, 0x00000000e5560000)
  from space 21824K,  64% used [0x00000000e6ab0000, 0x00000000e78592b0, 0x00000000e8000000)
  to   space 21824K,   0% used [0x00000000e5560000, 0x00000000e5560000, 0x00000000e6ab0000)
 concurrent mark-sweep generation total 393216K, used 43978K [0x00000000e8000000, 0x0000000100000000, 0x0000000100000000)
 Metaspace       used 35991K, capacity 37074K, committed 37144K, reserved 1081344K
  class space    used 4310K, capacity 4615K, committed 4632K, reserved 1048576K
2017-07-28T11:53:16.461+0500: 7076.075: [GC (Allocation Failure) 2017-07-28T11:53:16.461+0500: 7076.075: [ParNew
Desired survivor size 20112992 bytes, new threshold 8 (max 8)
- age   1:    4408976 bytes,    4408976 total
- age   2:      75136 bytes,    4484112 total
- age   3:    3271952 bytes,    7756064 total
- age   4:     126376 bytes,    7882440 total
- age   5:     129456 bytes,    8011896 total
- age   6:    2837520 bytes,   10849416 total
- age   7:      82400 bytes,   10931816 total
- age   8:    1909848 bytes,   12841664 total
: 101412K->14498K(109248K), 0.1019919 secs] 145391K->59169K(502464K), 0.1020791 secs] [Times: user=0.04 sys=0.00, real=0.11 secs] 
Heap after GC invocations=34 (full 1):
 par new generation   total 109248K, used 14498K [0x00000000e0000000, 0x00000000e8000000, 0x00000000e8000000)
  eden space 87424K,   0% used [0x00000000e0000000, 0x00000000e0000000, 0x00000000e5560000)
  from space 21824K,  66% used [0x00000000e5560000, 0x00000000e6388908, 0x00000000e6ab0000)
  to   space 21824K,   0% used [0x00000000e6ab0000, 0x00000000e6ab0000, 0x00000000e8000000)
 concurrent mark-sweep generation total 393216K, used 44671K [0x00000000e8000000, 0x0000000100000000, 0x0000000100000000)
 Metaspace       used 35991K, capacity 37074K, committed 37144K, reserved 1081344K
  class space    used 4310K, capacity 4615K, committed 4632K, reserved 1048576K
}
2017-07-28T11:53:16.563+0500: 7076.177: Total time for which application threads were stopped: 0.1022450 seconds, Stopping threads took: 0.0000289 seconds
2017-07-28T11:53:16.570+0500: 7076.185: Total time for which application threads were stopped: 0.0002097 seconds, Stopping threads took: 0.0001139 seconds
2017-07-28T11:53:16.584+0500: 7076.199: Total time for which application threads were stopped: 0.0001211 seconds, Stopping threads took: 0.0000442 seconds
2017-07-28T11:53:16.609+0500: 7076.224: Total time for which application threads were stopped: 0.0004958 seconds, Stopping threads took: 0.0000340 seconds
2017-07-28T11:53:16.616+0500: 7076.231: Total time for which application threads were stopped: 0.0004485 seconds, Stopping threads took: 0.0000283 seconds
2017-07-28T11:53:16.641+0500: 7076.256: Total time for which application threads were stopped: 0.0001071 seconds, Stopping threads took: 0.0000301 seconds
2017-07-28T11:53:16.676+0500: 7076.291: Total time for which application threads were stopped: 0.0098057 seconds, Stopping threads took: 0.0097231 seconds
2017-07-28T11:53:16.676+0500: 7076.291: Total time for which application threads were stopped: 0.0000392 seconds, Stopping threads took: 0.0000101 seconds
2017-07-28T11:53:16.677+0500: 7076.291: Total time for which application threads were stopped: 0.0000323 seconds, Stopping threads took: 0.0000061 seconds
2017-07-28T11:53:16.677+0500: 7076.292: Total time for which application threads were stopped: 0.0000393 seconds, Stopping threads took: 0.0000051 seconds
2017-07-28T11:53:16.680+0500: 7076.295: Total time for which application threads were stopped: 0.0000572 seconds, Stopping threads took: 0.0000149 seconds
2017-07-28T11:53:17.486+0500: 7077.101: Total time for which application threads were stopped: 0.0000931 seconds, Stopping threads took: 0.0000216 seconds
2017-07-28T11:53:17.486+0500: 7077.101: Total time for which application threads were stopped: 0.0000323 seconds, Stopping threads took: 0.0000082 seconds
2017-07-28T11:53:17.556+0500: 7077.171: Total time for which application threads were stopped: 0.0001563 seconds, Stopping threads took: 0.0000402 seconds
2017-07-28T11:53:17.580+0500: 7077.194: Total time for which application threads were stopped: 0.0000854 seconds, Stopping threads took: 0.0000232 seconds
2017-07-28T11:53:17.580+0500: 7077.195: Total time for which application threads were stopped: 0.0000386 seconds, Stopping threads took: 0.0000100 seconds
2017-07-28T11:53:17.581+0500: 7077.196: Total time for which application threads were stopped: 0.0000531 seconds, Stopping threads took: 0.0000132 seconds
2017-07-28T11:53:17.581+0500: 7077.196: Total time for which application threads were stopped: 0.0000411 seconds, Stopping threads took: 0.0000111 seconds
2017-07-28T11:53:17.645+0500: 7077.260: Total time for which application threads were stopped: 0.0000916 seconds, Stopping threads took: 0.0000202 seconds
2017-07-28T11:53:17.645+0500: 7077.260: Total time for which application threads were stopped: 0.0000366 seconds, Stopping threads took: 0.0000095 seconds
2017-07-28T11:53:17.646+0500: 7077.260: Total time for which application threads were stopped: 0.0001184 seconds, Stopping threads took: 0.0000083 seconds
2017-07-28T11:53:17.652+0500: 7077.267: Total time for which application threads were stopped: 0.0000863 seconds, Stopping threads took: 0.0000204 seconds
2017-07-28T11:54:30.904+0500: 7150.518: Total time for which application threads were stopped: 0.0000961 seconds, Stopping threads took: 0.0000342 seconds
2017-07-28T11:54:30.904+0500: 7150.519: Total time for which application threads were stopped: 0.0000683 seconds, Stopping threads took: 0.0000243 seconds
2017-07-28T11:54:30.938+0500: 7150.552: Total time for which application threads were stopped: 0.0000781 seconds, Stopping threads took: 0.0000175 seconds
2017-07-28T11:54:30.938+0500: 7150.553: Total time for which application threads were stopped: 0.0000398 seconds, Stopping threads took: 0.0000071 seconds
2017-07-28T11:54:30.938+0500: 7150.553: Total time for which application threads were stopped: 0.0000307 seconds, Stopping threads took: 0.0000051 seconds
2017-07-28T11:54:30.938+0500: 7150.553: Total time for which application threads were stopped: 0.0000279 seconds, Stopping threads took: 0.0000044 seconds
2017-07-28T11:54:31.938+0500: 7151.553: Total time for which application threads were stopped: 0.0001011 seconds, Stopping threads took: 0.0000239 seconds
2017-07-28T11:55:20.953+0500: 7200.568: Total time for which application threads were stopped: 0.0001046 seconds, Stopping threads took: 0.0000358 seconds
2017-07-28T11:57:04.994+0500: 7304.608: Total time for which application threads were stopped: 0.0001266 seconds, Stopping threads took: 0.0000359 seconds
2017-07-28T11:57:09.995+0500: 7309.610: Total time for which application threads were stopped: 0.0001177 seconds, Stopping threads took: 0.0000320 seconds
2017-07-28T11:57:10.996+0500: 7310.611: Total time for which application threads were stopped: 0.0001016 seconds, Stopping threads took: 0.0000207 seconds
2017-07-28T11:57:50.007+0500: 7349.622: Total time for which application threads were stopped: 0.0000898 seconds, Stopping threads took: 0.0000320 seconds
2017-07-28T11:57:55.009+0500: 7354.624: Total time for which application threads were stopped: 0.0000803 seconds, Stopping threads took: 0.0000220 seconds
2017-07-28T11:59:32.057+0500: 7451.672: Total time for which application threads were stopped: 0.0000932 seconds, Stopping threads took: 0.0000339 seconds
2017-07-28T11:59:38.059+0500: 7457.674: Total time for which application threads were stopped: 0.0000772 seconds, Stopping threads took: 0.0000206 seconds
2017-07-28T12:00:28.075+0500: 7507.690: Total time for which application threads were stopped: 0.0000817 seconds, Stopping threads took: 0.0000224 seconds
2017-07-28T12:00:29.076+0500: 7508.690: Total time for which application threads were stopped: 0.0001011 seconds, Stopping threads took: 0.0000257 seconds
2017-07-28T12:02:01.108+0500: 7600.723: Total time for which application threads were stopped: 0.0001020 seconds, Stopping threads took: 0.0000287 seconds
2017-07-28T12:02:08.111+0500: 7607.726: Total time for which application threads were stopped: 0.0000907 seconds, Stopping threads took: 0.0000322 seconds
2017-07-28T12:05:39.180+0500: 7818.794: Total time for which application threads were stopped: 0.0002211 seconds, Stopping threads took: 0.0000716 seconds
2017-07-28T12:06:08.189+0500: 7847.804: Total time for which application threads were stopped: 0.0000815 seconds, Stopping threads took: 0.0000209 seconds
2017-07-28T12:06:22.195+0500: 7861.810: Total time for which application threads were stopped: 0.0000761 seconds, Stopping threads took: 0.0000191 seconds
2017-07-28T12:06:27.197+0500: 7866.812: Total time for which application threads were stopped: 0.0000966 seconds, Stopping threads took: 0.0000238 seconds
2017-07-28T12:06:28.614+0500: 7868.229: Total time for which application threads were stopped: 0.0001073 seconds, Stopping threads took: 0.0000214 seconds
2017-07-28T12:06:29.615+0500: 7869.230: Total time for which application threads were stopped: 0.0001982 seconds, Stopping threads took: 0.0000475 seconds
2017-07-28T12:07:01.632+0500: 7901.246: Total time for which application threads were stopped: 0.0001914 seconds, Stopping threads took: 0.0000295 seconds
2017-07-28T12:07:06.633+0500: 7906.248: Total time for which application threads were stopped: 0.0000899 seconds, Stopping threads took: 0.0000232 seconds
2017-07-28T12:07:31.646+0500: 7931.261: Total time for which application threads were stopped: 0.0001872 seconds, Stopping threads took: 0.0001123 seconds
2017-07-28T12:07:54.654+0500: 7954.268: Total time for which application threads were stopped: 0.0001871 seconds, Stopping threads took: 0.0000710 seconds
2017-07-28T12:08:21.662+0500: 7981.277: Total time for which application threads were stopped: 0.0000818 seconds, Stopping threads took: 0.0000216 seconds
2017-07-28T12:08:22.663+0500: 7982.278: Total time for which application threads were stopped: 0.0000808 seconds, Stopping threads took: 0.0000198 seconds
2017-07-28T12:08:27.666+0500: 7987.280: Total time for which application threads were stopped: 0.0002316 seconds, Stopping threads took: 0.0000759 seconds
2017-07-28T12:08:32.668+0500: 7992.283: Total time for which application threads were stopped: 0.0002072 seconds, Stopping threads took: 0.0000483 seconds
2017-07-28T12:09:38.690+0500: 8058.305: Total time for which application threads were stopped: 0.0000922 seconds, Stopping threads took: 0.0000333 seconds
2017-07-28T12:09:43.703+0500: 8063.318: Total time for which application threads were stopped: 0.0001657 seconds, Stopping threads took: 0.0000230 seconds
2017-07-28T12:09:44.703+0500: 8064.318: Total time for which application threads were stopped: 0.0002049 seconds, Stopping threads took: 0.0000499 seconds
2017-07-28T12:11:14.737+0500: 8154.352: Total time for which application threads were stopped: 0.0001956 seconds, Stopping threads took: 0.0000537 seconds
2017-07-28T12:11:28.741+0500: 8168.356: Total time for which application threads were stopped: 0.0000870 seconds, Stopping threads took: 0.0000211 seconds
2017-07-28T12:13:38.798+0500: 8298.413: Total time for which application threads were stopped: 0.0002140 seconds, Stopping threads took: 0.0000516 seconds
2017-07-28T12:14:28.814+0500: 8348.429: Total time for which application threads were stopped: 0.0001064 seconds, Stopping threads took: 0.0000377 seconds
2017-07-28T12:16:04.849+0500: 8444.463: Total time for which application threads were stopped: 0.0000922 seconds, Stopping threads took: 0.0000247 seconds
2017-07-28T12:16:06.850+0500: 8446.465: Total time for which application threads were stopped: 0.0000908 seconds, Stopping threads took: 0.0000248 seconds
2017-07-28T12:16:09.851+0500: 8449.466: Total time for which application threads were stopped: 0.0002052 seconds, Stopping threads took: 0.0000516 seconds
2017-07-28T12:16:17.853+0500: 8457.468: Total time for which application threads were stopped: 0.0001138 seconds, Stopping threads took: 0.0000381 seconds
2017-07-28T12:24:05.865+0500: 8925.479: Total time for which application threads were stopped: 0.0001107 seconds, Stopping threads took: 0.0000283 seconds
2017-07-28T12:24:05.866+0500: 8925.481: Total time for which application threads were stopped: 0.0000652 seconds, Stopping threads took: 0.0000146 seconds
2017-07-28T12:24:05.866+0500: 8925.481: Total time for which application threads were stopped: 0.0000507 seconds, Stopping threads took: 0.0000119 seconds
2017-07-28T12:24:05.867+0500: 8925.482: Total time for which application threads were stopped: 0.0000501 seconds, Stopping threads took: 0.0000119 seconds
2017-07-28T12:24:05.868+0500: 8925.482: Total time for which application threads were stopped: 0.0000506 seconds, Stopping threads took: 0.0000117 seconds
2017-07-28T12:24:05.877+0500: 8925.492: Total time for which application threads were stopped: 0.0000943 seconds, Stopping threads took: 0.0000210 seconds
2017-07-28T12:24:05.878+0500: 8925.492: Total time for which application threads were stopped: 0.0000399 seconds, Stopping threads took: 0.0000103 seconds
2017-07-28T12:24:05.878+0500: 8925.492: Total time for which application threads were stopped: 0.0000329 seconds, Stopping threads took: 0.0000080 seconds
2017-07-28T12:24:05.910+0500: 8925.525: Total time for which application threads were stopped: 0.0000861 seconds, Stopping threads took: 0.0000203 seconds
2017-07-28T12:24:05.910+0500: 8925.525: Total time for which application threads were stopped: 0.0000345 seconds, Stopping threads took: 0.0000087 seconds
2017-07-28T12:24:06.911+0500: 8926.525: Total time for which application threads were stopped: 0.0001266 seconds, Stopping threads took: 0.0000275 seconds
2017-07-28T12:24:07.919+0500: 8927.534: Total time for which application threads were stopped: 0.0000937 seconds, Stopping threads took: 0.0000238 seconds
2017-07-28T12:24:07.920+0500: 8927.535: Total time for which application threads were stopped: 0.0000727 seconds, Stopping threads took: 0.0000175 seconds
2017-07-28T12:24:08.920+0500: 8928.535: Total time for which application threads were stopped: 0.0002154 seconds, Stopping threads took: 0.0000474 seconds
2017-07-28T12:25:02.774+0500: 8982.389: Total time for which application threads were stopped: 0.0000865 seconds, Stopping threads took: 0.0000209 seconds
2017-07-28T12:25:02.805+0500: 8982.420: Total time for which application threads were stopped: 0.0001234 seconds, Stopping threads took: 0.0000495 seconds
2017-07-28T12:25:02.817+0500: 8982.432: Total time for which application threads were stopped: 0.0001302 seconds, Stopping threads took: 0.0000377 seconds
2017-07-28T12:25:04.434+0500: 8984.049: Total time for which application threads were stopped: 0.0002009 seconds, Stopping threads took: 0.0000422 seconds
2017-07-28T12:25:29.918+0500: 9009.533: Total time for which application threads were stopped: 0.0000975 seconds, Stopping threads took: 0.0000262 seconds
2017-07-28T12:25:35.377+0500: 9014.992: Total time for which application threads were stopped: 0.0000892 seconds, Stopping threads took: 0.0000195 seconds
2017-07-28T12:25:35.378+0500: 9014.993: Total time for which application threads were stopped: 0.0000551 seconds, Stopping threads took: 0.0000143 seconds
2017-07-28T12:25:35.378+0500: 9014.993: Total time for which application threads were stopped: 0.0000461 seconds, Stopping threads took: 0.0000111 seconds
2017-07-28T12:25:35.379+0500: 9014.993: Total time for which application threads were stopped: 0.0000414 seconds, Stopping threads took: 0.0000108 seconds
2017-07-28T12:25:35.381+0500: 9014.996: Total time for which application threads were stopped: 0.0000730 seconds, Stopping threads took: 0.0000177 seconds
2017-07-28T12:25:35.381+0500: 9014.996: Total time for which application threads were stopped: 0.0000388 seconds, Stopping threads took: 0.0000101 seconds
2017-07-28T12:25:44.426+0500: 9024.041: Total time for which application threads were stopped: 0.0000878 seconds, Stopping threads took: 0.0000176 seconds
2017-07-28T12:25:44.426+0500: 9024.041: Total time for which application threads were stopped: 0.0000298 seconds, Stopping threads took: 0.0000053 seconds
2017-07-28T12:25:56.514+0500: 9036.128: Total time for which application threads were stopped: 0.0000914 seconds, Stopping threads took: 0.0000281 seconds
2017-07-28T12:26:44.532+0500: 9084.147: Total time for which application threads were stopped: 0.0000901 seconds, Stopping threads took: 0.0000286 seconds
2017-07-28T12:26:56.534+0500: 9096.149: Total time for which application threads were stopped: 0.0000870 seconds, Stopping threads took: 0.0000253 seconds
2017-07-28T12:27:45.549+0500: 9145.164: Total time for which application threads were stopped: 0.0008397 seconds, Stopping threads took: 0.0006841 seconds
2017-07-28T12:40:07.819+0500: 9887.434: Total time for which application threads were stopped: 0.0001049 seconds, Stopping threads took: 0.0000269 seconds
2017-07-28T12:40:36.827+0500: 9916.442: Total time for which application threads were stopped: 0.0001129 seconds, Stopping threads took: 0.0000255 seconds
2017-07-28T12:40:39.833+0500: 9919.448: Total time for which application threads were stopped: 0.0001915 seconds, Stopping threads took: 0.0000475 seconds
2017-07-28T12:44:57.917+0500: 10177.531: Total time for which application threads were stopped: 0.0001110 seconds, Stopping threads took: 0.0000238 seconds
2017-07-28T12:45:00.917+0500: 10180.532: Total time for which application threads were stopped: 0.0001138 seconds, Stopping threads took: 0.0000237 seconds
2017-07-28T12:45:25.406+0500: 10205.020: Total time for which application threads were stopped: 0.0000912 seconds, Stopping threads took: 0.0000178 seconds
2017-07-28T12:45:25.406+0500: 10205.020: Total time for which application threads were stopped: 0.0000414 seconds, Stopping threads took: 0.0000078 seconds
2017-07-28T12:45:25.425+0500: 10205.040: Total time for which application threads were stopped: 0.0000790 seconds, Stopping threads took: 0.0000149 seconds
2017-07-28T12:45:25.426+0500: 10205.040: Total time for which application threads were stopped: 0.0000259 seconds, Stopping threads took: 0.0000044 seconds
2017-07-28T12:45:25.470+0500: 10205.085: Total time for which application threads were stopped: 0.0000886 seconds, Stopping threads took: 0.0000166 seconds
2017-07-28T12:45:25.470+0500: 10205.085: Total time for which application threads were stopped: 0.0000393 seconds, Stopping threads took: 0.0000055 seconds
2017-07-28T12:45:25.470+0500: 10205.085: Total time for which application threads were stopped: 0.0000314 seconds, Stopping threads took: 0.0000043 seconds
2017-07-28T12:45:25.470+0500: 10205.085: Total time for which application threads were stopped: 0.0000288 seconds, Stopping threads took: 0.0000040 seconds
2017-07-28T12:45:25.470+0500: 10205.085: Total time for which application threads were stopped: 0.0000282 seconds, Stopping threads took: 0.0000038 seconds
2017-07-28T12:45:25.470+0500: 10205.085: Total time for which application threads were stopped: 0.0000274 seconds, Stopping threads took: 0.0000037 seconds
2017-07-28T12:45:25.470+0500: 10205.085: Total time for which application threads were stopped: 0.0000287 seconds, Stopping threads took: 0.0000038 seconds
2017-07-28T12:45:25.470+0500: 10205.085: Total time for which application threads were stopped: 0.0000297 seconds, Stopping threads took: 0.0000037 seconds
2017-07-28T12:45:25.470+0500: 10205.085: Total time for which application threads were stopped: 0.0000340 seconds, Stopping threads took: 0.0000048 seconds
2017-07-28T12:45:25.481+0500: 10205.096: Total time for which application threads were stopped: 0.0000908 seconds, Stopping threads took: 0.0000213 seconds
2017-07-28T12:45:25.484+0500: 10205.099: Total time for which application threads were stopped: 0.0000987 seconds, Stopping threads took: 0.0000143 seconds
2017-07-28T12:45:25.484+0500: 10205.099: Total time for which application threads were stopped: 0.0000369 seconds, Stopping threads took: 0.0000087 seconds
2017-07-28T12:45:25.484+0500: 10205.099: Total time for which application threads were stopped: 0.0000320 seconds, Stopping threads took: 0.0000072 seconds
2017-07-28T12:45:25.484+0500: 10205.099: Total time for which application threads were stopped: 0.0000297 seconds, Stopping threads took: 0.0000073 seconds
2017-07-28T12:45:25.484+0500: 10205.099: Total time for which application threads were stopped: 0.0000285 seconds, Stopping threads took: 0.0000067 seconds
2017-07-28T12:45:25.484+0500: 10205.099: Total time for which application threads were stopped: 0.0000287 seconds, Stopping threads took: 0.0000070 seconds
2017-07-28T12:45:25.484+0500: 10205.099: Total time for which application threads were stopped: 0.0000261 seconds, Stopping threads took: 0.0000067 seconds
2017-07-28T12:45:25.484+0500: 10205.099: Total time for which application threads were stopped: 0.0000256 seconds, Stopping threads took: 0.0000067 seconds
2017-07-28T12:45:25.484+0500: 10205.099: Total time for which application threads were stopped: 0.0000271 seconds, Stopping threads took: 0.0000055 seconds
2017-07-28T12:45:25.484+0500: 10205.099: Total time for which application threads were stopped: 0.0000626 seconds, Stopping threads took: 0.0000034 seconds
2017-07-28T12:45:25.484+0500: 10205.099: Total time for which application threads were stopped: 0.0000260 seconds, Stopping threads took: 0.0000038 seconds
2017-07-28T12:45:25.484+0500: 10205.099: Total time for which application threads were stopped: 0.0000262 seconds, Stopping threads took: 0.0000039 seconds
2017-07-28T12:45:25.484+0500: 10205.099: Total time for which application threads were stopped: 0.0000294 seconds, Stopping threads took: 0.0000039 seconds
2017-07-28T12:45:25.485+0500: 10205.099: Total time for which application threads were stopped: 0.0000270 seconds, Stopping threads took: 0.0000034 seconds
2017-07-28T12:45:25.485+0500: 10205.099: Total time for which application threads were stopped: 0.0000248 seconds, Stopping threads took: 0.0000035 seconds
2017-07-28T12:45:25.485+0500: 10205.099: Total time for which application threads were stopped: 0.0000243 seconds, Stopping threads took: 0.0000033 seconds
2017-07-28T12:45:25.485+0500: 10205.099: Total time for which application threads were stopped: 0.0000282 seconds, Stopping threads took: 0.0000037 seconds
2017-07-28T12:45:25.485+0500: 10205.099: Total time for which application threads were stopped: 0.0000271 seconds, Stopping threads took: 0.0000034 seconds
2017-07-28T12:45:25.485+0500: 10205.100: Total time for which application threads were stopped: 0.0001466 seconds, Stopping threads took: 0.0000034 seconds
2017-07-28T12:45:25.493+0500: 10205.108: Total time for which application threads were stopped: 0.0001031 seconds, Stopping threads took: 0.0000216 seconds
2017-07-28T12:45:26.494+0500: 10206.108: Total time for which application threads were stopped: 0.0001903 seconds, Stopping threads took: 0.0000431 seconds
2017-07-28T12:45:32.000+0500: 10211.615: Total time for which application threads were stopped: 0.0001533 seconds, Stopping threads took: 0.0000165 seconds
2017-07-28T12:45:32.001+0500: 10211.616: Total time for which application threads were stopped: 0.0000493 seconds, Stopping threads took: 0.0000090 seconds
2017-07-28T12:45:32.003+0500: 10211.617: Total time for which application threads were stopped: 0.0000492 seconds, Stopping threads took: 0.0000088 seconds
2017-07-28T12:45:32.003+0500: 10211.617: Total time for which application threads were stopped: 0.0000301 seconds, Stopping threads took: 0.0000047 seconds
2017-07-28T12:45:32.003+0500: 10211.617: Total time for which application threads were stopped: 0.0000282 seconds, Stopping threads took: 0.0000044 seconds
2017-07-28T12:45:32.003+0500: 10211.617: Total time for which application threads were stopped: 0.0000273 seconds, Stopping threads took: 0.0000041 seconds
2017-07-28T12:45:32.003+0500: 10211.618: Total time for which application threads were stopped: 0.0000399 seconds, Stopping threads took: 0.0000106 seconds
2017-07-28T12:45:32.003+0500: 10211.618: Total time for which application threads were stopped: 0.0000330 seconds, Stopping threads took: 0.0000083 seconds
2017-07-28T12:45:32.003+0500: 10211.618: Total time for which application threads were stopped: 0.0000312 seconds, Stopping threads took: 0.0000077 seconds
2017-07-28T12:45:32.003+0500: 10211.618: Total time for which application threads were stopped: 0.0000308 seconds, Stopping threads took: 0.0000075 seconds
2017-07-28T12:45:32.003+0500: 10211.618: Total time for which application threads were stopped: 0.0000270 seconds, Stopping threads took: 0.0000040 seconds
2017-07-28T12:45:32.003+0500: 10211.618: Total time for which application threads were stopped: 0.0000279 seconds, Stopping threads took: 0.0000042 seconds
2017-07-28T12:45:32.003+0500: 10211.618: Total time for which application threads were stopped: 0.0000271 seconds, Stopping threads took: 0.0000039 seconds
2017-07-28T12:45:32.003+0500: 10211.618: Total time for which application threads were stopped: 0.0000323 seconds, Stopping threads took: 0.0000055 seconds
2017-07-28T12:45:32.006+0500: 10211.621: Total time for which application threads were stopped: 0.0000804 seconds, Stopping threads took: 0.0000235 seconds
2017-07-28T12:45:32.006+0500: 10211.621: Total time for which application threads were stopped: 0.0000397 seconds, Stopping threads took: 0.0000098 seconds
2017-07-28T12:45:32.012+0500: 10211.627: Total time for which application threads were stopped: 0.0000926 seconds, Stopping threads took: 0.0000156 seconds
2017-07-28T12:45:32.013+0500: 10211.627: Total time for which application threads were stopped: 0.0000381 seconds, Stopping threads took: 0.0000047 seconds
2017-07-28T12:45:32.019+0500: 10211.634: Total time for which application threads were stopped: 0.0000909 seconds, Stopping threads took: 0.0000159 seconds
2017-07-28T12:45:32.019+0500: 10211.634: Total time for which application threads were stopped: 0.0000298 seconds, Stopping threads took: 0.0000059 seconds
2017-07-28T12:45:32.078+0500: 10211.693: Total time for which application threads were stopped: 0.0000840 seconds, Stopping threads took: 0.0000128 seconds
2017-07-28T12:45:32.078+0500: 10211.693: Total time for which application threads were stopped: 0.0000369 seconds, Stopping threads took: 0.0000044 seconds
2017-07-28T12:45:32.084+0500: 10211.699: Total time for which application threads were stopped: 0.0000922 seconds, Stopping threads took: 0.0000173 seconds
2017-07-28T12:45:32.084+0500: 10211.699: Total time for which application threads were stopped: 0.0000247 seconds, Stopping threads took: 0.0000044 seconds
{Heap before GC invocations=34 (full 1):
 par new generation   total 109248K, used 101922K [0x00000000e0000000, 0x00000000e8000000, 0x00000000e8000000)
  eden space 87424K, 100% used [0x00000000e0000000, 0x00000000e5560000, 0x00000000e5560000)
  from space 21824K,  66% used [0x00000000e5560000, 0x00000000e6388908, 0x00000000e6ab0000)
  to   space 21824K,   0% used [0x00000000e6ab0000, 0x00000000e6ab0000, 0x00000000e8000000)
 concurrent mark-sweep generation total 393216K, used 44671K [0x00000000e8000000, 0x0000000100000000, 0x0000000100000000)
 Metaspace       used 36959K, capacity 38056K, committed 38296K, reserved 1083392K
  class space    used 4380K, capacity 4682K, committed 4760K, reserved 1048576K
2017-07-28T12:45:32.292+0500: 10211.906: [GC (Allocation Failure) 2017-07-28T12:45:32.292+0500: 10211.906: [ParNew
Desired survivor size 20112992 bytes, new threshold 8 (max 8)
- age   1:    2614808 bytes,    2614808 total
- age   2:    3452800 bytes,    6067608 total
- age   3:      75136 bytes,    6142744 total
- age   4:    3237280 bytes,    9380024 total
- age   5:     126376 bytes,    9506400 total
- age   6:     129456 bytes,    9635856 total
- age   7:    2762192 bytes,   12398048 total
- age   8:      82400 bytes,   12480448 total
: 101922K->16085K(109248K), 0.0555602 secs] 146593K->62627K(502464K), 0.0556250 secs] [Times: user=0.05 sys=0.00, real=0.06 secs] 
Heap after GC invocations=35 (full 1):
 par new generation   total 109248K, used 16085K [0x00000000e0000000, 0x00000000e8000000, 0x00000000e8000000)
  eden space 87424K,   0% used [0x00000000e0000000, 0x00000000e0000000, 0x00000000e5560000)
  from space 21824K,  73% used [0x00000000e6ab0000, 0x00000000e7a65560, 0x00000000e8000000)
  to   space 21824K,   0% used [0x00000000e5560000, 0x00000000e5560000, 0x00000000e6ab0000)
 concurrent mark-sweep generation total 393216K, used 46541K [0x00000000e8000000, 0x0000000100000000, 0x0000000100000000)
 Metaspace       used 36959K, capacity 38056K, committed 38296K, reserved 1083392K
  class space    used 4380K, capacity 4682K, committed 4760K, reserved 1048576K
}
2017-07-28T12:45:32.347+0500: 10211.962: Total time for which application threads were stopped: 0.0558060 seconds, Stopping threads took: 0.0000253 seconds
2017-07-28T12:45:32.352+0500: 10211.967: Total time for which application threads were stopped: 0.0007799 seconds, Stopping threads took: 0.0006132 seconds
{Heap before GC invocations=35 (full 1):
 par new generation   total 109248K, used 103509K [0x00000000e0000000, 0x00000000e8000000, 0x00000000e8000000)
  eden space 87424K, 100% used [0x00000000e0000000, 0x00000000e5560000, 0x00000000e5560000)
  from space 21824K,  73% used [0x00000000e6ab0000, 0x00000000e7a65560, 0x00000000e8000000)
  to   space 21824K,   0% used [0x00000000e5560000, 0x00000000e5560000, 0x00000000e6ab0000)
 concurrent mark-sweep generation total 393216K, used 46541K [0x00000000e8000000, 0x0000000100000000, 0x0000000100000000)
 Metaspace       used 36959K, capacity 38056K, committed 38296K, reserved 1083392K
  class space    used 4380K, capacity 4682K, committed 4760K, reserved 1048576K
2017-07-28T12:45:32.433+0500: 10212.048: [GC (Allocation Failure) 2017-07-28T12:45:32.433+0500: 10212.048: [ParNew
Desired survivor size 20112992 bytes, new threshold 8 (max 8)
- age   1:     247240 bytes,     247240 total
- age   2:    1948512 bytes,    2195752 total
- age   3:    3255552 bytes,    5451304 total
- age   4:      75136 bytes,    5526440 total
- age   5:    3237088 bytes,    8763528 total
- age   6:     126376 bytes,    8889904 total
- age   7:     129456 bytes,    9019360 total
- age   8:    2760816 bytes,   11780176 total
: 103509K->14502K(109248K), 0.0292797 secs] 150051K->61127K(502464K), 0.0293520 secs] [Times: user=0.03 sys=0.00, real=0.04 secs] 
Heap after GC invocations=36 (full 1):
 par new generation   total 109248K, used 14502K [0x00000000e0000000, 0x00000000e8000000, 0x00000000e8000000)
  eden space 87424K,   0% used [0x00000000e0000000, 0x00000000e0000000, 0x00000000e5560000)
  from space 21824K,  66% used [0x00000000e5560000, 0x00000000e6389b00, 0x00000000e6ab0000)
  to   space 21824K,   0% used [0x00000000e6ab0000, 0x00000000e6ab0000, 0x00000000e8000000)
 concurrent mark-sweep generation total 393216K, used 46624K [0x00000000e8000000, 0x0000000100000000, 0x0000000100000000)
 Metaspace       used 36959K, capacity 38056K, committed 38296K, reserved 1083392K
  class space    used 4380K, capacity 4682K, committed 4760K, reserved 1048576K
}
2017-07-28T12:45:32.462+0500: 10212.077: Total time for which application threads were stopped: 0.0295030 seconds, Stopping threads took: 0.0000232 seconds
2017-07-28T12:45:32.646+0500: 10212.261: Total time for which application threads were stopped: 0.0033371 seconds, Stopping threads took: 0.0032215 seconds
2017-07-28T12:45:32.669+0500: 10212.284: Total time for which application threads were stopped: 0.0001057 seconds, Stopping threads took: 0.0000213 seconds
2017-07-28T12:45:32.678+0500: 10212.293: Total time for which application threads were stopped: 0.0001083 seconds, Stopping threads took: 0.0000215 seconds
2017-07-28T12:46:17.947+0500: 10257.562: Total time for which application threads were stopped: 0.0002289 seconds, Stopping threads took: 0.0000766 seconds
2017-07-28T12:46:18.033+0500: 10257.648: Total time for which application threads were stopped: 0.0001115 seconds, Stopping threads took: 0.0000249 seconds
2017-07-28T12:46:18.035+0500: 10257.650: Total time for which application threads were stopped: 0.0000926 seconds, Stopping threads took: 0.0000111 seconds
2017-07-28T12:46:18.036+0500: 10257.650: Total time for which application threads were stopped: 0.0000373 seconds, Stopping threads took: 0.0000062 seconds
2017-07-28T12:46:18.036+0500: 10257.650: Total time for which application threads were stopped: 0.0000278 seconds, Stopping threads took: 0.0000040 seconds
2017-07-28T12:46:18.036+0500: 10257.651: Total time for which application threads were stopped: 0.0000305 seconds, Stopping threads took: 0.0000047 seconds
2017-07-28T12:46:18.036+0500: 10257.651: Total time for which application threads were stopped: 0.0000265 seconds, Stopping threads took: 0.0000035 seconds
2017-07-28T12:46:18.036+0500: 10257.651: Total time for which application threads were stopped: 0.0000331 seconds, Stopping threads took: 0.0000047 seconds
2017-07-28T12:46:18.061+0500: 10257.676: Total time for which application threads were stopped: 0.0001330 seconds, Stopping threads took: 0.0000224 seconds
2017-07-28T12:46:18.079+0500: 10257.694: Total time for which application threads were stopped: 0.0000842 seconds, Stopping threads took: 0.0000182 seconds
2017-07-28T12:46:18.079+0500: 10257.694: Total time for which application threads were stopped: 0.0000406 seconds, Stopping threads took: 0.0000098 seconds
2017-07-28T12:46:18.079+0500: 10257.694: Total time for which application threads were stopped: 0.0000372 seconds, Stopping threads took: 0.0000088 seconds
2017-07-28T12:46:18.113+0500: 10257.728: Total time for which application threads were stopped: 0.0002904 seconds, Stopping threads took: 0.0000978 seconds
2017-07-28T12:46:18.150+0500: 10257.765: Total time for which application threads were stopped: 0.0044941 seconds, Stopping threads took: 0.0000185 seconds
2017-07-28T12:46:18.150+0500: 10257.765: Total time for which application threads were stopped: 0.0000440 seconds, Stopping threads took: 0.0000104 seconds
2017-07-28T12:46:18.151+0500: 10257.765: Total time for which application threads were stopped: 0.0000444 seconds, Stopping threads took: 0.0000082 seconds
2017-07-28T12:46:18.151+0500: 10257.765: Total time for which application threads were stopped: 0.0000474 seconds, Stopping threads took: 0.0000076 seconds
2017-07-28T12:46:19.152+0500: 10258.767: Total time for which application threads were stopped: 0.0002156 seconds, Stopping threads took: 0.0000518 seconds
2017-07-28T12:46:32.084+0500: 10271.699: Total time for which application threads were stopped: 0.0001076 seconds, Stopping threads took: 0.0000214 seconds
2017-07-28T12:47:00.478+0500: 10300.093: Total time for which application threads were stopped: 0.0002405 seconds, Stopping threads took: 0.0000432 seconds
2017-07-28T12:47:00.479+0500: 10300.094: Total time for which application threads were stopped: 0.0002407 seconds, Stopping threads took: 0.0000334 seconds
2017-07-28T12:47:00.479+0500: 10300.094: Total time for which application threads were stopped: 0.0000472 seconds, Stopping threads took: 0.0000091 seconds
2017-07-28T12:47:00.480+0500: 10300.095: Total time for which application threads were stopped: 0.0000596 seconds, Stopping threads took: 0.0000133 seconds
2017-07-28T12:47:00.493+0500: 10300.108: Total time for which application threads were stopped: 0.0000933 seconds, Stopping threads took: 0.0000246 seconds
2017-07-28T12:47:00.497+0500: 10300.112: Total time for which application threads were stopped: 0.0001107 seconds, Stopping threads took: 0.0000238 seconds
2017-07-28T12:47:00.522+0500: 10300.137: Total time for which application threads were stopped: 0.0000892 seconds, Stopping threads took: 0.0000238 seconds
2017-07-28T12:47:00.522+0500: 10300.137: Total time for which application threads were stopped: 0.0000356 seconds, Stopping threads took: 0.0000086 seconds
2017-07-28T12:47:00.561+0500: 10300.176: Total time for which application threads were stopped: 0.0001028 seconds, Stopping threads took: 0.0000249 seconds
2017-07-28T12:47:00.561+0500: 10300.176: Total time for which application threads were stopped: 0.0002642 seconds, Stopping threads took: 0.0000354 seconds
2017-07-28T12:47:00.564+0500: 10300.179: Total time for which application threads were stopped: 0.0000713 seconds, Stopping threads took: 0.0000187 seconds
2017-07-28T12:47:12.204+0500: 10311.819: Total time for which application threads were stopped: 0.0000822 seconds, Stopping threads took: 0.0000185 seconds
2017-07-28T12:47:12.348+0500: 10311.963: Total time for which application threads were stopped: 0.0000982 seconds, Stopping threads took: 0.0000219 seconds
2017-07-28T12:47:12.348+0500: 10311.963: Total time for which application threads were stopped: 0.0000487 seconds, Stopping threads took: 0.0000126 seconds
2017-07-28T12:47:12.349+0500: 10311.963: Total time for which application threads were stopped: 0.0000468 seconds, Stopping threads took: 0.0000110 seconds
2017-07-28T12:47:12.349+0500: 10311.964: Total time for which application threads were stopped: 0.0000491 seconds, Stopping threads took: 0.0000119 seconds
2017-07-28T12:47:12.349+0500: 10311.964: Total time for which application threads were stopped: 0.0000396 seconds, Stopping threads took: 0.0000095 seconds
2017-07-28T12:47:12.349+0500: 10311.964: Total time for which application threads were stopped: 0.0000375 seconds, Stopping threads took: 0.0000086 seconds
2017-07-28T12:47:21.341+0500: 10320.956: Total time for which application threads were stopped: 0.0002702 seconds, Stopping threads took: 0.0000772 seconds
2017-07-28T12:47:21.349+0500: 10320.964: Total time for which application threads were stopped: 0.0001347 seconds, Stopping threads took: 0.0000370 seconds
2017-07-28T12:47:21.349+0500: 10320.964: Total time for which application threads were stopped: 0.0000567 seconds, Stopping threads took: 0.0000132 seconds
2017-07-28T12:47:22.350+0500: 10321.965: Total time for which application threads were stopped: 0.0001254 seconds, Stopping threads took: 0.0000206 seconds
2017-07-28T12:48:01.365+0500: 10360.980: Total time for which application threads were stopped: 0.0000916 seconds, Stopping threads took: 0.0000220 seconds
2017-07-28T12:48:05.367+0500: 10364.982: Total time for which application threads were stopped: 0.0000908 seconds, Stopping threads took: 0.0000197 seconds
{Heap before GC invocations=36 (full 1):
 par new generation   total 109248K, used 101926K [0x00000000e0000000, 0x00000000e8000000, 0x00000000e8000000)
  eden space 87424K, 100% used [0x00000000e0000000, 0x00000000e5560000, 0x00000000e5560000)
  from space 21824K,  66% used [0x00000000e5560000, 0x00000000e6389b00, 0x00000000e6ab0000)
  to   space 21824K,   0% used [0x00000000e6ab0000, 0x00000000e6ab0000, 0x00000000e8000000)
 concurrent mark-sweep generation total 393216K, used 46624K [0x00000000e8000000, 0x0000000100000000, 0x0000000100000000)
 Metaspace       used 37094K, capacity 38198K, committed 38552K, reserved 1083392K
  class space    used 4381K, capacity 4683K, committed 4760K, reserved 1048576K
2017-07-28T12:48:15.717+0500: 10375.332: [GC (Allocation Failure) 2017-07-28T12:48:15.717+0500: 10375.332: [ParNew
Desired survivor size 20112992 bytes, new threshold 8 (max 8)
- age   1:    3240696 bytes,    3240696 total
- age   2:      74648 bytes,    3315344 total
- age   3:    1155448 bytes,    4470792 total
- age   4:    3253992 bytes,    7724784 total
- age   5:      75136 bytes,    7799920 total
- age   6:    3237088 bytes,   11037008 total
- age   7:     126376 bytes,   11163384 total
- age   8:     129456 bytes,   11292840 total
: 101926K->18271K(109248K), 0.0923298 secs] 148551K->67600K(502464K), 0.0923834 secs] [Times: user=0.05 sys=0.00, real=0.09 secs] 
Heap after GC invocations=37 (full 1):
 par new generation   total 109248K, used 18271K [0x00000000e0000000, 0x00000000e8000000, 0x00000000e8000000)
  eden space 87424K,   0% used [0x00000000e0000000, 0x00000000e0000000, 0x00000000e5560000)
  from space 21824K,  83% used [0x00000000e6ab0000, 0x00000000e7c87e90, 0x00000000e8000000)
  to   space 21824K,   0% used [0x00000000e5560000, 0x00000000e5560000, 0x00000000e6ab0000)
 concurrent mark-sweep generation total 393216K, used 49328K [0x00000000e8000000, 0x0000000100000000, 0x0000000100000000)
 Metaspace       used 37094K, capacity 38198K, committed 38552K, reserved 1083392K
  class space    used 4381K, capacity 4683K, committed 4760K, reserved 1048576K
}
2017-07-28T12:48:15.810+0500: 10375.424: Total time for which application threads were stopped: 0.0925480 seconds, Stopping threads took: 0.0000181 seconds
2017-07-28T12:48:15.817+0500: 10375.432: Total time for which application threads were stopped: 0.0000750 seconds, Stopping threads took: 0.0000175 seconds
2017-07-28T12:48:51.830+0500: 10411.445: Total time for which application threads were stopped: 0.0000928 seconds, Stopping threads took: 0.0000229 seconds
2017-07-28T12:49:36.073+0500: 10455.688: Total time for which application threads were stopped: 0.0000859 seconds, Stopping threads took: 0.0000218 seconds
2017-07-28T12:49:37.073+0500: 10456.688: Total time for which application threads were stopped: 0.0002704 seconds, Stopping threads took: 0.0000468 seconds
2017-07-28T12:49:44.579+0500: 10464.194: Total time for which application threads were stopped: 0.0000933 seconds, Stopping threads took: 0.0000258 seconds
2017-07-28T12:49:44.580+0500: 10464.195: Total time for which application threads were stopped: 0.0000569 seconds, Stopping threads took: 0.0000135 seconds
2017-07-28T12:49:44.696+0500: 10464.310: Total time for which application threads were stopped: 0.0000921 seconds, Stopping threads took: 0.0000212 seconds
2017-07-28T12:49:44.698+0500: 10464.313: Total time for which application threads were stopped: 0.0000967 seconds, Stopping threads took: 0.0000315 seconds
2017-07-28T12:49:44.698+0500: 10464.313: Total time for which application threads were stopped: 0.0000425 seconds, Stopping threads took: 0.0000101 seconds
2017-07-28T12:49:48.199+0500: 10467.814: Total time for which application threads were stopped: 0.0001686 seconds, Stopping threads took: 0.0000436 seconds
2017-07-28T12:49:48.209+0500: 10467.824: Total time for which application threads were stopped: 0.0001872 seconds, Stopping threads took: 0.0000516 seconds
2017-07-28T12:49:48.210+0500: 10467.824: Total time for which application threads were stopped: 0.0001286 seconds, Stopping threads took: 0.0000221 seconds
2017-07-28T12:50:15.217+0500: 10494.832: Total time for which application threads were stopped: 0.0003280 seconds, Stopping threads took: 0.0000487 seconds
2017-07-28T12:54:26.303+0500: 10745.917: Total time for which application threads were stopped: 0.0002119 seconds, Stopping threads took: 0.0000518 seconds
2017-07-28T12:54:40.306+0500: 10759.921: Total time for which application threads were stopped: 0.0000830 seconds, Stopping threads took: 0.0000229 seconds
2017-07-28T12:55:14.321+0500: 10793.935: Total time for which application threads were stopped: 0.0000994 seconds, Stopping threads took: 0.0000265 seconds
2017-07-28T12:58:30.390+0500: 10990.004: Total time for which application threads were stopped: 0.0001048 seconds, Stopping threads took: 0.0000261 seconds
2017-07-28T12:58:48.395+0500: 11008.010: Total time for which application threads were stopped: 0.0001052 seconds, Stopping threads took: 0.0000260 seconds
2017-07-28T13:01:20.460+0500: 11160.074: Total time for which application threads were stopped: 0.0002067 seconds, Stopping threads took: 0.0000525 seconds
2017-07-28T13:01:57.475+0500: 11197.090: Total time for which application threads were stopped: 0.0002346 seconds, Stopping threads took: 0.0000807 seconds
2017-07-28T13:03:36.520+0500: 11296.135: Total time for which application threads were stopped: 0.0000865 seconds, Stopping threads took: 0.0000230 seconds
2017-07-28T13:03:38.521+0500: 11298.136: Total time for which application threads were stopped: 0.0002978 seconds, Stopping threads took: 0.0000490 seconds
2017-07-28T13:04:02.529+0500: 11322.143: Total time for which application threads were stopped: 0.0000941 seconds, Stopping threads took: 0.0000243 seconds
2017-07-28T13:04:04.530+0500: 11324.145: Total time for which application threads were stopped: 0.0002168 seconds, Stopping threads took: 0.0000493 seconds
2017-07-28T13:04:43.547+0500: 11363.161: Total time for which application threads were stopped: 0.0000810 seconds, Stopping threads took: 0.0000203 seconds
2017-07-28T13:04:44.547+0500: 11364.162: Total time for which application threads were stopped: 0.0002513 seconds, Stopping threads took: 0.0000678 seconds
2017-07-28T13:04:45.548+0500: 11365.162: Total time for which application threads were stopped: 0.0001936 seconds, Stopping threads took: 0.0000484 seconds
2017-07-28T13:06:35.585+0500: 11475.200: Total time for which application threads were stopped: 0.0000919 seconds, Stopping threads took: 0.0000236 seconds
2017-07-28T13:07:59.631+0500: 11559.245: Total time for which application threads were stopped: 0.0000880 seconds, Stopping threads took: 0.0000237 seconds
2017-07-28T13:08:01.631+0500: 11561.246: Total time for which application threads were stopped: 0.0002367 seconds, Stopping threads took: 0.0000521 seconds
2017-07-28T13:11:44.774+0500: 11784.388: Total time for which application threads were stopped: 0.0001877 seconds, Stopping threads took: 0.0000307 seconds
2017-07-28T13:11:45.774+0500: 11785.389: Total time for which application threads were stopped: 0.0002758 seconds, Stopping threads took: 0.0000582 seconds
2017-07-28T13:11:47.775+0500: 11787.390: Total time for which application threads were stopped: 0.0002079 seconds, Stopping threads took: 0.0000486 seconds
2017-07-28T13:12:12.788+0500: 11812.402: Total time for which application threads were stopped: 0.0000852 seconds, Stopping threads took: 0.0000211 seconds
2017-07-28T13:12:14.789+0500: 11814.404: Total time for which application threads were stopped: 0.0002215 seconds, Stopping threads took: 0.0000546 seconds
2017-07-28T13:13:40.825+0500: 11900.440: Total time for which application threads were stopped: 0.0001061 seconds, Stopping threads took: 0.0000276 seconds
2017-07-28T13:13:41.825+0500: 11901.440: Total time for which application threads were stopped: 0.0002113 seconds, Stopping threads took: 0.0000529 seconds
2017-07-28T13:16:09.893+0500: 12049.507: Total time for which application threads were stopped: 0.0001048 seconds, Stopping threads took: 0.0000260 seconds
2017-07-28T13:16:14.893+0500: 12054.508: Total time for which application threads were stopped: 0.0001906 seconds, Stopping threads took: 0.0000479 seconds
2017-07-28T13:17:02.905+0500: 12102.519: Total time for which application threads were stopped: 0.0000887 seconds, Stopping threads took: 0.0000229 seconds
2017-07-28T13:17:04.906+0500: 12104.521: Total time for which application threads were stopped: 0.0001481 seconds, Stopping threads took: 0.0000374 seconds
2017-07-28T13:18:08.928+0500: 12168.543: Total time for which application threads were stopped: 0.0001026 seconds, Stopping threads took: 0.0000394 seconds
2017-07-28T13:18:40.940+0500: 12200.555: Total time for which application threads were stopped: 0.0002298 seconds, Stopping threads took: 0.0000596 seconds
2017-07-28T13:19:18.951+0500: 12238.566: Total time for which application threads were stopped: 0.0002350 seconds, Stopping threads took: 0.0000810 seconds
2017-07-28T13:21:04.991+0500: 12344.606: Total time for which application threads were stopped: 0.0000846 seconds, Stopping threads took: 0.0000217 seconds
2017-07-28T13:21:47.011+0500: 12386.626: Total time for which application threads were stopped: 0.0001200 seconds, Stopping threads took: 0.0000271 seconds
2017-07-28T13:22:07.019+0500: 12406.633: Total time for which application threads were stopped: 0.0001126 seconds, Stopping threads took: 0.0000391 